08-16 23:58:58.854 D/InsetsSourceProvider( 1501): updateControlForTarget: control=InsetsSourceControl: {5fa10001 mType=navigationBars initiallyVisible mSurfacePosition=Point(0, 2205) mInsetsHint=Insets{left=0, top=0, right=0, bottom=135}}, target=Window{7da0776 u0 com.google.android.gms/com.google.android.gms.signin.activity.SignInActivity}, from=com.android.server.wm.InsetsStateController.onControlTargetChanged:81 com.android.server.wm.InsetsPolicy.updateBarControlTarget:176 com.android.server.wm.DisplayPolicy.updateSystemBarAttributes:281 com.android.server.wm.WindowManagerService.updateFocusedWindowLocked:375 com.android.server.wm.ActivityTaskManagerService.setLastResumedActivityUncheckLocked:264 
08-16 23:58:58.857 D/InsetsSourceProvider( 1501): updateControlForTarget: control=InsetsSourceControl: {566a0000 mType=statusBars initiallyVisible mSurfacePosition=Point(0, 0) mInsetsHint=Insets{left=0, top=80, right=0, bottom=0}}, target=Window{7da0776 u0 com.google.android.gms/com.google.android.gms.signin.activity.SignInActivity}, from=com.android.server.wm.InsetsStateController.onControlTargetChanged:81 com.android.server.wm.InsetsPolicy.updateBarControlTarget:163 com.android.server.wm.DisplayPolicy.updateSystemBarAttributes:281 com.android.server.wm.WindowManagerService.updateFocusedWindowLocked:375 com.android.server.wm.ActivityTaskManagerService.setLastResumedActivityUncheckLocked:264 
08-16 23:58:58.857 V/SystemKeyManager( 1501): updateFocusedWindow() is called, com.google.android.gms/com.google.android.gms.signin.activity.SignInActivity
08-16 23:58:58.858 D/ActivityTaskManager( 1501): scheduleTopResumedActivityChanged, onTop=true, r=ActivityRecord{b1463b4 u0 com.google.android.gms/.signin.activity.SignInActivity t271}, caller=com.android.server.wm.ActivityTaskSupervisor.updateTopResumedActivityIfNeeded:62 com.android.server.wm.TaskFragment.setResumedActivity:29 com.android.server.wm.ActivityRecord.setState:104 com.android.server.wm.TaskFragment.resumeTopActivity:1800 com.android.server.wm.Task.resumeTopActivityInnerLocked:98 com.android.server.wm.Task.resumeTopActivityUncheckedLocked:23 
08-16 23:58:58.870 I/InsetsSourceConsumer(11994): applyRequestedVisibilityToControl: visible=true, type=navigationBars, host=com.google.android.gms/com.google.android.gms.signin.activity.SignInActivity
08-16 23:58:58.871 I/InsetsSourceConsumer(11994): applyRequestedVisibilityToControl: visible=true, type=statusBars, host=com.google.android.gms/com.google.android.gms.signin.activity.SignInActivity
08-16 23:58:58.880 D/SurfaceComposerClient( 1501): Transaction::apply InputWindowCommands.focusRequests timestamp=8596386780511, windowName=7da0776 com.google.android.gms/com.google.android.gms.signin.activity.SignInActivity
08-16 23:58:58.883 D/WindowManager( 1501): updateSystemBarAttributes: displayId=0, focusedCanBeNavColorWin=false, win=Window{7da0776 u0 com.google.android.gms/com.google.android.gms.signin.activity.SignInActivity}, navColorWin=Window{dc4f8d9 u0 com.google.android.gms/com.google.android.gms.common.api.GoogleApiActivity}, caller=com.android.server.wm.DisplayPolicy.finishPostLayoutPolicyLw:17 com.android.server.wm.RootWindowContainer.applySurfaceChangesTransaction$1:194 com.android.server.wm.RootWindowContainer.performSurfacePlacementNoTrace:59 
08-16 23:58:58.885 D/SurfaceFlinger(  966):        DEVICE |   0xb400007c6c184800 | 0001 | RGBA_8888    |    0.0    0.0 1080.0 2340.0 |    0    0 1080 2340 | com.ballerbizoy.ballerai/com.google.[...]nternal.SignInHubActivity$_9856#3058 (1)
08-16 23:58:58.891 D/SurfaceFlinger(  966): Focus addInputWindowCommands timestamp=8596386780511, windowName=7da0776 com.google.android.gms/com.google.android.gms.signin.activity.SignInActivity
08-16 23:58:58.894 D/SurfaceFlinger(  966): updateWinowInfo=1, setFocusedWindow timestamp=8596386780511, windowName=7da0776 com.google.android.gms/com.google.android.gms.signin.activity.SignInActivity
08-16 23:58:58.895 D/InputDispatcher( 1501): Once focus requested (0): 7da0776 com.google.android.gms/com.google.android.gms.signin.activity.SignInActivity
08-16 23:58:58.895 D/InputDispatcher( 1501): Focus entered window (0): 7da0776 com.google.android.gms/com.google.android.gms.signin.activity.SignInActivity
08-16 23:58:58.897 D/VRI[SignInActivity]@264be55(11994): mThreadedRenderer.initializeIfNeeded()#2 mSurface={isValid=true 0xb400007a9214e000}
08-16 23:58:58.909 D/InsetsSourceProvider( 1501): updateControlForTarget: control=InsetsSourceControl: {3 mType=ime mSurfacePosition=Point(0, 80) mInsetsHint=Insets{left=0, top=0, right=0, bottom=1008}}, target=Window{7da0776 u0 com.google.android.gms/com.google.android.gms.signin.activity.SignInActivity}, from=com.android.server.wm.ImeInsetsSourceProvider.updateControlForTarget:17 com.android.server.wm.InsetsStateController.onControlTargetChanged:81 com.android.server.wm.DisplayContent.updateImeControlTarget:21 com.android.server.wm.DisplayContent.updateImeInputAndControlTarget:81 com.android.server.wm.WindowManagerService$LocalService.updateInputMethodTargetWindow:21 
08-16 23:58:58.914 I/InsetsSourceConsumer(11994): applyRequestedVisibilityToControl: visible=false, type=ime, host=com.google.android.gms/com.google.android.gms.signin.activity.SignInActivity
08-16 23:58:59.022 V/WindowManager( 1501): Collecting in transition 296: ActivityRecord{b1463b4 u0 com.google.android.gms/.signin.activity.SignInActivity t271 f}}, caller=com.android.server.wm.Transition.collectExistenceChange:42 com.android.server.wm.Transition.collectClose:7 com.android.server.wm.ActivityRecord.finishIfPossible:41 com.android.server.wm.ActivityClientController.finishActivity:225 android.app.IActivityClientController$Stub.onTransact:822 
08-16 23:58:59.022 D/WindowManager( 1501): prepareSync <SYNC_STATE_WAITING_FOR_DRAW>, mPrepareSyncSeqId=0, win=Window{7da0776 u0 com.google.android.gms/com.google.android.gms.signin.activity.SignInActivity}
08-16 23:58:59.022 V/WindowManager( 1501): Collecting in transition 296: ActivityRecord{b1463b4 u0 com.google.android.gms/.signin.activity.SignInActivity t271 f}}, caller=com.android.server.wm.TransitionController.collect:7 com.android.server.wm.ActivityRecord.setVisibility:189 com.android.server.wm.ActivityRecord.finishIfPossible:82 com.android.server.wm.ActivityClientController.finishActivity:225 android.app.IActivityClientController$Stub.onTransact:822 
08-16 23:58:59.023 D/ActivityTaskManager( 1501): scheduleTopResumedActivityChanged, onTop=false, r=ActivityRecord{b1463b4 u0 com.google.android.gms/.signin.activity.SignInActivity t271 f}}, caller=com.android.server.wm.ActivityTaskSupervisor.scheduleTopResumedActivityStateLossIfNeeded:11 com.android.server.wm.ActivityTaskSupervisor.updateTopResumedActivityIfNeeded:19 com.android.server.wm.TaskFragment.setResumedActivity:29 com.android.server.wm.ActivityRecord.setState:95 com.android.server.wm.TaskFragment.startPausing$1:210 com.android.server.wm.ActivityRecord.finishIfPossible:89 
08-16 23:58:59.030 D/WindowManager( 1501): Changing focus from Window{7da0776 u0 com.google.android.gms/com.google.android.gms.signin.activity.SignInActivity} to Window{dc4f8d9 u0 com.google.android.gms/com.google.android.gms.common.api.GoogleApiActivity} displayId=0 Callers=com.android.server.wm.ActivityTaskManagerService.setLastResumedActivityUncheckLocked:264 com.android.server.wm.ActivityTaskSupervisor.updateTopResumedActivityIfNeeded:50 com.android.server.wm.TaskFragment.setResumedActivity:29 com.android.server.wm.ActivityRecord.setState:104 
08-16 23:58:59.043 V/WindowManager( 1501): Start calculating TransitionInfo based on participants: {ActivityRecord{b1463b4 u0 com.google.android.gms/.signin.activity.SignInActivity t271 f}}}
08-16 23:58:59.043 V/WindowManager( 1501):   Final targets: [ActivityRecord{b1463b4 u0 com.google.android.gms/.signin.activity.SignInActivity t271 f}}]
08-16 23:58:59.044 I/BufferQueueDebug(  966): [Transition Root: ActivityRecord{b1463b4 u0 com.google.android.gms/.signin.activity.SignInActivity t271 f}}#3104](this:0xb400007c62708cb8,id:-1,api:0,p:-1,c:-1) BufferQueue core=(966:/system/bin/surfaceflinger)
08-16 23:58:59.044 I/SurfaceFlinger(  966): id=3104 createSurf, flag=84004, Transition Root: ActivityRecord{b1463b4 u0 com.google.android.gms/.signin.activity.SignInActivity t271 f}}#3104
08-16 23:58:59.046 V/WindowManager( 1501):         {null m=CLOSE f=TRANSLUCENT|FILLS_TASK|IS_ACTIVITY|EDGE_EXTENSION_RESTRICTION leash=Surface(name=ActivityRecord{b1463b4 u0 com.google.android.gms/.signin.activity.SignInActivity t271})/@0xe2dc97c sb=Rect(0, 0 - 1080, 2340) eb=Rect(0, 0 - 1080, 2340) d=0 bc=fffafafa component=com.google.android.gms/.signin.activity.SignInActivity inset=Rect(0, 0 - 0, 0) taskIdForActivity=271}
08-16 23:58:59.048 V/WindowManager( 1501):         {null m=CLOSE f=TRANSLUCENT|FILLS_TASK|IS_ACTIVITY|EDGE_EXTENSION_RESTRICTION leash=Surface(name=ActivityRecord{b1463b4 u0 com.google.android.gms/.signin.activity.SignInActivity t271})/@0xe2dc97c sb=Rect(0, 0 - 1080, 2340) eb=Rect(0, 0 - 1080, 2340) d=0 bc=fffafafa component=com.google.android.gms/.signin.activity.SignInActivity inset=Rect(0, 0 - 0, 0) taskIdForActivity=271}
08-16 23:58:59.049 V/WindowManagerShell( 2044): onTransitionReady (#296) android.os.BinderProxy@40ef910: {id=296 t=CLOSE f=0x0 trk=0 r=[0@Point(0, 0)] c=[{null m=CLOSE f=TRANSLUCENT|FILLS_TASK|IS_ACTIVITY|EDGE_EXTENSION_RESTRICTION leash=Surface(name=ActivityRecord{b1463b4 u0 com.google.android.gms/.signin.activity.SignInActivity t271})/@0xca31c09 sb=Rect(0, 0 - 1080, 2340) eb=Rect(0, 0 - 1080, 2340) d=0 bc=fffafafa component=com.google.android.gms/.signin.activity.SignInActivity inset=Rect(0, 0 - 0, 0) taskIdForActivity=271}]}
08-16 23:58:59.049 I/SurfaceControlRegistry( 2044): hide, t=FinishTransaction_SyncId<296> sc=ActivityRecord{b1463b4 u0 com.google.android.gms/.signin.activity.SignInActivity t271}, caller=android.view.SurfaceControl$Transaction.hide:3258 com.android.wm.shell.transition.Transitions.dispatchReady:929 com.android.wm.shell.transition.Transitions.onTransitionReady:244 com.android.wm.shell.transition.Transitions$TransitionPlayerImpl$$ExternalSyntheticLambda0.run:13 android.os.Handler.handleCallback:959 android.os.Handler.dispatchMessage:100 
08-16 23:58:59.050 I/SurfaceControlRegistry( 2044): show, t=StartTransaction_SyncId<296> sc=Transition Root: ActivityRecord{b1463b4 u0 com.google.android.gms/.signin.activity.SignInActivity t271 f}}, caller=android.view.SurfaceControl$Transaction.show:3232 com.android.wm.shell.transition.Transitions.playTransition:81 com.android.wm.shell.transition.Transitions.processReadyQueue:250 com.android.wm.shell.transition.Transitions.dispatchReady:1007 com.android.wm.shell.transition.Transitions.onTransitionReady:244 com.android.wm.shell.transition.Transitions$TransitionPlayerImpl$$ExternalSyntheticLambda0.run:13 
08-16 23:58:59.051 V/WindowManagerShell( 2044): Transition doesn't have explicit remote, search filters for match for {id=296 t=CLOSE f=0x0 trk=0 r=[0@Point(0, 0)] c=[{null m=CLOSE f=TRANSLUCENT|FILLS_TASK|IS_ACTIVITY|EDGE_EXTENSION_RESTRICTION leash=Surface(name=ActivityRecord{b1463b4 u0 com.google.android.gms/.signin.activity.SignInActivity t271})/@0xca31c09 sb=Rect(0, 0 - 1080, 2340) eb=Rect(0, 0 - 1080, 2340) d=0 bc=fffafafa component=com.google.android.gms/.signin.activity.SignInActivity inset=Rect(0, 0 - 0, 0) taskIdForActivity=271}]}
08-16 23:58:59.052 V/WindowManagerShell( 2044): start default transition animation, info = {id=296 t=CLOSE f=0x0 trk=0 r=[0@Point(0, 0)] c=[{null m=CLOSE f=TRANSLUCENT|FILLS_TASK|IS_ACTIVITY|EDGE_EXTENSION_RESTRICTION leash=Surface(name=ActivityRecord{b1463b4 u0 com.google.android.gms/.signin.activity.SignInActivity t271})/@0xca31c09 sb=Rect(0, 0 - 1080, 2340) eb=Rect(0, 0 - 1080, 2340) d=0 bc=fffafafa component=com.google.android.gms/.signin.activity.SignInActivity inset=Rect(0, 0 - 0, 0) taskIdForActivity=271}]}
08-16 23:58:59.053 V/WindowManagerShell( 2044):    change={null m=CLOSE f=TRANSLUCENT|FILLS_TASK|IS_ACTIVITY|EDGE_EXTENSION_RESTRICTION leash=Surface(name=ActivityRecord{b1463b4 u0 com.google.android.gms/.signin.activity.SignInActivity t271})/@0xca31c09 sb=Rect(0, 0 - 1080, 2340) eb=Rect(0, 0 - 1080, 2340) d=0 bc=fffafafa component=com.google.android.gms/.signin.activity.SignInActivity inset=Rect(0, 0 - 0, 0) taskIdForActivity=271}
08-16 23:58:59.058 V/WindowManager( 1501): Setting visibility of Window{7da0776 u0 com.google.android.gms/com.google.android.gms.signin.activity.SignInActivity}: false, caller=com.android.server.wm.WindowContainer.sendAppVisibilityToClients:19 com.android.server.wm.WindowToken.setClientVisible:49 com.android.server.wm.ActivityRecord.setClientVisible:8 com.android.server.wm.ActivityRecord.commitVisibility:273 com.android.server.wm.TransitionController.finishTransition:766 
08-16 23:58:59.062 D/InputDispatcher( 1501): Focus left window (0): 7da0776 com.google.android.gms/com.google.android.gms.signin.activity.SignInActivity
08-16 23:58:59.063 D/InputDispatcher( 1501): Focused application(0): ActivityRecord{385b4b6 u0 com.google.android.gms/.auth.api.signin.ui.SignInActivity t271}
08-16 23:58:59.064 D/WindowManager( 1501): Changing focus from Window{dc4f8d9 u0 com.google.android.gms/com.google.android.gms.common.api.GoogleApiActivity} to Window{818ab54 u0 com.google.android.gms/com.google.android.gms.auth.api.signin.ui.SignInActivity} displayId=0 Callers=com.android.server.wm.ActivityTaskManagerService.setLastResumedActivityUncheckLocked:264 com.android.server.wm.ActivityTaskSupervisor.updateTopResumedActivityIfNeeded:50 com.android.server.wm.TaskFragment.setResumedActivity:29 com.android.server.wm.ActivityRecord.setState:104 
08-16 23:58:59.067 D/InsetsSourceProvider( 1501): updateControlForTarget: control=InsetsSourceControl: {5fa10001 mType=navigationBars initiallyVisible mSurfacePosition=Point(0, 2205) mInsetsHint=Insets{left=0, top=0, right=0, bottom=135}}, target=Window{818ab54 u0 com.google.android.gms/com.google.android.gms.auth.api.signin.ui.SignInActivity}, from=com.android.server.wm.InsetsStateController.onControlTargetChanged:81 com.android.server.wm.InsetsPolicy.updateBarControlTarget:176 com.android.server.wm.DisplayPolicy.updateSystemBarAttributes:281 com.android.server.wm.WindowManagerService.updateFocusedWindowLocked:375 com.android.server.wm.ActivityTaskManagerService.setLastResumedActivityUncheckLocked:264 
08-16 23:58:59.069 I/SurfaceFlinger(  966): onHandleDestroyed: name=Transition Root: ActivityRecord{b1463b4 u0 com.google.android.gms/.signin.activity.SignInActivity t271 f}}#3104, layerId=3104, parentId=0
08-16 23:58:59.069 I/SurfaceFlinger(  966): id=3104 Removed Transition Root: ActivityRecord{b1463b4 u0 com.google.android.gms/.signin.activity.SignInActivity t271 f}}#3104 (217)
08-16 23:58:59.070 D/InsetsSourceProvider( 1501): updateControlForTarget: control=InsetsSourceControl: {566a0000 mType=statusBars initiallyVisible mSurfacePosition=Point(0, 0) mInsetsHint=Insets{left=0, top=80, right=0, bottom=0}}, target=Window{818ab54 u0 com.google.android.gms/com.google.android.gms.auth.api.signin.ui.SignInActivity}, from=com.android.server.wm.InsetsStateController.onControlTargetChanged:81 com.android.server.wm.InsetsPolicy.updateBarControlTarget:163 com.android.server.wm.DisplayPolicy.updateSystemBarAttributes:281 com.android.server.wm.WindowManagerService.updateFocusedWindowLocked:375 com.android.server.wm.ActivityTaskManagerService.setLastResumedActivityUncheckLocked:264 
08-16 23:58:59.070 V/SystemKeyManager( 1501): updateFocusedWindow() is called, com.google.android.gms/com.google.android.gms.auth.api.signin.ui.SignInActivity
08-16 23:58:59.071 D/ActivityTaskManager( 1501): scheduleTopResumedActivityChanged, onTop=true, r=ActivityRecord{385b4b6 u0 com.google.android.gms/.auth.api.signin.ui.SignInActivity t271}, caller=com.android.server.wm.ActivityTaskSupervisor.updateTopResumedActivityIfNeeded:62 com.android.server.wm.TaskFragment.setResumedActivity:29 com.android.server.wm.ActivityRecord.setState:104 com.android.server.wm.TaskFragment.resumeTopActivity:1800 com.android.server.wm.Task.resumeTopActivityInnerLocked:98 com.android.server.wm.Task.resumeTopActivityUncheckedLocked:23 
08-16 23:58:59.080 I/Layer   (  966): id=3104 Destroyed Transition Root: ActivityRecord{b1463b4 u0 com.google.android.gms/.signin.activity.SignInActivity t271 f}}#3104
08-16 23:58:59.080 I/BufferQueueDebug(  966): [Transition Root: ActivityRecord{b1463b4 u0 com.google.android.gms/.signin.activity.SignInActivity t271 f}}#3104](this:0xb400007c62708cb8,id:-1,api:0,p:-1,c:966) onDestructor()
08-16 23:58:59.083 I/VRI[SignInActivity]@264be55(11994): handleAppVisibility mAppVisible = true visible = false
08-16 23:58:59.083 D/VRI[SignInActivity]@264be55(11994): visibilityChanged oldVisibility=true newVisibility=false
08-16 23:58:59.089 V/WindowManager( 1501): Collecting in transition 298: ActivityRecord{385b4b6 u0 com.google.android.gms/.auth.api.signin.ui.SignInActivity t271 f}}, caller=com.android.server.wm.Transition.collectExistenceChange:42 com.android.server.wm.Transition.collectClose:7 com.android.server.wm.ActivityRecord.finishIfPossible:41 com.android.server.wm.ActivityClientController.finishActivity:225 android.app.IActivityClientController$Stub.onTransact:822 
08-16 23:58:59.090 D/WindowManager( 1501): prepareSync <SYNC_STATE_WAITING_FOR_DRAW>, mPrepareSyncSeqId=0, win=Window{818ab54 u0 com.google.android.gms/com.google.android.gms.auth.api.signin.ui.SignInActivity}
08-16 23:58:59.090 V/WindowManager( 1501): Collecting in transition 298: ActivityRecord{385b4b6 u0 com.google.android.gms/.auth.api.signin.ui.SignInActivity t271 f}}, caller=com.android.server.wm.TransitionController.collect:7 com.android.server.wm.ActivityRecord.setVisibility:189 com.android.server.wm.ActivityRecord.finishIfPossible:82 com.android.server.wm.ActivityClientController.finishActivity:225 android.app.IActivityClientController$Stub.onTransact:822 
08-16 23:58:59.091 D/ActivityTaskManager( 1501): scheduleTopResumedActivityChanged, onTop=false, r=ActivityRecord{385b4b6 u0 com.google.android.gms/.auth.api.signin.ui.SignInActivity t271 f}}, caller=com.android.server.wm.ActivityTaskSupervisor.scheduleTopResumedActivityStateLossIfNeeded:11 com.android.server.wm.ActivityTaskSupervisor.updateTopResumedActivityIfNeeded:19 com.android.server.wm.TaskFragment.setResumedActivity:29 com.android.server.wm.ActivityRecord.setState:95 com.android.server.wm.TaskFragment.startPausing$1:210 com.android.server.wm.ActivityRecord.finishIfPossible:89 
08-16 23:58:59.092 D/SurfaceFlinger(  966):        DEVICE |   0xb400007c6c184800 | 0001 | RGBA_8888    |    0.0    0.0 1080.0 2340.0 |    0    0 1080 2340 | com.ballerbizoy.ballerai/com.google.[...]nternal.SignInHubActivity$_9856#3058 (1)
08-16 23:58:59.094 D/SurfaceComposerClient( 1501): Transaction::apply InputWindowCommands.focusRequests timestamp=8596602623280, windowName=818ab54 com.google.android.gms/com.google.android.gms.auth.api.signin.ui.SignInActivity
08-16 23:58:59.096 V/WindowManager( 1501): Relayout Window{7da0776 u0 com.google.android.gms/com.google.android.gms.signin.activity.SignInActivity}: viewVisibility=8 req=0x0 ty=1 d0
08-16 23:58:59.099 D/WindowManager( 1501): Changing focus from Window{818ab54 u0 com.google.android.gms/com.google.android.gms.auth.api.signin.ui.SignInActivity} to null displayId=0 Callers=com.android.server.wm.WindowManagerService.relayoutWindowInner:142 com.android.server.wm.WindowManagerService.relayoutWindow:6 com.android.server.wm.Session.relayout:27 android.view.IWindowSession$Stub.onTransact:861 
08-16 23:58:59.101 D/SurfaceFlinger(  966): Focus addInputWindowCommands timestamp=8596602623280, windowName=818ab54 com.google.android.gms/com.google.android.gms.auth.api.signin.ui.SignInActivity
08-16 23:58:59.104 D/SurfaceFlinger(  966): updateWinowInfo=1, setFocusedWindow timestamp=8596602623280, windowName=818ab54 com.google.android.gms/com.google.android.gms.auth.api.signin.ui.SignInActivity
08-16 23:58:59.104 D/InputDispatcher( 1501): Once focus requested (0): 818ab54 com.google.android.gms/com.google.android.gms.auth.api.signin.ui.SignInActivity
08-16 23:58:59.104 D/InputDispatcher( 1501): Focus entered window (0): 818ab54 com.google.android.gms/com.google.android.gms.auth.api.signin.ui.SignInActivity
08-16 23:58:59.105 D/InputDispatcher( 1501): Focus left window (0): 818ab54 com.google.android.gms/com.google.android.gms.auth.api.signin.ui.SignInActivity
08-16 23:58:59.108 I/BLASTBufferQueue(11994): [VRI[SignInActivity]@264be55#38](f:0,a:0,s:0) destructor()
08-16 23:58:59.108 D/BufferQueueConsumer(11994): [VRI[SignInActivity]@264be55#38(BLAST Consumer)38](id:2eda00000026,api:0,p:-1,c:11994) disconnect
08-16 23:58:59.108 I/VRI[SignInActivity]@264be55(11994): Relayout returned: old=(540,1142,540,1142) new=(540,1142,540,1142) relayoutAsync=false req=(0,0)8 dur=13 res=0x2 s={false 0x0} ch=true seqId=0
08-16 23:58:59.108 D/VRI[SignInActivity]@264be55(11994): Not drawing due to not visible. Reason=!mAppVisible && !mForceDecorViewVisibility
08-16 23:58:59.108 I/InsetsSourceConsumer(11994): applyRequestedVisibilityToControl: visible=true, type=navigationBars, host=com.google.android.gms/com.google.android.gms.auth.api.signin.ui.SignInActivity
08-16 23:58:59.109 I/InsetsSourceConsumer(11994): applyRequestedVisibilityToControl: visible=true, type=statusBars, host=com.google.android.gms/com.google.android.gms.auth.api.signin.ui.SignInActivity
08-16 23:58:59.115 D/InputDispatcher( 1501): Focused application(0): ActivityRecord{69687de u0 com.ballerbizoy.ballerai/com.google.android.gms.auth.api.signin.internal.SignInHubActivity t271}
08-16 23:58:59.116 D/WindowManager( 1501): Changing focus from null to Window{7cfd653 u0 com.ballerbizoy.ballerai/com.google.android.gms.auth.api.signin.internal.SignInHubActivity} displayId=0 Callers=com.android.server.wm.ActivityTaskManagerService.setLastResumedActivityUncheckLocked:264 com.android.server.wm.ActivityTaskSupervisor.updateTopResumedActivityIfNeeded:50 com.android.server.wm.TaskFragment.setResumedActivity:29 com.android.server.wm.ActivityRecord.setState:104 
08-16 23:58:59.119 D/InsetsSourceProvider( 1501): updateControlForTarget: control=InsetsSourceControl: {5fa10001 mType=navigationBars initiallyVisible mSurfacePosition=Point(0, 2205) mInsetsHint=Insets{left=0, top=0, right=0, bottom=135}}, target=Window{7cfd653 u0 com.ballerbizoy.ballerai/com.google.android.gms.auth.api.signin.internal.SignInHubActivity}, from=com.android.server.wm.InsetsStateController.onControlTargetChanged:81 com.android.server.wm.InsetsPolicy.updateBarControlTarget:176 com.android.server.wm.DisplayPolicy.updateSystemBarAttributes:281 com.android.server.wm.WindowManagerService.updateFocusedWindowLocked:375 com.android.server.wm.ActivityTaskManagerService.setLastResumedActivityUncheckLocked:264 
08-16 23:58:59.122 D/InsetsSourceProvider( 1501): updateControlForTarget: control=InsetsSourceControl: {566a0000 mType=statusBars initiallyVisible mSurfacePosition=Point(0, 0) mInsetsHint=Insets{left=0, top=80, right=0, bottom=0}}, target=Window{7cfd653 u0 com.ballerbizoy.ballerai/com.google.android.gms.auth.api.signin.internal.SignInHubActivity}, from=com.android.server.wm.InsetsStateController.onControlTargetChanged:81 com.android.server.wm.InsetsPolicy.updateBarControlTarget:163 com.android.server.wm.DisplayPolicy.updateSystemBarAttributes:281 com.android.server.wm.WindowManagerService.updateFocusedWindowLocked:375 com.android.server.wm.ActivityTaskManagerService.setLastResumedActivityUncheckLocked:264 
08-16 23:58:59.123 D/WindowManager( 1501): updateSystemBarAttributes: displayId=0, focusedCanBeNavColorWin=false, win=Window{7cfd653 u0 com.ballerbizoy.ballerai/com.google.android.gms.auth.api.signin.internal.SignInHubActivity}, navColorWin=Window{dc4f8d9 u0 com.google.android.gms/com.google.android.gms.common.api.GoogleApiActivity}, caller=com.android.server.wm.WindowManagerService.updateFocusedWindowLocked:375 com.android.server.wm.ActivityTaskManagerService.setLastResumedActivityUncheckLocked:264 com.android.server.wm.ActivityTaskSupervisor.updateTopResumedActivityIfNeeded:50 
08-16 23:58:59.124 V/SystemKeyManager( 1501): updateFocusedWindow() is called, com.ballerbizoy.ballerai/com.google.android.gms.auth.api.signin.internal.SignInHubActivity
08-16 23:58:59.124 D/ActivityTaskManager( 1501): scheduleTopResumedActivityChanged, onTop=true, r=ActivityRecord{69687de u0 com.ballerbizoy.ballerai/com.google.android.gms.auth.api.signin.internal.SignInHubActivity t271}, caller=com.android.server.wm.ActivityTaskSupervisor.updateTopResumedActivityIfNeeded:62 com.android.server.wm.TaskFragment.setResumedActivity:29 com.android.server.wm.ActivityRecord.setState:104 com.android.server.wm.TaskFragment.resumeTopActivity:1800 com.android.server.wm.Task.resumeTopActivityInnerLocked:98 com.android.server.wm.Task.resumeTopActivityUncheckedLocked:23 
08-16 23:58:59.136 V/WindowManager( 1501): Start calculating TransitionInfo based on participants: {ActivityRecord{385b4b6 u0 com.google.android.gms/.auth.api.signin.ui.SignInActivity t271 f}}}
08-16 23:58:59.136 V/WindowManager( 1501):   Final targets: [ActivityRecord{385b4b6 u0 com.google.android.gms/.auth.api.signin.ui.SignInActivity t271 f}}]
08-16 23:58:59.137 I/BufferQueueDebug(  966): [Transition Root: ActivityRecord{385b4b6 u0 com.google.android.gms/.auth.api.signin.ui.SignInActivity t271 f}}#3112](this:0xb400007c623eecb8,id:-1,api:0,p:-1,c:-1) BufferQueue core=(966:/system/bin/surfaceflinger)
08-16 23:58:59.137 I/SurfaceFlinger(  966): id=3112 createSurf, flag=84004, Transition Root: ActivityRecord{385b4b6 u0 com.google.android.gms/.auth.api.signin.ui.SignInActivity t271 f}}#3112
08-16 23:58:59.139 V/WindowManager( 1501):         {null m=CLOSE f=TRANSLUCENT|FILLS_TASK|IS_ACTIVITY|EDGE_EXTENSION_RESTRICTION leash=Surface(name=ActivityRecord{385b4b6 u0 com.google.android.gms/.auth.api.signin.ui.SignInActivity t271})/@0x2875d6d sb=Rect(0, 0 - 1080, 2340) eb=Rect(0, 0 - 1080, 2340) d=0 bc=fffafafa component=com.google.android.gms/.auth.api.signin.ui.SignInActivity inset=Rect(0, 0 - 0, 0) taskIdForActivity=271}
08-16 23:58:59.140 D/SurfaceComposerClient( 1501): Transaction::apply InputWindowCommands.focusRequests timestamp=8596651506050, windowName=7cfd653 com.ballerbizoy.ballerai/com.google.android.gms.auth.api.signin.internal.SignInHubActivity
08-16 23:58:59.141 V/WindowManagerShell( 2044): onTransitionReady (#298) android.os.BinderProxy@d0da28: {id=298 t=CLOSE f=0x0 trk=2 r=[0@Point(0, 0)] c=[{null m=CLOSE f=TRANSLUCENT|FILLS_TASK|IS_ACTIVITY|EDGE_EXTENSION_RESTRICTION leash=Surface(name=ActivityRecord{385b4b6 u0 com.google.android.gms/.auth.api.signin.ui.SignInActivity t271})/@0xe554341 sb=Rect(0, 0 - 1080, 2340) eb=Rect(0, 0 - 1080, 2340) d=0 bc=fffafafa component=com.google.android.gms/.auth.api.signin.ui.SignInActivity inset=Rect(0, 0 - 0, 0) taskIdForActivity=271}]}
08-16 23:58:59.141 I/SurfaceControlRegistry( 2044): hide, t=FinishTransaction_SyncId<298> sc=ActivityRecord{385b4b6 u0 com.google.android.gms/.auth.api.signin.ui.SignInActivity t271}, caller=android.view.SurfaceControl$Transaction.hide:3258 com.android.wm.shell.transition.Transitions.dispatchReady:929 com.android.wm.shell.transition.Transitions.onTransitionReady:244 com.android.wm.shell.transition.Transitions$TransitionPlayerImpl$$ExternalSyntheticLambda0.run:13 android.os.Handler.handleCallback:959 android.os.Handler.dispatchMessage:100 
08-16 23:58:59.141 I/SurfaceControlRegistry( 2044): show, t=StartTransaction_SyncId<298> sc=Transition Root: ActivityRecord{385b4b6 u0 com.google.android.gms/.auth.api.signin.ui.SignInActivity t271 f}}, caller=android.view.SurfaceControl$Transaction.show:3232 com.android.wm.shell.transition.Transitions.playTransition:81 com.android.wm.shell.transition.Transitions.processReadyQueue:250 com.android.wm.shell.transition.Transitions.dispatchReady:1007 com.android.wm.shell.transition.Transitions.onTransitionReady:244 com.android.wm.shell.transition.Transitions$TransitionPlayerImpl$$ExternalSyntheticLambda0.run:13 
08-16 23:58:59.142 V/WindowManagerShell( 2044): Transition doesn't have explicit remote, search filters for match for {id=298 t=CLOSE f=0x0 trk=2 r=[0@Point(0, 0)] c=[{null m=CLOSE f=TRANSLUCENT|FILLS_TASK|IS_ACTIVITY|EDGE_EXTENSION_RESTRICTION leash=Surface(name=ActivityRecord{385b4b6 u0 com.google.android.gms/.auth.api.signin.ui.SignInActivity t271})/@0xe554341 sb=Rect(0, 0 - 1080, 2340) eb=Rect(0, 0 - 1080, 2340) d=0 bc=fffafafa component=com.google.android.gms/.auth.api.signin.ui.SignInActivity inset=Rect(0, 0 - 0, 0) taskIdForActivity=271}]}
08-16 23:58:59.142 V/WindowManagerShell( 2044): start default transition animation, info = {id=298 t=CLOSE f=0x0 trk=2 r=[0@Point(0, 0)] c=[{null m=CLOSE f=TRANSLUCENT|FILLS_TASK|IS_ACTIVITY|EDGE_EXTENSION_RESTRICTION leash=Surface(name=ActivityRecord{385b4b6 u0 com.google.android.gms/.auth.api.signin.ui.SignInActivity t271})/@0xe554341 sb=Rect(0, 0 - 1080, 2340) eb=Rect(0, 0 - 1080, 2340) d=0 bc=fffafafa component=com.google.android.gms/.auth.api.signin.ui.SignInActivity inset=Rect(0, 0 - 0, 0) taskIdForActivity=271}]}
08-16 23:58:59.142 V/WindowManager( 1501):         {null m=CLOSE f=TRANSLUCENT|FILLS_TASK|IS_ACTIVITY|EDGE_EXTENSION_RESTRICTION leash=Surface(name=ActivityRecord{385b4b6 u0 com.google.android.gms/.auth.api.signin.ui.SignInActivity t271})/@0x2875d6d sb=Rect(0, 0 - 1080, 2340) eb=Rect(0, 0 - 1080, 2340) d=0 bc=fffafafa component=com.google.android.gms/.auth.api.signin.ui.SignInActivity inset=Rect(0, 0 - 0, 0) taskIdForActivity=271}
08-16 23:58:59.143 V/WindowManagerShell( 2044):    change={null m=CLOSE f=TRANSLUCENT|FILLS_TASK|IS_ACTIVITY|EDGE_EXTENSION_RESTRICTION leash=Surface(name=ActivityRecord{385b4b6 u0 com.google.android.gms/.auth.api.signin.ui.SignInActivity t271})/@0xe554341 sb=Rect(0, 0 - 1080, 2340) eb=Rect(0, 0 - 1080, 2340) d=0 bc=fffafafa component=com.google.android.gms/.auth.api.signin.ui.SignInActivity inset=Rect(0, 0 - 0, 0) taskIdForActivity=271}
08-16 23:58:59.146 D/SurfaceFlinger(  966): Focus addInputWindowCommands timestamp=8596651506050, windowName=7cfd653 com.ballerbizoy.ballerai/com.google.android.gms.auth.api.signin.internal.SignInHubActivity
08-16 23:58:59.146 V/WindowManager( 1501): Collecting in transition 299: ActivityRecord{69687de u0 com.ballerbizoy.ballerai/com.google.android.gms.auth.api.signin.internal.SignInHubActivity t271 f}}, caller=com.android.server.wm.Transition.collectExistenceChange:42 com.android.server.wm.Transition.collectClose:7 com.android.server.wm.ActivityRecord.finishIfPossible:41 com.android.server.wm.ActivityClientController.finishActivity:225 android.app.IActivityClientController$Stub.onTransact:822 
08-16 23:58:59.146 D/WindowManager( 1501): prepareSync <SYNC_STATE_WAITING_FOR_DRAW>, mPrepareSyncSeqId=0, win=Window{7cfd653 u0 com.ballerbizoy.ballerai/com.google.android.gms.auth.api.signin.internal.SignInHubActivity}
08-16 23:58:59.147 V/WindowManager( 1501): Collecting in transition 299: ActivityRecord{69687de u0 com.ballerbizoy.ballerai/com.google.android.gms.auth.api.signin.internal.SignInHubActivity t271 f}}, caller=com.android.server.wm.TransitionController.collect:7 com.android.server.wm.ActivityRecord.setVisibility:189 com.android.server.wm.ActivityRecord.finishIfPossible:82 com.android.server.wm.ActivityClientController.finishActivity:225 android.app.IActivityClientController$Stub.onTransact:822 
08-16 23:58:59.147 D/ActivityTaskManager( 1501): scheduleTopResumedActivityChanged, onTop=false, r=ActivityRecord{69687de u0 com.ballerbizoy.ballerai/com.google.android.gms.auth.api.signin.internal.SignInHubActivity t271 f}}, caller=com.android.server.wm.ActivityTaskSupervisor.scheduleTopResumedActivityStateLossIfNeeded:11 com.android.server.wm.ActivityTaskSupervisor.updateTopResumedActivityIfNeeded:19 com.android.server.wm.TaskFragment.setResumedActivity:29 com.android.server.wm.ActivityRecord.setState:95 com.android.server.wm.TaskFragment.startPausing$1:210 com.android.server.wm.ActivityRecord.finishIfPossible:89 
08-16 23:58:59.149 D/SurfaceFlinger(  966): updateWinowInfo=1, setFocusedWindow timestamp=8596651506050, windowName=7cfd653 com.ballerbizoy.ballerai/com.google.android.gms.auth.api.signin.internal.SignInHubActivity
08-16 23:58:59.149 D/InputDispatcher( 1501): Once focus requested (0): 7cfd653 com.ballerbizoy.ballerai/com.google.android.gms.auth.api.signin.internal.SignInHubActivity
08-16 23:58:59.149 D/InputDispatcher( 1501): Focus entered window (0): 7cfd653 com.ballerbizoy.ballerai/com.google.android.gms.auth.api.signin.internal.SignInHubActivity
08-16 23:58:59.150 I/InsetsController( 9856): onStateChanged: host=com.ballerbizoy.ballerai/com.google.android.gms.auth.api.signin.internal.SignInHubActivity, from=android.view.ViewRootImpl.handleInsetsControlChanged:2888, state=InsetsState: {mDisplayFrame=Rect(0, 0 - 1080, 2340), mDisplayCutout=DisplayCutout{insets=Rect(0, 80 - 0, 0) waterfall=Insets{left=0, top=0, right=0, bottom=0} boundingRect={Bounds=[Rect(0, 0 - 0, 0), Rect(472, 0 - 608, 80), Rect(0, 0 - 0, 0), Rect(0, 0 - 0, 0)]} cutoutPathParserInfo={CutoutPathParserInfo{displayWidth=1080 displayHeight=2340 physicalDisplayWidth=1080 physicalDisplayHeight=2340 density={2.8125} cutoutSpec={M 0,0 H -24.177777778 V 28.4444444444 H 24.177777778 V 0 H 0 Z @dp} rotation={0} scale={1.0} physicalPixelDisplaySizeRatio={1.0}}} sideOverrides={}}, mRoundedCorners=RoundedCorners{[RoundedCorner{position=TopLeft, radius=113, center=Point(113, 113)}, RoundedCorner{position=TopRight, radius=113, center=Point(967, 113)}, RoundedCorner{position=BottomRight, radius=113, center=Point(967, 2227)}, RoundedCorner{position=BottomLeft, radius=113, center=Point(113, 2227)}]}  mRoundedCornerFrame=Rect(0, 0 - 1080, 2340), mPrivacyIndicatorBounds=PrivacyIndicatorBounds {static bounds=Rect(956, 0 - 1080, 80) rotation=0}, mDisplayShape=DisplayShape{ spec=-311912193 displayWidth=1080 displayHeight=2340 physicalPixelDisplaySizeRatio=1.0 rotation=0 offsetX=0 offsetY=0 scale=1.0}, mSources= { InsetsSource: {27 mType=displayCutout mFrame=[0,0][1080,80] mVisible=true mFlags= mSideHint=TOP mBoundingRects=null}, InsetsSource: {566a0000 mType=statusBars mFrame=[0,0][1080,80] mVisible=true mFlags= mSideHint=TOP mBoundingRects=null}, InsetsSource: {566a0005 mType=mandatorySystemGestures mFrame=[0,0][1080,114] mVisible=true mFlags= mSideHint=TOP mBoundingRects=null}, InsetsSource: {566a0006 mType=tappableElement mFrame=[0,0][1080,80] mVisible=true mFlags= mSideHint=TOP mBoundingRects=null}, InsetsSource: {5fa10001 mType=navigationBars mFrame=[0,2205][1080,2340] mVisible=true mFlags= mSideHint=BOTTOM mBoundingRects=null}, InsetsSource: {5fa10004 mType=systemGestures mFrame=[0,0][0,0] mVisible=true mFlags= mSideHint=NONE mBoundingRects=null}, InsetsSource: {5fa10005 mType=mandatorySystemGestures mFrame=[0,2205][1080,2340] mVisible=true mFlags= mSideHint=BOTTOM mBoundingRects=null}, InsetsSource: {5fa10006 mType=tappableElement mFrame=[0,2205][1080,2340] mVisible=true mFlags= mSideHint=BOTTOM mBoundingRects=null}, InsetsSource: {5fa10024 mType=systemGestures mFrame=[0,0][0,0] mVisible=true mFlags= mSideHint=NONE mBoundingRects=null} }
08-16 23:58:59.150 I/InsetsSourceConsumer( 9856): applyRequestedVisibilityToControl: visible=true, type=navigationBars, host=com.ballerbizoy.ballerai/com.google.android.gms.auth.api.signin.internal.SignInHubActivity
08-16 23:58:59.151 I/InsetsSourceConsumer( 9856): applyRequestedVisibilityToControl: visible=true, type=statusBars, host=com.ballerbizoy.ballerai/com.google.android.gms.auth.api.signin.internal.SignInHubActivity
08-16 23:58:59.152 V/WindowManager( 1501): Setting visibility of Window{818ab54 u0 com.google.android.gms/com.google.android.gms.auth.api.signin.ui.SignInActivity}: false, caller=com.android.server.wm.WindowContainer.sendAppVisibilityToClients:19 com.android.server.wm.WindowToken.setClientVisible:49 com.android.server.wm.ActivityRecord.setClientVisible:8 com.android.server.wm.ActivityRecord.commitVisibility:273 com.android.server.wm.TransitionController.finishTransition:766 
08-16 23:58:59.152 I/VRI[SignInActivity]@4b40e97(11994): handleAppVisibility mAppVisible = true visible = false
08-16 23:58:59.152 D/VRI[SignInActivity]@4b40e97(11994): visibilityChanged oldVisibility=true newVisibility=false
08-16 23:58:59.156 D/WindowManager( 1501): Changing focus from Window{7cfd653 u0 com.ballerbizoy.ballerai/com.google.android.gms.auth.api.signin.internal.SignInHubActivity} to Window{54e9d0e u0 com.ballerbizoy.ballerai/com.ballerbizoy.ballerai.MainActivity} displayId=0 Callers=com.android.server.wm.ActivityTaskManagerService.setLastResumedActivityUncheckLocked:264 com.android.server.wm.ActivityTaskSupervisor.updateTopResumedActivityIfNeeded:50 com.android.server.wm.TaskFragment.setResumedActivity:29 com.android.server.wm.ActivityRecord.setState:104 
08-16 23:58:59.157 I/SurfaceFlinger(  966): onHandleDestroyed: name=Transition Root: ActivityRecord{385b4b6 u0 com.google.android.gms/.auth.api.signin.ui.SignInActivity t271 f}}#3112, layerId=3112, parentId=0
08-16 23:58:59.157 I/SurfaceFlinger(  966): id=3112 Removed Transition Root: ActivityRecord{385b4b6 u0 com.google.android.gms/.auth.api.signin.ui.SignInActivity t271 f}}#3112 (214)
08-16 23:58:59.159 D/InputDispatcher( 1501): Focus left window (0): 7cfd653 com.ballerbizoy.ballerai/com.google.android.gms.auth.api.signin.internal.SignInHubActivity
08-16 23:58:59.160 D/WindowManager( 1501): updateSystemBarAttributes: displayId=0, focusedCanBeNavColorWin=false, win=Window{54e9d0e u0 com.ballerbizoy.ballerai/com.ballerbizoy.ballerai.MainActivity}, navColorWin=Window{7cfd653 u0 com.ballerbizoy.ballerai/com.google.android.gms.auth.api.signin.internal.SignInHubActivity}, caller=com.android.server.wm.WindowManagerService.updateFocusedWindowLocked:375 com.android.server.wm.ActivityTaskManagerService.setLastResumedActivityUncheckLocked:264 com.android.server.wm.ActivityTaskSupervisor.updateTopResumedActivityIfNeeded:50 
08-16 23:58:59.163 V/WindowManager( 1501): Start calculating TransitionInfo based on participants: {ActivityRecord{69687de u0 com.ballerbizoy.ballerai/com.google.android.gms.auth.api.signin.internal.SignInHubActivity t271 f}}}
08-16 23:58:59.163 V/WindowManager( 1501):   Final targets: [ActivityRecord{69687de u0 com.ballerbizoy.ballerai/com.google.android.gms.auth.api.signin.internal.SignInHubActivity t271 f}}]
08-16 23:58:59.163 I/BufferQueueDebug(  966): [Transition Root: ActivityRecord{69687de u0 com.ballerbizoy.ballerai/com.google.android.gms.auth.api.signin.internal.SignInHubActivity t271 f}}#3115](this:0xb400007c62590cb8,id:-1,api:0,p:-1,c:-1) BufferQueue core=(966:/system/bin/surfaceflinger)
08-16 23:58:59.164 I/SurfaceFlinger(  966): id=3115 createSurf, flag=84004, Transition Root: ActivityRecord{69687de u0 com.ballerbizoy.ballerai/com.google.android.gms.auth.api.signin.internal.SignInHubActivity t271 f}}#3115
08-16 23:58:59.165 V/WindowManager( 1501):         {null m=CLOSE f=TRANSLUCENT|FILLS_TASK|IS_ACTIVITY|EDGE_EXTENSION_RESTRICTION leash=Surface(name=ActivityRecord{69687de u0 com.ballerbizoy.ballerai/com.google.android.gms.auth.api.signin.internal.SignInHubActivity t271})/@0x8679184 sb=Rect(0, 0 - 1080, 2340) eb=Rect(0, 0 - 1080, 2340) d=0 bc=fffafafa component=com.ballerbizoy.ballerai/com.google.android.gms.auth.api.signin.internal.SignInHubActivity inset=Rect(0, 0 - 0, 0) taskIdForActivity=271}
08-16 23:58:59.166 V/WindowManager( 1501):         {null m=CLOSE f=TRANSLUCENT|FILLS_TASK|IS_ACTIVITY|EDGE_EXTENSION_RESTRICTION leash=Surface(name=ActivityRecord{69687de u0 com.ballerbizoy.ballerai/com.google.android.gms.auth.api.signin.internal.SignInHubActivity t271})/@0x8679184 sb=Rect(0, 0 - 1080, 2340) eb=Rect(0, 0 - 1080, 2340) d=0 bc=fffafafa component=com.ballerbizoy.ballerai/com.google.android.gms.auth.api.signin.internal.SignInHubActivity inset=Rect(0, 0 - 0, 0) taskIdForActivity=271}
08-16 23:58:59.167 V/WindowManagerShell( 2044): onTransitionReady (#299) android.os.BinderProxy@d6d70d4: {id=299 t=CLOSE f=0x0 trk=3 opt={t=FROM_STYLE} r=[0@Point(0, 0)] c=[{null m=CLOSE f=TRANSLUCENT|FILLS_TASK|IS_ACTIVITY|EDGE_EXTENSION_RESTRICTION leash=Surface(name=ActivityRecord{69687de u0 com.ballerbizoy.ballerai/com.google.android.gms.auth.api.signin.internal.SignInHubActivity t271})/@0x7f1d27d sb=Rect(0, 0 - 1080, 2340) eb=Rect(0, 0 - 1080, 2340) d=0 bc=fffafafa component=com.ballerbizoy.ballerai/com.google.android.gms.auth.api.signin.internal.SignInHubActivity inset=Rect(0, 0 - 0, 0) taskIdForActivity=271}]}
08-16 23:58:59.168 I/SurfaceControlRegistry( 2044): hide, t=FinishTransaction_SyncId<299> sc=ActivityRecord{69687de u0 com.ballerbizoy.ballerai/com.google.android.gms.auth.api.signin.internal.SignInHubActivity t271}, caller=android.view.SurfaceControl$Transaction.hide:3258 com.android.wm.shell.transition.Transitions.dispatchReady:929 com.android.wm.shell.transition.Transitions.onTransitionReady:244 com.android.wm.shell.transition.Transitions$TransitionPlayerImpl$$ExternalSyntheticLambda0.run:13 android.os.Handler.handleCallback:959 android.os.Handler.dispatchMessage:100 
08-16 23:58:59.168 I/SurfaceControlRegistry( 2044): show, t=StartTransaction_SyncId<299> sc=Transition Root: ActivityRecord{69687de u0 com.ballerbizoy.ballerai/com.google.android.gms.auth.api.signin.internal.SignInHubActivity t271 f}}, caller=android.view.SurfaceControl$Transaction.show:3232 com.android.wm.shell.transition.Transitions.playTransition:81 com.android.wm.shell.transition.Transitions.processReadyQueue:250 com.android.wm.shell.transition.Transitions.dispatchReady:1007 com.android.wm.shell.transition.Transitions.onTransitionReady:244 com.android.wm.shell.transition.Transitions$TransitionPlayerImpl$$ExternalSyntheticLambda0.run:13 
08-16 23:58:59.169 I/Layer   (  966): id=3112 Destroyed Transition Root: ActivityRecord{385b4b6 u0 com.google.android.gms/.auth.api.signin.ui.SignInActivity t271 f}}#3112
08-16 23:58:59.169 I/BufferQueueDebug(  966): [Transition Root: ActivityRecord{385b4b6 u0 com.google.android.gms/.auth.api.signin.ui.SignInActivity t271 f}}#3112](this:0xb400007c623eecb8,id:-1,api:0,p:-1,c:966) onDestructor()
08-16 23:58:59.169 V/WindowManagerShell( 2044): Transition doesn't have explicit remote, search filters for match for {id=299 t=CLOSE f=0x0 trk=3 opt={t=FROM_STYLE} r=[0@Point(0, 0)] c=[{null m=CLOSE f=TRANSLUCENT|FILLS_TASK|IS_ACTIVITY|EDGE_EXTENSION_RESTRICTION leash=Surface(name=ActivityRecord{69687de u0 com.ballerbizoy.ballerai/com.google.android.gms.auth.api.signin.internal.SignInHubActivity t271})/@0x7f1d27d sb=Rect(0, 0 - 1080, 2340) eb=Rect(0, 0 - 1080, 2340) d=0 bc=fffafafa component=com.ballerbizoy.ballerai/com.google.android.gms.auth.api.signin.internal.SignInHubActivity inset=Rect(0, 0 - 0, 0) taskIdForActivity=271}]}
08-16 23:58:59.169 V/WindowManagerShell( 2044): start default transition animation, info = {id=299 t=CLOSE f=0x0 trk=3 opt={t=FROM_STYLE} r=[0@Point(0, 0)] c=[{null m=CLOSE f=TRANSLUCENT|FILLS_TASK|IS_ACTIVITY|EDGE_EXTENSION_RESTRICTION leash=Surface(name=ActivityRecord{69687de u0 com.ballerbizoy.ballerai/com.google.android.gms.auth.api.signin.internal.SignInHubActivity t271})/@0x7f1d27d sb=Rect(0, 0 - 1080, 2340) eb=Rect(0, 0 - 1080, 2340) d=0 bc=fffafafa component=com.ballerbizoy.ballerai/com.google.android.gms.auth.api.signin.internal.SignInHubActivity inset=Rect(0, 0 - 0, 0) taskIdForActivity=271}]}
08-16 23:58:59.169 V/WindowManagerShell( 2044):    change={null m=CLOSE f=TRANSLUCENT|FILLS_TASK|IS_ACTIVITY|EDGE_EXTENSION_RESTRICTION leash=Surface(name=ActivityRecord{69687de u0 com.ballerbizoy.ballerai/com.google.android.gms.auth.api.signin.internal.SignInHubActivity t271})/@0x7f1d27d sb=Rect(0, 0 - 1080, 2340) eb=Rect(0, 0 - 1080, 2340) d=0 bc=fffafafa component=com.ballerbizoy.ballerai/com.google.android.gms.auth.api.signin.internal.SignInHubActivity inset=Rect(0, 0 - 0, 0) taskIdForActivity=271}
08-16 23:58:59.172 V/WindowManager( 1501): Relayout Window{818ab54 u0 com.google.android.gms/com.google.android.gms.auth.api.signin.ui.SignInActivity}: viewVisibility=8 req=0x0 ty=1 d0
08-16 23:58:59.178 I/BLASTBufferQueue(11994): [VRI[SignInActivity]@4b40e97#36](f:0,a:0,s:0) destructor()
08-16 23:58:59.178 D/BufferQueueConsumer(11994): [VRI[SignInActivity]@4b40e97#36(BLAST Consumer)36](id:2eda00000024,api:0,p:-1,c:11994) disconnect
08-16 23:58:59.178 I/VRI[SignInActivity]@4b40e97(11994): Relayout returned: old=(540,1142,540,1142) new=(540,1142,540,1142) relayoutAsync=false req=(0,0)8 dur=20 res=0x2 s={false 0x0} ch=true seqId=0
08-16 23:58:59.178 D/VRI[SignInActivity]@4b40e97(11994): Not drawing due to not visible. Reason=!mAppVisible && !mForceDecorViewVisibility
08-16 23:58:59.182 I/VRI[SignInActivity]@264be55(11994): stopped(true) old = false
08-16 23:58:59.182 D/VRI[SignInActivity]@264be55(11994): WindowStopped on com.google.android.gms/com.google.android.gms.signin.activity.SignInActivity set to true
08-16 23:58:59.184 V/WindowManager( 1501): Setting visibility of Window{7cfd653 u0 com.ballerbizoy.ballerai/com.google.android.gms.auth.api.signin.internal.SignInHubActivity}: false, caller=com.android.server.wm.WindowContainer.sendAppVisibilityToClients:19 com.android.server.wm.WindowToken.setClientVisible:49 com.android.server.wm.ActivityRecord.setClientVisible:8 com.android.server.wm.ActivityRecord.commitVisibility:273 com.android.server.wm.TransitionController.finishTransition:766 
08-16 23:58:59.188 D/CoreBackPreview( 1501): Window{7da0776 u0 com.google.android.gms/com.google.android.gms.signin.activity.SignInActivity}: Setting back callback null
08-16 23:58:59.189 I/VRI[SignInActivity]@264be55(11994): dispatchDetachedFromWindow
08-16 23:58:59.190 W/InputManager-JNI( 1501): Input channel object '7da0776 com.google.android.gms/com.google.android.gms.signin.activity.SignInActivity (client)' was disposed without first being removed with the input manager!
08-16 23:58:59.191 I/SurfaceFlinger(  966): onHandleDestroyed: name=Transition Root: ActivityRecord{69687de u0 com.ballerbizoy.ballerai/com.google.android.gms.auth.api.signin.internal.SignInHubActivity t271 f}}#3115, layerId=3115, parentId=0
08-16 23:58:59.191 I/SurfaceFlinger(  966): id=3115 Removed Transition Root: ActivityRecord{69687de u0 com.ballerbizoy.ballerai/com.google.android.gms.auth.api.signin.internal.SignInHubActivity t271 f}}#3115 (214)
08-16 23:58:59.191 V/WindowManager( 1501): Remove Window{7da0776 u0 com.google.android.gms/com.google.android.gms.signin.activity.SignInActivity}: mSurfaceController=Surface(name=com.google.android.gms/com.google.android.gms.signin.activity.SignInActivity$_11994)/@0xd0ca0d2 mAnimatingExit=false mRemoveOnExit=false mHasSurface=true surfaceShowing=false animating=false app-animation=false mDisplayFrozen=false callers=com.android.server.wm.Session.remove:16 android.view.IWindowSession$Stub.onTransact:794 com.android.server.wm.Session.onTransact:1 android.os.Binder.execTransactInternal:1536 android.os.Binder.execTransact:1480 <bottom of call stack> 
08-16 23:58:59.191 I/WindowManager( 1501): Destroying surface Surface(name=com.google.android.gms/com.google.android.gms.signin.activity.SignInActivity$_11994)/@0xd0ca0d2 called by com.android.server.wm.WindowStateAnimator.destroySurface:11 com.android.server.wm.WindowStateAnimator.destroySurfaceLocked:54 com.android.server.wm.WindowState.removeImmediately:43 com.android.server.wm.WindowState.removeIfPossible:635 com.android.server.wm.Session.remove:16 android.view.IWindowSession$Stub.onTransact:794 com.android.server.wm.Session.onTransact:1 android.os.Binder.execTransactInternal:1536 
08-16 23:58:59.202 I/Layer   (  966): id=3115 Destroyed Transition Root: ActivityRecord{69687de u0 com.ballerbizoy.ballerai/com.google.android.gms.auth.api.signin.internal.SignInHubActivity t271 f}}#3115
08-16 23:58:59.202 I/BufferQueueDebug(  966): [Transition Root: ActivityRecord{69687de u0 com.ballerbizoy.ballerai/com.google.android.gms.auth.api.signin.internal.SignInHubActivity t271 f}}#3115](this:0xb400007c62590cb8,id:-1,api:0,p:-1,c:966) onDestructor()
08-16 23:58:59.202 I/SurfaceFlinger(  966): onHandleDestroyed: name=7da0776 com.google.android.gms/com.google.android.gms.signin.activity.SignInActivity#3077, layerId=3077, parentId=0
08-16 23:58:59.202 I/SurfaceFlinger(  966): id=3077 Removed 7da0776 com.google.android.gms/com.google.android.gms.signin.activity.SignInActivity#3077 (215)
08-16 23:58:59.202 I/SurfaceFlinger(  966): onHandleDestroyed: name=com.google.android.gms/com.google.android.gms.signin.activity.SignInActivity$_11994#3078, layerId=3078, parentId=0
08-16 23:58:59.202 I/SurfaceFlinger(  966): id=3078 Removed com.google.android.gms/com.google.android.gms.signin.activity.SignInActivity$_11994#3078 (215)
08-16 23:58:59.213 I/Layer   (  966): id=3077 Destroyed 7da0776 com.google.android.gms/com.google.android.gms.signin.activity.SignInActivity#3077
08-16 23:58:59.213 I/BufferQueueDebug(  966): [7da0776 com.google.android.gms/com.google.android.gms.signin.activity.SignInActivity#3077](this:0xb400007c62996cb8,id:-1,api:0,p:-1,c:966) onDestructor()
08-16 23:58:59.213 I/Layer   (  966): id=3078 Destroyed com.google.android.gms/com.google.android.gms.signin.activity.SignInActivity$_11994#3078
08-16 23:58:59.213 I/BufferQueueDebug(  966): [com.google.android.gms/com.google.android.gms.signin.activity.SignInActivity$_11994#3078](this:0xb400007c629c8cb8,id:-1,api:0,p:-1,c:966) onDestructor()
08-16 23:58:59.216 I/VRI[SignInActivity]@4b40e97(11994): stopped(true) old = false
08-16 23:58:59.216 D/VRI[SignInActivity]@4b40e97(11994): WindowStopped on com.google.android.gms/com.google.android.gms.auth.api.signin.ui.SignInActivity set to true
