08-16 23:17:56.757 V/WindowManagerShell( 2044):  try handler com.android.wm.shell.transition.DefaultTransitionHandler@1c0521
08-16 23:17:56.757 I/libPowerHal(  906): [perfLockAcq] idx:0 hdl:1252 hint:-1 pid:889 duration:0 lock_user:vendor.samsung. => ret_hdl:1252
08-16 23:17:56.757 V/WindowManagerShell( 2044): start default transition animation, info = {id=221 t=OPEN f=0x0 trk=0 r=[0@Point(0, 0)] c=[{null m=OPEN f=TRANSLUCENT|FILLS_TASK|IS_ACTIVITY|EDGE_EXTENSION_RESTRICTION leash=Surface(name=ActivityRecord{740f13c u0 com.google.android.gms/.auth.api.signin.ui.SignInActivity t271})/@0xc198a74 sb=Rect(0, 0 - 0, 0) eb=Rect(0, 0 - 1080, 2340) d=-1->0 r=-1->0:-1 bc=fffafafa component=com.google.android.gms/.auth.api.signin.ui.SignInActivity inset=Rect(0, 0 - 0, 0) taskIdForActivity=271},{null m=OPEN f=TRANSLUCENT|FILLS_TASK|IS_ACTIVITY|EDGE_EXTENSION_RESTRICTION leash=Surface(name=ActivityRecord{94f11a4 u0 com.ballerbizoy.ballerai/com.google.android.gms.auth.api.signin.internal.SignInHubActivity t271})/@0x8c77b9d sb=Rect(0, 0 - 0, 0) eb=Rect(0, 0 - 1080, 2340) d=-1->0 r=-1->0:-1 bc=fffafafa component=com.ballerbizoy.ballerai/com.google.android.gms.auth.api.signin.internal.SignInHubActivity inset=Rect(0, 0 - 0, 0) taskIdForActivity=271}]}
08-16 23:17:56.758 I/libPowerHal(  906): [PE] vendor.samsung. update cmd:1000000 param:1
08-16 23:17:56.758 V/WindowManagerShell( 2044): loadAnimation: anim=null animAttr=0x4 type=OPEN isEntrance=true
08-16 23:17:56.758 V/WindowManagerShell( 2044):    wallpaperTransit=WALLPAPER_NONE translucent=true
08-16 23:17:56.758 V/WindowManagerShell( 2044):    change={null m=OPEN f=TRANSLUCENT|FILLS_TASK|IS_ACTIVITY|EDGE_EXTENSION_RESTRICTION leash=Surface(name=ActivityRecord{94f11a4 u0 com.ballerbizoy.ballerai/com.google.android.gms.auth.api.signin.internal.SignInHubActivity t271})/@0x8c77b9d sb=Rect(0, 0 - 0, 0) eb=Rect(0, 0 - 1080, 2340) d=-1->0 r=-1->0:-1 bc=fffafafa component=com.ballerbizoy.ballerai/com.google.android.gms.auth.api.signin.internal.SignInHubActivity inset=Rect(0, 0 - 0, 0) taskIdForActivity=271}
08-16 23:17:56.758 V/WindowManagerShell( 2044): loadAnimation: anim=null animAttr=0x4 type=OPEN isEntrance=true
08-16 23:17:56.758 V/WindowManagerShell( 2044):    wallpaperTransit=WALLPAPER_NONE translucent=true
08-16 23:17:56.758 V/WindowManagerShell( 2044):    change={null m=OPEN f=TRANSLUCENT|FILLS_TASK|IS_ACTIVITY|EDGE_EXTENSION_RESTRICTION leash=Surface(name=ActivityRecord{740f13c u0 com.google.android.gms/.auth.api.signin.ui.SignInActivity t271})/@0xc198a74 sb=Rect(0, 0 - 0, 0) eb=Rect(0, 0 - 1080, 2340) d=-1->0 r=-1->0:-1 bc=fffafafa component=com.google.android.gms/.auth.api.signin.ui.SignInActivity inset=Rect(0, 0 - 0, 0) taskIdForActivity=271}
08-16 23:17:56.758 D/WindowManager( 1501): makeSurface duration=1 leash=Surface(name=Surface(name=5d780fd NavigationBar0)/@0x3a5ff16 - animation-leash of insets_animation)/@0xb7441d
08-16 23:17:56.758 D/InsetsSourceProvider( 1501): updateControlForTarget: control=InsetsSourceControl: {5fa10001 mType=navigationBars initiallyVisible mSurfacePosition=Point(0, 2205) mInsetsHint=Insets{left=0, top=0, right=0, bottom=135}}, target=Window{6948d27 u0 com.ballerbizoy.ballerai/com.google.android.gms.auth.api.signin.internal.SignInHubActivity}, from=com.android.server.wm.InsetsStateController.onControlTargetChanged:81 com.android.server.wm.InsetsPolicy.updateBarControlTarget:176 com.android.server.wm.DisplayPolicy.updateSystemBarAttributes:281 com.android.server.wm.WindowManagerService.updateFocusedWindowLocked:375 com.android.server.wm.ActivityTaskManagerService.setLastResumedActivityUncheckLocked:264 
08-16 23:17:56.758 I/WindowManager( 1501): Cancelling animation restarting=true, leash=Surface(name=Surface(name=6f4f8aa StatusBar)/@0x5217695 - animation-leash of insets_animation)/@0xd758c73
08-16 23:17:56.758 I/WindowManager( 1501): Reparenting to original parent: Surface(name=WindowToken{a3bcf95 type=2000 android.os.BinderProxy@792477f})/@0xd9f13aa, destroy=false, syncState=0, syncCommitDepth=0, surface=Surface(name=6f4f8aa StatusBar)/@0x5217695
08-16 23:17:56.758 I/WindowManager( 1501): Reparenting to leash, surface=Surface(name=6f4f8aa StatusBar)/@0x5217695, syncState=0, syncCommitDepth=0, leashParent=Surface(name=WindowToken{a3bcf95 type=2000 android.os.BinderProxy@792477f})/@0xd9f13aa
08-16 23:17:56.759 I/BufferQueueDebug(  966): [Surface(name=6f4f8aa StatusBar)/@0x5217695 - animation-leash of insets_animation#2444](this:0xb400007c623fccb8,id:-1,api:0,p:-1,c:-1) BufferQueue core=(966:/system/bin/surfaceflinger)
08-16 23:17:56.759 I/SurfaceFlinger(  966): id=2444 createSurf, flag=24000, Surface(name=6f4f8aa StatusBar)/@0x5217695 - animation-leash of insets_animation#2444
08-16 23:17:56.759 D/SystemUIService( 2044): SYSUI_RAM_OPTIMIZATION onTrimMemory=20
08-16 23:17:56.759 D/CentralSurfaces( 2044): SYSUI_RAM_OPTIMIZATION onTrimMemory=20
08-16 23:17:56.760 D/WindowManager( 1501): makeSurface duration=1 leash=Surface(name=Surface(name=6f4f8aa StatusBar)/@0x5217695 - animation-leash of insets_animation)/@0x25a7863
08-16 23:17:56.760 D/InsetsSourceProvider( 1501): updateControlForTarget: control=InsetsSourceControl: {566a0000 mType=statusBars initiallyVisible mSurfacePosition=Point(0, 0) mInsetsHint=Insets{left=0, top=80, right=0, bottom=0}}, target=Window{6948d27 u0 com.ballerbizoy.ballerai/com.google.android.gms.auth.api.signin.internal.SignInHubActivity}, from=com.android.server.wm.InsetsStateController.onControlTargetChanged:81 com.android.server.wm.InsetsPolicy.updateBarControlTarget:163 com.android.server.wm.DisplayPolicy.updateSystemBarAttributes:281 com.android.server.wm.WindowManagerService.updateFocusedWindowLocked:375 com.android.server.wm.ActivityTaskManagerService.setLastResumedActivityUncheckLocked:264 
08-16 23:17:56.761 D/WindowManager( 1501): updateSystemBarAttributes: displayId=0, focusedCanBeNavColorWin=false, win=Window{6948d27 u0 com.ballerbizoy.ballerai/com.google.android.gms.auth.api.signin.internal.SignInHubActivity}, navColorWin=Window{6948d27 u0 com.ballerbizoy.ballerai/com.google.android.gms.auth.api.signin.internal.SignInHubActivity}, caller=com.android.server.wm.WindowManagerService.updateFocusedWindowLocked:375 com.android.server.wm.ActivityTaskManagerService.setLastResumedActivityUncheckLocked:264 com.android.server.wm.ActivityTaskSupervisor.updateTopResumedActivityIfNeeded:50 
08-16 23:17:56.761 D/WindowManager( 1501): updateSystemBarAttributes, bhv=1, apr=16, statusBarAprRegions=[AppearanceRegion{ bounds=[0,0][1080,2340]}], requestedVisibilities=-9
08-16 23:17:56.761 V/SystemKeyManager( 1501): updateFocusedWindow() is called, 
08-16 23:17:56.761 D/ActivityTaskManager( 1501): scheduleTopResumedActivityChanged, onTop=true, r=ActivityRecord{ae416eb u0 com.google.android.gms/.common.api.GoogleApiActivity t271}, caller=com.android.server.wm.ActivityTaskSupervisor.updateTopResumedActivityIfNeeded:62 com.android.server.wm.TaskFragment.setResumedActivity:29 com.android.server.wm.ActivityRecord.setState:104 com.android.server.wm.ActivityTaskSupervisor.realStartActivityLocked:945 com.android.server.wm.ActivityTaskSupervisor.startSpecificActivity:27 com.android.server.wm.TaskFragment.resumeTopActivity:2187 
08-16 23:17:56.763 D/GraphicsStatsService( 1501): requestRenderEngineFor(com.google.android.gms)
08-16 23:17:56.763 D/SGM:FgCheckThread( 1501): notePauseComponent(), received pkgName: com.google.android.gms, userId: 0
08-16 23:17:56.763 D/SGM:FgCheckThread( 1501): notePauseComponent(), received pkgName: com.google.android.gms, userId: 0
08-16 23:17:56.763 D/SGM:FgCheckThread( 1501): notifyFocusInOut(). of pkg: com.google.android.gms, type: 20, isSecGameFamily: false, userId: 0
08-16 23:17:56.763 D/ActivityThread(11994): com.google.android.gms will use render engine as VK
08-16 23:17:56.764 D/SGM:GameManager( 1501): identifyGamePackage. com.google.android.gms, mCurrentUserId: 0, callerUserId: 0, callingMethodInfo: com.samsung.android.game.SemGameManager.isGamePackage(SemGameManager.java:105)
08-16 23:17:56.764 D/SGM:SemGameManager( 1501): isGamePackage(), pkgName=com.google.android.gms, ret=false
08-16 23:17:56.764 D/SGM:FgCheckThread( 1501):   notifyFocusInOut(). unexpected type. 20
08-16 23:17:56.765 I/CocktailBarManagerServiceContainer( 1501): handleMessage: entry what = 5
08-16 23:17:56.765 I/CocktailBarManagerServiceImpl( 1501): noteResumeComponent : no active host
08-16 23:17:56.766 I/InsetsSourceConsumer( 9856): applyRequestedVisibilityToControl: visible=true, type=navigationBars, host=com.ballerbizoy.ballerai/com.google.android.gms.auth.api.signin.internal.SignInHubActivity
08-16 23:17:56.767 I/SurfaceControlRegistry( 2044): apply, t=StartTransaction_SyncId<221>, caller=android.view.SurfaceControl$Transaction.apply:3135 android.view.SurfaceControl$Transaction.apply:3122 android.view.SurfaceControl$Transaction.apply:3078 com.android.wm.shell.transition.DefaultTransitionHandler.startAnimation:2823 com.android.wm.shell.transition.Transitions.dispatchTransition:93 com.android.wm.shell.transition.Transitions.playTransition:700 
08-16 23:17:56.767 V/WindowManagerShell( 2044): Transition animation finished (aborted=false), notifying core (#221) android.os.BinderProxy@9bc9a61@0
08-16 23:17:56.767 D/SGM:FgCheckThread( 1501): noteResumeComponent(), received pkgName: com.google.android.gms, userId: 0
08-16 23:17:56.768 I/InsetsSourceConsumer( 9856): applyRequestedVisibilityToControl: visible=true, type=statusBars, host=com.ballerbizoy.ballerai/com.google.android.gms.auth.api.signin.internal.SignInHubActivity
08-16 23:17:56.768 I/SDHMS:l ( 4068): handleResumeComponent : put = com.google.android.gms, userid = 0 instanceid =198963206
08-16 23:17:56.769 D/HWUI    ( 2044): CacheManager::trimMemory(20)
08-16 23:17:56.770 I/SurfaceControlRegistry( 2044): apply, t=FinishTransaction_SyncId<221>, caller=android.view.SurfaceControl$Transaction.apply:3135 android.view.SurfaceControl$Transaction.apply:3122 android.view.SurfaceControl$Transaction.apply:3078 com.android.wm.shell.transition.Transitions.onFinish:308 com.android.wm.shell.transition.Transitions$$ExternalSyntheticLambda8.onTransitionFinished:10 com.android.wm.shell.transition.DefaultTransitionHandler$$ExternalSyntheticLambda6.run:36 
08-16 23:17:56.772 D/ActivityTaskManager( 1501): TaskLaunchParamsModifier:task=null activity=null display-area-from-source=DefaultTaskDisplayArea_d0@100244576 display-id=0 task-display-area-windowing-mode=1 suggested-display-area=DefaultTaskDisplayArea_d0@100244576
08-16 23:17:56.773 I/BufferQueueProducer(  966): [StatusBar$_2044#91](this:0xb400007c6216acb8,id:-1,api:0,p:-1,c:966) queueBuffer: fps=0.39 dur=2553.01 max=2553.01 min=2553.01
08-16 23:17:56.773 W/OptProp ( 1501): Cannot read opt property android.window.PROPERTY_COMPAT_ALLOW_ORIENTATION_OVERRIDE
08-16 23:17:56.773 D/ActivityTaskManager( 1501): Non-opaque activity is created, styleTranslucent=true, styleFloating=true, r=ActivityRecord{c59c60 u0 com.google.android.gms/.signin.activity.SignInActivity
08-16 23:17:56.774 I/BpBinder(  966): onLastStrongRef automatically unlinking death recipients: 
08-16 23:17:56.774 V/WindowManager( 1501): Collecting in transition 222: ActivityRecord{c59c60 u0 com.google.android.gms/.signin.activity.SignInActivity t-1}, caller=com.android.server.wm.TransitionController.collect:7 com.android.server.wm.ActivityStarter.startActivityUnchecked:626 com.android.server.wm.ActivityStarter.executeRequest:3397 com.android.server.wm.ActivityStarter.execute:1122 com.android.server.wm.ActivityStartController.startActivityInPackage:33 
08-16 23:17:56.774 D/ActivityTaskManager( 1501): TaskLaunchParamsModifier:task=null activity=ActivityRecord{c59c60 u0 com.google.android.gms/.signin.activity.SignInActivity t-1} display-area-from-source=DefaultTaskDisplayArea_d0@100244576 display-id=0 task-display-area-windowing-mode=1 suggested-display-area=DefaultTaskDisplayArea_d0@100244576
08-16 23:17:56.775 D/ActivityTaskManager( 1501): TaskLaunchParamsModifier:task=Task{4b9e83d #271 type=standard A=10123:com.ballerbizoy.ballerai} activity=ActivityRecord{c59c60 u0 com.google.android.gms/.signin.activity.SignInActivity t-1} display-area-from-source=DefaultTaskDisplayArea_d0@100244576 display-id=0 task-display-area-windowing-mode=1 suggested-display-area=DefaultTaskDisplayArea_d0@100244576 inherit-from-source=fullscreen non-freeform-task-display-area display-area=DefaultTaskDisplayArea_d0@100244576 activity-requested-portrait freeform-size-mismatch=Rect(81, 557 - 999, 1727)
08-16 23:17:56.775 V/WindowManager( 1501): Collecting in transition 222: ActivityRecord{ae416eb u0 com.google.android.gms/.common.api.GoogleApiActivity t271}, caller=com.android.server.wm.TransitionController.collect:7 com.android.server.wm.ActivityStarter.startActivityInner:1824 com.android.server.wm.ActivityStarter.startActivityUnchecked:639 com.android.server.wm.ActivityStarter.executeRequest:3397 com.android.server.wm.ActivityStarter.execute:1122 
08-16 23:17:56.776 W/OptProp ( 1501): Cannot read opt property android.window.PROPERTY_COMPAT_ALLOW_MIN_ASPECT_RATIO_OVERRIDE
08-16 23:17:56.777 W/OptProp ( 1501): Cannot read opt property android.window.PROPERTY_COMPAT_ALLOW_RESIZEABLE_ACTIVITY_OVERRIDES
08-16 23:17:56.777 D/SurfaceFlinger(  966): Display 0 HWC layers:
08-16 23:17:56.777 D/SurfaceFlinger(  966):        DEVICE |   0xb400007c98d02840 | 0001 | RGBA_8888    |    0.0    0.0 1080.0 2340.0 |    0    0 1080 2340 | com.ballerbizoy.ballerai/com.ballerbizoy.ballerai.MainActivity$_9856#2354 (220)
08-16 23:17:56.777 D/SurfaceFlinger(  966):        DEVICE |   0xb400007c6c1846c0 | 0001 | RGBA_8888    |    0.0    0.0 1080.0 2340.0 |    0    0 1080 2340 | com.ballerbizoy.ballerai/com.google.[...]nternal.SignInHubActivity$_9856#2431 (1)
08-16 23:17:56.777 D/SurfaceFlinger(  966):        DEVICE |   0xb400007c9a8b1600 | 0001 | RGBA_8888    |    0.0    0.0 1080.0   80.0 |    0    0 1080   80 | StatusBar$_2044#91 (3097)
08-16 23:17:56.777 D/SurfaceFlinger(  966):        DEVICE |   0xb400007c6c182140 | 0001 | RGBA_8888    |    0.0    0.0 1080.0  135.0 |    0 2205 1080 2340 | NavigationBar0$_2044#87 (2449)
08-16 23:17:56.777 D/SurfaceFlinger(  966): 
08-16 23:17:56.777 I/BufferQueueDebug(  966): [ActivityRecord{c59c60 u0 com.google.android.gms/.signin.activity.SignInActivity t271}#2445](this:0xb400007c62365cb8,id:-1,api:0,p:-1,c:-1) BufferQueue core=(966:/system/bin/surfaceflinger)
08-16 23:17:56.777 I/SurfaceFlinger(  966): id=2445 createSurf, flag=84004, ActivityRecord{c59c60 u0 com.google.android.gms/.signin.activity.SignInActivity t271}#2445
08-16 23:17:56.779 D/InputDispatcher( 1501): Focus entered window (0): 3353371 com.google.android.gms/com.google.android.gms.auth.api.signin.ui.SignInActivity
08-16 23:17:56.780 V/WindowManager( 1501): Checking theme of starting window: 0x7f160c0e
08-16 23:17:56.781 V/WindowManager( 1501): Translucent=true Floating=true ShowWallpaper=false Disable=false
08-16 23:17:56.781 D/ActivityTaskManager( 1501): addStartingWindow: type=0 typeParameter=2c
08-16 23:17:56.781 D/ActivityTaskManager( 1501): scheduleTopResumedActivityChanged, onTop=false, r=ActivityRecord{ae416eb u0 com.google.android.gms/.common.api.GoogleApiActivity t271}, caller=com.android.server.wm.ActivityTaskSupervisor.scheduleTopResumedActivityStateLossIfNeeded:11 com.android.server.wm.ActivityTaskSupervisor.updateTopResumedActivityIfNeeded:19 com.android.server.wm.TaskFragment.setResumedActivity:29 com.android.server.wm.ActivityRecord.setState:95 com.android.server.wm.TaskFragment.startPausing$1:210 com.android.server.wm.TaskFragment.resumeTopActivity:681 
08-16 23:17:56.783 V/WindowManager( 1501): Collecting in transition 222: ActivityRecord{c59c60 u0 com.google.android.gms/.signin.activity.SignInActivity t271}, caller=com.android.server.wm.Transition.collectExistenceChange:42 com.android.server.wm.ActivityStarter.handleStartResult:523 com.android.server.wm.ActivityStarter.startActivityUnchecked:653 com.android.server.wm.ActivityStarter.executeRequest:3397 com.android.server.wm.ActivityStarter.execute:1122 
08-16 23:17:56.783 I/Pageboost( 1501): stop alp
08-16 23:17:56.784 I/ActivityTaskManager( 1501): START u0 {act=com.google.android.gms.signin.action.SIGN_IN pkg=com.google.android.gms cmp=com.google.android.gms/.signin.activity.SignInActivity (has extras)} with LAUNCH_MULTIPLE from uid 10237 (BAL_ALLOW_VISIBLE_WINDOW) result code=0
08-16 23:17:56.784 E/pageboostd( 3255): Received HALT command code 2
08-16 23:17:56.784 D/ActivityManager( 1501): Received ACTIVITY intent 0xdc85732 Key{startActivity pkg=com.google.android.gms/com.google.android.gms.signin intent=act=com.google.android.gms.signin.action.SIGN_IN pkg=com.google.android.gms flags=0x4000000 u=0} requestCode=0 res=0 from uid 10237
08-16 23:17:56.784 V/WindowManager( 1501): Finish Transition: TransitionRecord{7aefac2 id=221 type=OPEN flags=0x0}, caller=com.android.server.wm.WindowOrganizerController.finishTransitionInner:26 com.android.server.wm.WindowOrganizerController.finishAllTransitions:59 android.window.IWindowOrganizerController$Stub.onTransact:311 
08-16 23:17:56.784 V/WindowManager( 1501): Finish Transition (#221): created at 08-16 23:17:56.055 collect-started=4.359ms request-sent=28.812ms started=34.926ms ready=504.091ms sent=677.885ms finished=729.547ms
08-16 23:17:56.786 I/DecorView(11994): setWindowBackground: isPopOver=false color=0 d=android.graphics.drawable.ColorDrawable@36e858f
08-16 23:17:56.786 I/BufferQueueDebug(  966): [8f2ec5 ActivityRecordInputSink com.google.android.gms/.auth.api.signin.ui.SignInActivity#2446](this:0xb400007c6239acb8,id:-1,api:0,p:-1,c:-1) BufferQueue core=(966:/system/bin/surfaceflinger)
08-16 23:17:56.786 I/SurfaceFlinger(  966): id=2446 createSurf, flag=84000, 8f2ec5 ActivityRecordInputSink com.google.android.gms/.auth.api.signin.ui.SignInActivity#2446
08-16 23:17:56.787 D/ChangeTransitionController( 1501): onTransitionFinished: TransitionRecord{7aefac2 id=221 type=OPEN flags=0x0}
08-16 23:17:56.787 D/SurfaceFlinger(  966): [SF client] NEW(0xb400007c6c646080) for (11994:com.google.android.gms.ui)
08-16 23:17:56.788 D/SurfaceComposerClient( 1501): Transaction::apply InputWindowCommands.focusRequests timestamp=6134282900134, windowName=<null>
08-16 23:17:56.788 V/WindowManagerShell( 2044): Track 0 became idle
08-16 23:17:56.788 V/WindowManagerShell( 2044): All active transition animations finished
08-16 23:17:56.788 V/WindowManagerShell( 2044):  animated by com.android.wm.shell.transition.DefaultTransitionHandler@1c0521
08-16 23:17:56.788 V/WindowManagerShell( 2044): Track 0 became idle
08-16 23:17:56.788 V/WindowManagerShell( 2044): All active transition animations finished
08-16 23:17:56.788 V/WindowManagerShell( 2044): Transition requested (#222): android.os.BinderProxy@d0f7609 TransitionRequestInfo { type = OPEN, triggerTask = TaskInfo{userId=0 taskId=271 displayId=0 isRunning=true baseIntent=Intent { act=android.intent.action.MAIN cat=[android.intent.category.LAUNCHER] flg=0x10000000 pkg=com.ballerbizoy.ballerai cmp=com.ballerbizoy.ballerai/.MainActivity } baseActivity=ComponentInfo{com.ballerbizoy.ballerai/com.ballerbizoy.ballerai.MainActivity} topActivity=ComponentInfo{com.google.android.gms/com.google.android.gms.common.api.GoogleApiActivity} origActivity=null realActivity=ComponentInfo{com.ballerbizoy.ballerai/com.ballerbizoy.ballerai.MainActivity} numActivities=4 lastActiveTime=6134261 supportsMultiWindow=true resizeMode=1 isResizeable=true minWidth=-1 minHeight=-1 maxWidth=-1 maxHeight=-1 defaultMinSize=220 token=WCT{android.window.IWindowContainerToken$Stub$Proxy@982300e} topActivityType=1 pictureInPictureParams=null shouldDockBigOverlays=false launchIntoPipHostTaskId=-1 lastParentTaskIdBeforePip=-1 displayCutoutSafeInsets=Rect(0, 80 - 0, 0) topActivityInfo=ActivityInfo{fe6ea2f com.google.android.gms.common.api.GoogleApiActivity} launchCookies=[android.os.BinderProxy@b303a4a] positionInParent=Point(0, 0) parentTaskId=-1 isFocused=true isVisible=true isVisibleRequested=true isSleeping=false topActivityInSizeCompat=false locusId=null displayAreaFeatureId=1 isTopActivityTransparent=true isTopActivityStyleFloating=false appCompatTaskInfo=AppCompatTaskInfo { topActivityInSizeCompat=false eligibleForLetterboxEducation= false isLetterboxEducationEnabled= false isLetterboxDoubleTapEnabled= false eligibleForUserAspectRatioButton= false topActivityBoundsLetterboxed= false isFromLetterboxDoubleTap= false topActivityLetterboxVerticalPosition= -1 topActivityLetterboxHorizontalPosition= -1 topActivityLetterboxWidth=1080 topActivityLetterboxHeight=2340 topActivityLetterboxAppWidth=1080 topActivityLetterboxAppHeight=2340 isUserFullscreenOverrideEnabled=false isSystemFullscreenOverrideEnabled=false hasMinAspectRatioOverride=false cameraCompatTaskInfo=CameraCompatTaskInfo { freeformCameraCompatMode=inactive} topActivityBounds=null topActivityInDisplayCompat=false} originallySupportedMultiWindow=true hasWallpaper=false rootAffinity=10123:com.ballerbizoy.ballerai isTopTaskInStage=false topActivityUiMode=17 CoverLauncherWidgetTask=false isAllowedSeamlessRotation=false isTopTransparentActivity=true snappingGuideBounds=null isAliasManaged=false hasConfigChanged=false isAiKeyRemoveAppTask=false}, pipTask = null, remoteTransition = null, displayChange = null, flags = 0, debugId = 222 }
08-16 23:17:56.788 I/ViewRootImpl(11994): dVRR is disabled
08-16 23:17:56.789 D/NativeCustomFrequencyManager(11994): [NativeCFMS] BpCustomFrequencyManager::BpCustomFrequencyManager()
08-16 23:17:56.791 D/InputTransport( 1501): Input channel constructed: '91bd9d5', fd=1086
08-16 23:17:56.791 D/InputTransport( 1501): Input channel constructed: '91bd9d5', fd=1088
08-16 23:17:56.791 D/InputTransport( 1501): Input channel constructed: '91bd9d5', fd=1102
08-16 23:17:56.791 D/WindowManager( 1501): prepareSync <SYNC_STATE_WAITING_FOR_DRAW>, mPrepareSyncSeqId=0, win=Window{91bd9d5 u0 com.google.android.gms/com.google.android.gms.common.api.GoogleApiActivity}
08-16 23:17:56.792 I/BufferQueueDebug(  966): [91bd9d5 com.google.android.gms/com.google.android.gms.common.api.GoogleApiActivity#2447](this:0xb400007c60d79cb8,id:-1,api:0,p:-1,c:-1) BufferQueue core=(966:/system/bin/surfaceflinger)
08-16 23:17:56.792 I/SurfaceFlinger(  966): id=2447 createSurf, flag=84004, 91bd9d5 com.google.android.gms/com.google.android.gms.common.api.GoogleApiActivity#2447
08-16 23:17:56.793 D/RestrictionPolicy( 1501): isScreenCaptureEnabled : ret=true userId=0
08-16 23:17:56.793 D/RestrictionPolicy( 1501): isScreenCaptureEnabled : ret=true userId=0
08-16 23:17:56.794 D/InputTransport( 1501): Input channel destroyed: '91bd9d5', fd=1102
08-16 23:17:56.794 V/WindowManager( 1501): Starting Transition 222, caller=com.android.server.wm.WindowOrganizerController.startTransition:37 com.android.server.wm.WindowOrganizerController.startTransition:1 android.window.IWindowOrganizerController$Stub.onTransact:271 
08-16 23:17:56.794 D/InputTransport(11994): Input channel constructed: '91bd9d5', fd=151
08-16 23:17:56.794 D/SurfaceFlinger(  966): Focus addInputWindowCommands timestamp=6134282900134, windowName=<null>
08-16 23:17:56.795 I/InsetsController(11994): onStateChanged: host=com.google.android.gms/com.google.android.gms.common.api.GoogleApiActivity, from=android.view.ViewRootImpl.setView:1999, state=InsetsState: {mDisplayFrame=Rect(0, 0 - 1080, 2340), mDisplayCutout=DisplayCutout{insets=Rect(0, 80 - 0, 0) waterfall=Insets{left=0, top=0, right=0, bottom=0} boundingRect={Bounds=[Rect(0, 0 - 0, 0), Rect(472, 0 - 608, 80), Rect(0, 0 - 0, 0), Rect(0, 0 - 0, 0)]} cutoutPathParserInfo={CutoutPathParserInfo{displayWidth=1080 displayHeight=2340 physicalDisplayWidth=1080 physicalDisplayHeight=2340 density={2.8125} cutoutSpec={M 0,0 H -24.177777778 V 28.4444444444 H 24.177777778 V 0 H 0 Z @dp} rotation={0} scale={1.0} physicalPixelDisplaySizeRatio={1.0}}} sideOverrides={}}, mRoundedCorners=RoundedCorners{[RoundedCorner{position=TopLeft, radius=113, center=Point(113, 113)}, RoundedCorner{position=TopRight, radius=113, center=Point(967, 113)}, RoundedCorner{position=BottomRight, radius=113, center=Point(967, 2227)}, RoundedCorner{position=BottomLeft, radius=113, center=Point(113, 2227)}]}  mRoundedCornerFrame=Rect(0, 0 - 1080, 2340), mPrivacyIndicatorBounds=PrivacyIndicatorBounds {static bounds=Rect(956, 0 - 1080, 80) rotation=0}, mDisplayShape=DisplayShape{ spec=-311912193 displayWidth=1080 displayHeight=2340 physicalPixelDisplaySizeRatio=1.0 rotation=0 offsetX=0 offsetY=0 scale=1.0}, mSources= { InsetsSource: {27 mType=displayCutout mFrame=[0,0][1080,80] mVisible=true mFlags= mSideHint=TOP mBoundingRects=null}, InsetsSource: {566a0000 mType=statusBars mFrame=[0,0][1080,80] mVisible=true mFlags= mSideHint=TOP mBoundingRects=null}, InsetsSource: {566a0005 mType=mandatorySystemGestures mFrame=[0,0][1080,114] mVisible=true mFlags= mSideHint=TOP mBoundingRects=null}, InsetsSource: {566a0006 mType=tappableElement mFrame=[0,0][1080,80] mVisible=true mFlags= mSideHint=TOP mBoundingRects=null}, InsetsSource: {5fa10001 mType=navigationBars mFrame=[0,2205][1080,2340] mVisible=true mFlags= mSideHint=BOTTOM mBoundingRects=null}, InsetsSource: {5fa10004 mType=systemGestures mFrame=[0,0][0,0] mVisible=true mFlags= mSideHint=NONE mBoundingRects=null}, InsetsSource: {5fa10005 mType=mandatorySystemGestures mFrame=[0,2205][1080,2340] mVisible=true mFlags= mSideHint=BOTTOM mBoundingRects=null}, InsetsSource: {5fa10006 mType=tappableElement mFrame=[0,2205][1080,2340] mVisible=true mFlags= mSideHint=BOTTOM mBoundingRects=null}, InsetsSource: {5fa10024 mType=systemGestures mFrame=[0,0][0,0] mVisible=true mFlags= mSideHint=NONE mBoundingRects=null} }
08-16 23:17:56.795 W/UserManagerService( 1501): Requested status bar icon for non-badged user 0
08-16 23:17:56.795 I/VRI[GoogleApiActivity]@e5aa01c(11994): synced displayState. AttachInfo displayState=2
08-16 23:17:56.795 I/VRI[GoogleApiActivity]@e5aa01c(11994): setView = com.android.internal.policy.DecorView@857ebab IsHRR=false TM=true
08-16 23:17:56.795 I/SurfaceFlinger(  966): onHandleDestroyed: name=Transition Root: ActivityRecord{740f13c u0 com.google.android.gms/.auth.api.signin.ui.SignInActivity t271}#2440, layerId=2440, parentId=0
08-16 23:17:56.795 I/SurfaceFlinger(  966): id=2440 Removed Transition Root: ActivityRecord{740f13c u0 com.google.android.gms/.auth.api.signin.ui.SignInActivity t271}#2440 (149)
08-16 23:17:56.795 I/SurfaceFlinger(  966): onHandleDestroyed: name=Surface(name=5d780fd NavigationBar0)/@0x3a5ff16 - animation-leash of insets_animation#2438, layerId=2438, parentId=0
08-16 23:17:56.795 I/SurfaceFlinger(  966): onHandleDestroyed: name=Surface(name=6f4f8aa StatusBar)/@0x5217695 - animation-leash of insets_animation#2439, layerId=2439, parentId=0
08-16 23:17:56.795 I/SurfaceFlinger(  966): id=2439 Removed Surface(name=6f4f8aa StatusBar)/@0x5217695 - animation-leash of insets_animation#2439 (149)
08-16 23:17:56.795 I/SurfaceFlinger(  966): id=2438 Removed Surface(name=5d780fd NavigationBar0)/@0x3a5ff16 - animation-leash of insets_animation#2438 (149)
08-16 23:17:56.797 W/UserManagerService( 1501): Requested status bar icon for non-badged user 0
08-16 23:17:56.798 D/SurfaceFlinger(  966): updateWinowInfo=1, setFocusedWindow timestamp=6134282900134, windowName=<null>
08-16 23:17:56.798 D/InputDispatcher( 1501): Once focus requested (0): <null>
08-16 23:17:56.798 D/InputDispatcher( 1501): Focus request (0): <null> but waiting because NO_WINDOW
08-16 23:17:56.798 D/InputDispatcher( 1501): Focus left window (0): 3353371 com.google.android.gms/com.google.android.gms.auth.api.signin.ui.SignInActivity
08-16 23:17:56.799 V/WindowManager( 1501): Collecting in transition 222: ActivityRecord{c59c60 u0 com.google.android.gms/.signin.activity.SignInActivity t271}, caller=com.android.server.wm.TransitionController.collect:7 com.android.server.wm.ActivityRecord.setVisibility:189 com.android.server.wm.EnsureActivitiesVisibleHelper.process:561 com.android.server.wm.TaskFragment.updateActivityVisibilities:12 com.android.server.wm.Task$$ExternalSyntheticLambda3.accept:399 
08-16 23:17:56.800 V/WindowManager( 1501): Computed rotation=ROTATION_0 (0) for display id=0 based on lastOrientation=SCREEN_ORIENTATION_PORTRAIT (1) and oldRotation=ROTATION_0 (0), caller=com.android.server.wm.DisplayRotation.updateOrientation:25 com.android.server.wm.DisplayContent.updateOrientation:65 com.android.server.wm.DisplayContent.updateOrientation:11 com.android.server.wm.RootWindowContainer.ensureVisibilityAndConfig:7 com.android.server.wm.ActivityTaskSupervisor.realStartActivityLocked:209 com.android.server.wm.ActivityTaskSupervisor.startSpecificActivity:27 
08-16 23:17:56.801 V/WindowManager( 1501): Collecting in transition 222: ActivityRecord{c59c60 u0 com.google.android.gms/.signin.activity.SignInActivity t271}, caller=com.android.server.wm.TransitionController.collect:7 com.android.server.wm.ActivityRecord.setVisibility:189 com.android.server.wm.ActivityTaskSupervisor.realStartActivityLocked:230 com.android.server.wm.ActivityTaskSupervisor.startSpecificActivity:27 com.android.server.wm.TaskFragment.resumeTopActivity:2187 
08-16 23:17:56.802 D/SGM:FgCheckThread( 1501): notifyAppCreated(), packageName: com.google.android.gms, userId: 0, sendRet: true
08-16 23:17:56.802 D/SGM:FgCheckThread( 1501): onLooperPrepared(), msg: MSG_APP_CREATE, pkgName: com.google.android.gms, userId: 0
08-16 23:17:56.803 D/InputDispatcher( 1501): Focused application(0): ActivityRecord{c59c60 u0 com.google.android.gms/.signin.activity.SignInActivity t271}
08-16 23:17:56.804 D/ActivityTaskManager( 1501): scheduleTopResumedActivityChanged, onTop=true, r=ActivityRecord{c59c60 u0 com.google.android.gms/.signin.activity.SignInActivity t271}, caller=com.android.server.wm.ActivityTaskSupervisor.updateTopResumedActivityIfNeeded:62 com.android.server.wm.TaskFragment.setResumedActivity:29 com.android.server.wm.ActivityRecord.setState:104 com.android.server.wm.ActivityTaskSupervisor.realStartActivityLocked:945 com.android.server.wm.ActivityTaskSupervisor.startSpecificActivity:27 com.android.server.wm.TaskFragment.resumeTopActivity:2187 
08-16 23:17:56.806 I/Layer   (  966): id=2438 Destroyed Surface(name=5d780fd NavigationBar0)/@0x3a5ff16 - animation-leash of insets_animation#2438
08-16 23:17:56.806 I/BufferQueueDebug(  966): [Surface(name=5d780fd NavigationBar0)/@0x3a5ff16 - animation-leash of insets_animation#2438](this:0xb400007c60cffcb8,id:-1,api:0,p:-1,c:966) onDestructor()
08-16 23:17:56.806 I/Layer   (  966): id=2439 Destroyed Surface(name=6f4f8aa StatusBar)/@0x5217695 - animation-leash of insets_animation#2439
08-16 23:17:56.806 I/BufferQueueDebug(  966): [Surface(name=6f4f8aa StatusBar)/@0x5217695 - animation-leash of insets_animation#2439](this:0xb400007c60d3bcb8,id:-1,api:0,p:-1,c:966) onDestructor()
08-16 23:17:56.806 I/Layer   (  966): id=2440 Destroyed Transition Root: ActivityRecord{740f13c u0 com.google.android.gms/.auth.api.signin.ui.SignInActivity t271}#2440
08-16 23:17:56.806 I/BufferQueueDebug(  966): [Transition Root: ActivityRecord{740f13c u0 com.google.android.gms/.auth.api.signin.ui.SignInActivity t271}#2440](this:0xb400007c623e9cb8,id:-1,api:0,p:-1,c:966) onDestructor()
08-16 23:17:56.806 I/BpBinder(  966): onLastStrongRef automatically unlinking death recipients: 
08-16 23:17:56.806 D/BLASTSyncEngine( 1501): SyncGroup 222:  Unfinished container: ActivityRecord{ae416eb u0 com.google.android.gms/.common.api.GoogleApiActivity t271} mSyncState=2
08-16 23:17:56.807 D/HWUI    (11994): HWUI - treat SMPTE_170M as sRGB
08-16 23:17:56.808 I/CocktailBarManagerServiceContainer( 1501): handleMessage: entry what = 6
08-16 23:17:56.808 I/CocktailBarManagerServiceImpl( 1501): notePauseComponent : no active host
08-16 23:17:56.809 D/SGM:FgCheckThread( 1501): notePauseComponent(), received pkgName: com.google.android.gms, userId: 0
08-16 23:17:56.809 D/SGM:FgCheckThread( 1501): notePauseComponent(), received pkgName: com.google.android.gms, userId: 0
08-16 23:17:56.809 D/SGM:FgCheckThread( 1501): notifyFocusInOut(). of pkg: com.google.android.gms, type: 20, isSecGameFamily: false, userId: 0
08-16 23:17:56.809 W/UserManagerService( 1501): Requested status bar icon for non-badged user 0
08-16 23:17:56.809 D/CoreBackPreview( 1501): Window{91bd9d5 u0 com.google.android.gms/com.google.android.gms.common.api.GoogleApiActivity}: Setting back callback OnBackInvokedCallbackInfo{mCallback=android.window.IOnBackInvokedCallback$Stub$Proxy@41c90db, mPriority=0, mIsAnimationCallback=false}
08-16 23:17:56.809 V/WindowManager( 1501): Relayout Window{91bd9d5 u0 com.google.android.gms/com.google.android.gms.common.api.GoogleApiActivity}: viewVisibility=0 req=1080x2340 ty=1 d0
08-16 23:17:56.809 D/SGM:GameManager( 1501): identifyGamePackage. com.google.android.gms, mCurrentUserId: 0, callerUserId: 0, callingMethodInfo: com.samsung.android.game.SemGameManager.isGamePackage(SemGameManager.java:105)
08-16 23:17:56.809 D/SGM:SemGameManager( 1501): isGamePackage(), pkgName=com.google.android.gms, ret=false
08-16 23:17:56.809 D/SGM:FgCheckThread( 1501):   notifyFocusInOut(). unexpected type. 20
08-16 23:17:56.810 I/BufferQueueDebug(  966): [com.google.android.gms/com.google.android.gms.common.api.GoogleApiActivity$_11994#2448](this:0xb400007c623dbcb8,id:-1,api:0,p:-1,c:-1) BufferQueue core=(966:/system/bin/surfaceflinger)
08-16 23:17:56.810 I/SurfaceFlinger(  966): id=2448 createSurf, flag=44004, com.google.android.gms/com.google.android.gms.common.api.GoogleApiActivity$_11994#2448
08-16 23:17:56.810 D/SystemUIService( 2044): SYSUI_RAM_OPTIMIZATION onTrimMemory=20
08-16 23:17:56.810 D/CentralSurfaces( 2044): SYSUI_RAM_OPTIMIZATION onTrimMemory=20
08-16 23:17:56.811 D/WindowManager( 1501): makeSurface duration=1 name=com.google.android.gms/com.google.android.gms.common.api.GoogleApiActivity$_11994
08-16 23:17:56.812 D/HWUI    ( 2044): CacheManager::trimMemory(20)
08-16 23:17:56.813 D/BLASTSyncEngine( 1501): SyncGroup 222:  Unfinished container: ActivityRecord{ae416eb u0 com.google.android.gms/.common.api.GoogleApiActivity t271} mSyncState=2
08-16 23:17:56.815 V/WindowManager( 1501): Relayout hash=91bd9d5, pid=11994, syncId=-1: mAttrs={(0,0)(fillxfill) sim={adjust=pan forwardNavigation} layoutInDisplayCutoutMode=always ty=BASE_APPLICATION fmt=TRANSPARENT wanim=0x1030000
08-16 23:17:56.815 V/WindowManager( 1501):   fl=1810100
08-16 23:17:56.815 V/WindowManager( 1501):   pfl=100088c0
08-16 23:17:56.815 V/WindowManager( 1501):   apr=10
08-16 23:17:56.815 V/WindowManager( 1501):   bhv=1
08-16 23:17:56.815 V/WindowManager( 1501):   fitSides=0
08-16 23:17:56.815 V/WindowManager( 1501):   frameRateBoostOnTouch=true
08-16 23:17:56.815 V/WindowManager( 1501):   dvrrWindowFrameRateHint=true naviIconColor=0
08-16 23:17:56.815 V/WindowManager( 1501):   sfl=100000}
08-16 23:17:56.815 I/CocktailBarManagerServiceContainer( 1501): handleMessage: entry what = 5
08-16 23:17:56.816 I/CocktailBarManagerServiceImpl( 1501): noteResumeComponent : no active host
08-16 23:17:56.816 I/InsetsController(11994): onStateChanged: host=com.google.android.gms/com.google.android.gms.common.api.GoogleApiActivity, from=android.view.ViewRootImpl.relayoutWindow:11304, state=InsetsState: {mDisplayFrame=Rect(0, 0 - 1080, 2340), mDisplayCutout=DisplayCutout{insets=Rect(0, 80 - 0, 0) waterfall=Insets{left=0, top=0, right=0, bottom=0} boundingRect={Bounds=[Rect(0, 0 - 0, 0), Rect(472, 0 - 608, 80), Rect(0, 0 - 0, 0), Rect(0, 0 - 0, 0)]} cutoutPathParserInfo={CutoutPathParserInfo{displayWidth=1080 displayHeight=2340 physicalDisplayWidth=1080 physicalDisplayHeight=2340 density={2.8125} cutoutSpec={M 0,0 H -24.177777778 V 28.4444444444 H 24.177777778 V 0 H 0 Z @dp} rotation={0} scale={1.0} physicalPixelDisplaySizeRatio={1.0}}} sideOverrides={}}, mRoundedCorners=RoundedCorners{[RoundedCorner{position=TopLeft, radius=113, center=Point(113, 113)}, RoundedCorner{position=TopRight, radius=113, center=Point(967, 113)}, RoundedCorner{position=BottomRight, radius=113, center=Point(967, 2227)}, RoundedCorner{position=BottomLeft, radius=113, center=Point(113, 2227)}]}  mRoundedCornerFrame=Rect(0, 0 - 1080, 2340), mPrivacyIndicatorBounds=PrivacyIndicatorBounds {static bounds=Rect(956, 0 - 1080, 80) rotation=0}, mDisplayShape=DisplayShape{ spec=-311912193 displayWidth=1080 displayHeight=2340 physicalPixelDisplaySizeRatio=1.0 rotation=0 offsetX=0 offsetY=0 scale=1.0}, mSources= { InsetsSource: {3 mType=ime mFrame=[0,0][0,0] mVisible=false mFlags= mSideHint=NONE mBoundingRects=null}, InsetsSource: {27 mType=displayCutout mFrame=[0,0][1080,80] mVisible=true mFlags= mSideHint=TOP mBoundingRects=null}, InsetsSource: {566a0000 mType=statusBars mFrame=[0,0][1080,80] mVisible=true mFlags= mSideHint=TOP mBoundingRects=null}, InsetsSource: {566a0005 mType=mandatorySystemGestures mFrame=[0,0][1080,114] mVisible=true mFlags= mSideHint=TOP mBoundingRects=null}, InsetsSource: {566a0006 mType=tappableElement mFrame=[0,0][1080,80] mVisible=true mFlags= mSideHint=TOP mBoundingRects=null}, InsetsSource: {5fa10001 mType=navigationBars mFrame=[0,2205][1080,2340] mVisible=true mFlags= mSideHint=BOTTOM mBoundingRects=null}, InsetsSource: {5fa10004 mType=systemGestures mFrame=[0,0][0,0] mVisible=true mFlags= mSideHint=NONE mBoundingRects=null}, InsetsSource: {5fa10005 mType=mandatorySystemGestures mFrame=[0,2205][1080,2340] mVisible=true mFlags= mSideHint=BOTTOM mBoundingRects=null}, InsetsSource: {5fa10006 mType=tappableElement mFrame=[0,2205][1080,2340] mVisible=true mFlags= mSideHint=BOTTOM mBoundingRects=null}, InsetsSource: {5fa10024 mType=systemGestures mFrame=[0,0][0,0] mVisible=true mFlags= mSideHint=NONE mBoundingRects=null} }
08-16 23:17:56.816 D/BufferQueueConsumer(11994): [](id:2eda00000001,api:0,p:-1,c:11994) connect: controlledByApp=false
08-16 23:17:56.817 I/BLASTBufferQueue(11994): [VRI[GoogleApiActivity]@e5aa01c#1](f:0,a:0,s:0) constructor()
08-16 23:17:56.817 I/BLASTBufferQueue_Java(11994): new BLASTBufferQueue, mName= VRI[GoogleApiActivity]@e5aa01c mNativeObject= 0xb400007ab7aa3800 sc.mNativeObject= 0xb400007ab7a56940 caller= android.view.ViewRootImpl.updateBlastSurfaceIfNeeded:3397 android.view.ViewRootImpl.relayoutWindow:11361 android.view.ViewRootImpl.performTraversals:4544 android.view.ViewRootImpl.doTraversal:3708 android.view.ViewRootImpl$TraversalRunnable.run:12542 android.view.Choreographer$CallbackRecord.run:1751 android.view.Choreographer$CallbackRecord.run:1760 android.view.Choreographer.doCallbacks:1216 android.view.Choreographer.doFrame:1142 android.view.Choreographer$FrameDisplayEventReceiver.run:1707 
08-16 23:17:56.818 I/BLASTBufferQueue_Java(11994): update, w= 1080 h= 2340 mName = VRI[GoogleApiActivity]@e5aa01c mNativeObject= 0xb400007ab7aa3800 sc.mNativeObject= 0xb400007ab7a56940 format= -2 caller= android.graphics.BLASTBufferQueue.<init>:88 android.view.ViewRootImpl.updateBlastSurfaceIfNeeded:3397 android.view.ViewRootImpl.relayoutWindow:11361 android.view.ViewRootImpl.performTraversals:4544 android.view.ViewRootImpl.doTraversal:3708 android.view.ViewRootImpl$TraversalRunnable.run:12542 
08-16 23:17:56.818 I/BLASTBufferQueue(11994): [VRI[GoogleApiActivity]@e5aa01c#1](f:0,a:0,s:0) update width=1080 height=2340 format=-2 mTransformHint=0
08-16 23:17:56.818 I/VRI[GoogleApiActivity]@e5aa01c(11994): Relayout returned: old=(0,0,1080,2340) new=(0,0,1080,2340) relayoutAsync=false req=(1080,2340)0 dur=7 res=0x3 s={true 0xb400007a9d223000} ch=true seqId=0
08-16 23:17:56.818 D/SGM:FgCheckThread( 1501): noteResumeComponent(), received pkgName: com.google.android.gms, userId: 0
08-16 23:17:56.818 I/VRI[GoogleApiActivity]@e5aa01c(11994): performConfigurationChange setNightDimText nightDimLevel=0
08-16 23:17:56.819 D/VRI[GoogleApiActivity]@e5aa01c(11994): mThreadedRenderer.initialize() mSurface={isValid=true 0xb400007a9d223000} hwInitialized=true
08-16 23:17:56.819 D/VRI[GoogleApiActivity]@e5aa01c(11994): reportNextDraw android.view.ViewRootImpl.performTraversals:5193 android.view.ViewRootImpl.doTraversal:3708 android.view.ViewRootImpl$TraversalRunnable.run:12542 android.view.Choreographer$CallbackRecord.run:1751 android.view.Choreographer$CallbackRecord.run:1760 
08-16 23:17:56.819 D/VRI[GoogleApiActivity]@e5aa01c(11994): Setup new sync=wmsSync-VRI[GoogleApiActivity]@e5aa01c#2
08-16 23:17:56.819 I/VRI[GoogleApiActivity]@e5aa01c(11994): Creating new active sync group VRI[GoogleApiActivity]@e5aa01c#3
08-16 23:17:56.819 D/VRI[GoogleApiActivity]@e5aa01c(11994): registerCallbacksForSync syncBuffer=false
08-16 23:17:56.819 W/AudioALSACaptureDataProviderNormal(  875): readThread, latency_in_s,0.000001,0.043308,0.000035, totalTime 0.043344 > logTimeout 0.022000 TIMEOUT!!
08-16 23:17:56.819 I/SDHMS:l ( 4068): handleResumeComponent : put = com.google.android.gms, userid = 0 instanceid =163248606
08-16 23:17:56.828 W/libc    (11994): Access denied finding property "ro.vendor.magt.mtk_magt_support"
08-16 23:17:56.828 D/MAGT_SYNC_FRAME(11994): MAGT Sync: MAGT is not supported. Disabling Sync.
08-16 23:17:56.828 D/VRI[GoogleApiActivity]@e5aa01c(11994): Received frameDrawingCallback syncResult=0 frameNum=1.
08-16 23:17:56.828 I/VRI[GoogleApiActivity]@e5aa01c(11994): mWNT: t=0xb400007a9d255180 mBlastBufferQueue=0xb400007ab7aa3800 fn= 1 HdrRenderState mRenderHdrSdrRatio=1.0 caller= android.view.ViewRootImpl$11.onFrameDraw:15016 android.view.ThreadedRenderer$1.onFrameDraw:761 <bottom of call stack> 
08-16 23:17:56.829 I/VRI[GoogleApiActivity]@e5aa01c(11994): Setting up sync and frameCommitCallback
08-16 23:17:56.832 D/.android.gms.ui(11994): Can't load libmbrainSDK
08-16 23:17:56.876 W/AudioALSACaptureDataProviderNormal(  875): readThread, latency_in_s,0.000001,0.039947,0.000053, totalTime 0.040001 > logTimeout 0.022000 TIMEOUT!!
08-16 23:17:56.879 I/BLASTBufferQueue(11994): [VRI[GoogleApiActivity]@e5aa01c#1](f:0,a:0,s:0) onFrameAvailable the first frame is available
08-16 23:17:56.880 W/libc    (11994): Access denied finding property "ro.vendor.mtk.gpu.sw3d"
08-16 23:17:56.882 I/GrallocExtra(11994): gralloc_extra_query:is_SW3D 0
08-16 23:17:56.883 I/BLASTBufferQueue(11994): [VRI[GoogleApiActivity]@e5aa01c#1](f:0,a:1,s:0) acquireNextBufferLocked size=1080x2340 mFrameNumber=1 applyTransaction=true mTimestamp=6134396151211(auto) mPendingTransactions.size=0 graphicBufferId=51513837748228 transform=0
08-16 23:17:56.883 D/.android.gms.ui(11994): Can't load libmbrainSDK
08-16 23:17:56.884 I/VRI[GoogleApiActivity]@e5aa01c(11994): Received frameCommittedCallback lastAttemptedDrawFrameNum=1 didProduceBuffer=true
08-16 23:17:56.885 D/HWUI    (11994): CFMS:: SetUp Pid : 11994    Tid : 12030
08-16 23:17:56.885 D/VRI[GoogleApiActivity]@e5aa01c(11994): reportDrawFinished seqId=0
08-16 23:17:56.885 D/WindowManager( 1501): finishDrawingWindow: Window{91bd9d5 u0 com.google.android.gms/com.google.android.gms.common.api.GoogleApiActivity} mDrawState=DRAW_PENDING seqId=0
08-16 23:17:56.885 I/ImeFocusController(11994): onPreWindowFocus: skipped hasWindowFocus=false mHasImeFocus=true
08-16 23:17:56.887 I/ImeFocusController(11994): onPostWindowFocus: skipped hasWindowFocus=false mHasImeFocus=true
08-16 23:17:56.887 D/GraphicsStatsService( 1501): requestRenderEngineFor(com.google.android.gms)
08-16 23:17:56.888 D/ActivityThread(11994): com.google.android.gms will use render engine as VK
08-16 23:17:56.888 D/BLASTSyncEngine( 1501): SyncGroup 222:  Unfinished container: ActivityRecord{c59c60 u0 com.google.android.gms/.signin.activity.SignInActivity t271} mSyncState=2
08-16 23:17:56.889 D/BLASTSyncEngine( 1501): SyncGroup 222:  Unfinished container: ActivityRecord{c59c60 u0 com.google.android.gms/.signin.activity.SignInActivity t271} mSyncState=2
08-16 23:17:56.905 I/SDHMS:l ( 4068): onTaskStackChanged
08-16 23:17:56.906 I/HoneySpace.RecentTasks( 2832): onRecentTasksChanged
08-16 23:17:56.908 W/GmsActivityProxy(11994): Error binding root VE for SignInActivity [CONTEXT service_id=264 ]
08-16 23:17:56.908 W/GmsActivityProxy(11994): java.lang.IllegalStateException: com.google.android.gms.signin.activity.SignInChimeraActivity is missing a @GmsCoreVeId annotation.
08-16 23:17:56.908 W/GmsActivityProxy(11994): 	at ausq.onCreate(:com.google.android.gms@253031035@25.30.31 (260400-786424874):21)
08-16 23:17:56.908 W/GmsActivityProxy(11994): 	at android.app.Activity.performCreate(Activity.java:9363)
08-16 23:17:56.908 W/GmsActivityProxy(11994): 	at android.app.Activity.performCreate(Activity.java:9332)
08-16 23:17:56.908 W/GmsActivityProxy(11994): 	at android.app.Instrumentation.callActivityOnCreate(Instrumentation.java:1526)
08-16 23:17:56.908 W/GmsActivityProxy(11994): 	at android.app.ActivityThread.performLaunchActivity(ActivityThread.java:4440)
08-16 23:17:56.908 W/GmsActivityProxy(11994): 	at android.app.ActivityThread.handleLaunchActivity(ActivityThread.java:4689)
08-16 23:17:56.908 W/GmsActivityProxy(11994): 	at android.app.servertransaction.LaunchActivityItem.execute(LaunchActivityItem.java:112)
08-16 23:17:56.908 W/GmsActivityProxy(11994): 	at android.app.servertransaction.TransactionExecutor.executeNonLifecycleItem(TransactionExecutor.java:174)
08-16 23:17:56.908 W/GmsActivityProxy(11994): 	at android.app.servertransaction.TransactionExecutor.executeTransactionItems(TransactionExecutor.java:109)
08-16 23:17:56.908 W/GmsActivityProxy(11994): 	at android.app.servertransaction.TransactionExecutor.execute(TransactionExecutor.java:81)
08-16 23:17:56.908 W/GmsActivityProxy(11994): 	at android.app.ActivityThread$H.handleMessage(ActivityThread.java:2899)
08-16 23:17:56.908 W/GmsActivityProxy(11994): 	at android.os.Handler.dispatchMessage(Handler.java:107)
08-16 23:17:56.908 W/GmsActivityProxy(11994): 	at android.os.Looper.loopOnce(Looper.java:257)
08-16 23:17:56.908 W/GmsActivityProxy(11994): 	at android.os.Looper.loop(Looper.java:342)
08-16 23:17:56.908 W/GmsActivityProxy(11994): 	at android.app.ActivityThread.main(ActivityThread.java:9638)
08-16 23:17:56.908 W/GmsActivityProxy(11994): 	at java.lang.reflect.Method.invoke(Native Method)
08-16 23:17:56.908 W/GmsActivityProxy(11994): 	at com.android.internal.os.RuntimeInit$MethodAndArgsCaller.run(RuntimeInit.java:619)
08-16 23:17:56.908 W/GmsActivityProxy(11994): 	at com.android.internal.os.ZygoteInit.main(ZygoteInit.java:929)
08-16 23:17:56.909 I/SDHMS:N0( 4068): p2p-if:: false, , 
08-16 23:17:56.910 I/DecorView(11994): setWindowBackground: isPopOver=false color=0 d=android.graphics.drawable.ColorDrawable@94e7657
08-16 23:17:56.912 I/SemDvfsHyPerManager( 4068): acquire hyper - TABaseBoost/4068@19, type = -999
08-16 23:17:56.913 I/HYPER-HAL(  889): [RequestManager.cpp]acquire(): Acquired ID : 8353847  [4068 / 19]    HINT :      list : [TASchedtuneBoost / 0] 
08-16 23:17:56.915 D/SurfaceFlinger(  966): [SF client] NEW(0xb400007c78d72780) for (11994:com.google.android.gms.ui)
08-16 23:17:56.916 I/HoneySpace.HistoryViewModel@156858846@OneUI( 2832): Illegal access. Unknown type. skip load history items
08-16 23:17:56.916 I/ViewRootImpl(11994): dVRR is disabled
08-16 23:17:56.916 W/AudioALSACaptureDataProviderNormal(  875): readThread, latency_in_s,0.000000,0.039481,0.000030, totalTime 0.039511 > logTimeout 0.022000 TIMEOUT!!
08-16 23:17:56.917 D/NativeCustomFrequencyManager(11994): [NativeCFMS] BpCustomFrequencyManager::BpCustomFrequencyManager()
08-16 23:17:56.919 D/InputTransport( 1501): Input channel constructed: '7495fb7', fd=1102
08-16 23:17:56.919 D/InputTransport( 1501): Input channel constructed: '7495fb7', fd=1106
08-16 23:17:56.919 D/InputTransport( 1501): Input channel constructed: '7495fb7', fd=1107
08-16 23:17:56.919 D/WindowManager( 1501): prepareSync <SYNC_STATE_WAITING_FOR_DRAW>, mPrepareSyncSeqId=0, win=Window{7495fb7 u0 com.google.android.gms/com.google.android.gms.signin.activity.SignInActivity}
08-16 23:17:56.920 I/BufferQueueDebug(  966): [7495fb7 com.google.android.gms/com.google.android.gms.signin.activity.SignInActivity#2449](this:0xb400007c623f3cb8,id:-1,api:0,p:-1,c:-1) BufferQueue core=(966:/system/bin/surfaceflinger)
08-16 23:17:56.920 I/SurfaceFlinger(  966): id=2449 createSurf, flag=84004, 7495fb7 com.google.android.gms/com.google.android.gms.signin.activity.SignInActivity#2449
08-16 23:17:56.921 D/RestrictionPolicy( 1501): isScreenCaptureEnabled : ret=true userId=0
08-16 23:17:56.921 D/RestrictionPolicy( 1501): isScreenCaptureEnabled : ret=true userId=0
08-16 23:17:56.922 D/InputTransport( 1501): Input channel destroyed: '7495fb7', fd=1107
08-16 23:17:56.923 D/InputTransport(11994): Input channel constructed: '7495fb7', fd=181
