08-17 00:02:07.083 D/ActivityTaskManager( 1501): scheduleTopResumedActivityChanged, onTop=true, r=ActivityRecord{65af231 u0 com.google.android.gms/.auth.api.signin.ui.SignInActivity t271}, caller=com.android.server.wm.ActivityTaskSupervisor.updateTopResumedActivityIfNeeded:62 com.android.server.wm.TaskFragment.setResumedActivity:29 com.android.server.wm.ActivityRecord.setState:104 com.android.server.wm.TaskFragment.resumeTopActivity:1800 com.android.server.wm.Task.resumeTopActivityInnerLocked:98 com.android.server.wm.Task.resumeTopActivityUncheckedLocked:23 
08-17 00:02:07.088 I/VRI[SignInActivity]@a008cc7(11994): handleAppVisibility mAppVisible = true visible = false
08-17 00:02:07.088 D/VRI[SignInActivity]@a008cc7(11994): visibilityChanged oldVisibility=true newVisibility=false
08-17 00:02:07.091 V/WindowManager( 1501): Collecting in transition 312: ActivityRecord{65af231 u0 com.google.android.gms/.auth.api.signin.ui.SignInActivity t271 f}}, caller=com.android.server.wm.Transition.collectExistenceChange:42 com.android.server.wm.Transition.collectClose:7 com.android.server.wm.ActivityRecord.finishIfPossible:43 com.android.server.wm.ActivityClientController.finishActivity:225 android.app.IActivityClientController$Stub.onTransact:822 
08-17 00:02:07.091 D/WindowManager( 1501): prepareSync <SYNC_STATE_WAITING_FOR_DRAW>, mPrepareSyncSeqId=0, win=Window{8d0118f u0 com.google.android.gms/com.google.android.gms.auth.api.signin.ui.SignInActivity}
08-17 00:02:07.091 V/WindowManager( 1501): Collecting in transition 312: ActivityRecord{65af231 u0 com.google.android.gms/.auth.api.signin.ui.SignInActivity t271 f}}, caller=com.android.server.wm.TransitionController.collect:7 com.android.server.wm.ActivityRecord.setVisibility:189 com.android.server.wm.ActivityRecord.finishIfPossible:82 com.android.server.wm.ActivityClientController.finishActivity:225 android.app.IActivityClientController$Stub.onTransact:822 
08-17 00:02:07.091 I/Layer   (  966): id=3241 Destroyed Transition Root: ActivityRecord{8347167 u0 com.google.android.gms/.signin.activity.SignInActivity t271 f}}#3241
08-17 00:02:07.091 I/BufferQueueDebug(  966): [Transition Root: ActivityRecord{8347167 u0 com.google.android.gms/.signin.activity.SignInActivity t271 f}}#3241](this:0xb400007c6259ccb8,id:-1,api:0,p:-1,c:966) onDestructor()
08-17 00:02:07.091 D/ActivityTaskManager( 1501): scheduleTopResumedActivityChanged, onTop=false, r=ActivityRecord{65af231 u0 com.google.android.gms/.auth.api.signin.ui.SignInActivity t271 f}}, caller=com.android.server.wm.ActivityTaskSupervisor.scheduleTopResumedActivityStateLossIfNeeded:11 com.android.server.wm.ActivityTaskSupervisor.updateTopResumedActivityIfNeeded:19 com.android.server.wm.TaskFragment.setResumedActivity:29 com.android.server.wm.ActivityRecord.setState:95 com.android.server.wm.TaskFragment.startPausing$1:210 com.android.server.wm.ActivityRecord.finishIfPossible:89 
08-17 00:02:07.094 V/WindowManager( 1501): Relayout Window{dadefd6 u0 com.google.android.gms/com.google.android.gms.signin.activity.SignInActivity}: viewVisibility=8 req=0x0 ty=1 d0
08-17 00:02:07.097 D/WindowManager( 1501): Changing focus from Window{8d0118f u0 com.google.android.gms/com.google.android.gms.auth.api.signin.ui.SignInActivity} to null displayId=0 Callers=com.android.server.wm.WindowManagerService.relayoutWindowInner:142 com.android.server.wm.WindowManagerService.relayoutWindow:6 com.android.server.wm.Session.relayout:27 android.view.IWindowSession$Stub.onTransact:861 
08-17 00:02:07.105 I/BLASTBufferQueue(11994): [VRI[SignInActivity]@a008cc7#46](f:0,a:0,s:0) destructor()
08-17 00:02:07.105 D/BufferQueueConsumer(11994): [VRI[SignInActivity]@a008cc7#46(BLAST Consumer)46](id:2eda0000002e,api:0,p:-1,c:11994) disconnect
08-17 00:02:07.105 I/VRI[SignInActivity]@a008cc7(11994): Relayout returned: old=(540,1142,540,1142) new=(540,1142,540,1142) relayoutAsync=false req=(0,0)8 dur=11 res=0x2 s={false 0x0} ch=true seqId=0
08-17 00:02:07.105 D/VRI[SignInActivity]@a008cc7(11994): Not drawing due to not visible. Reason=!mAppVisible && !mForceDecorViewVisibility
08-17 00:02:07.106 I/InsetsSourceConsumer(11994): applyRequestedVisibilityToControl: visible=true, type=navigationBars, host=com.google.android.gms/com.google.android.gms.auth.api.signin.ui.SignInActivity
08-17 00:02:07.106 I/InsetsSourceConsumer(11994): applyRequestedVisibilityToControl: visible=true, type=statusBars, host=com.google.android.gms/com.google.android.gms.auth.api.signin.ui.SignInActivity
08-17 00:02:07.109 D/InputDispatcher( 1501): Focused application(0): ActivityRecord{a979cf9 u0 com.ballerbizoy.ballerai/com.google.android.gms.auth.api.signin.internal.SignInHubActivity t271}
08-17 00:02:07.110 D/WindowManager( 1501): Changing focus from null to Window{14514a2 u0 com.ballerbizoy.ballerai/com.google.android.gms.auth.api.signin.internal.SignInHubActivity} displayId=0 Callers=com.android.server.wm.ActivityTaskManagerService.setLastResumedActivityUncheckLocked:264 com.android.server.wm.ActivityTaskSupervisor.updateTopResumedActivityIfNeeded:50 com.android.server.wm.TaskFragment.setResumedActivity:29 com.android.server.wm.ActivityRecord.setState:104 
08-17 00:02:07.113 D/InsetsSourceProvider( 1501): updateControlForTarget: control=InsetsSourceControl: {5fa10001 mType=navigationBars initiallyVisible mSurfacePosition=Point(0, 2205) mInsetsHint=Insets{left=0, top=0, right=0, bottom=135}}, target=Window{14514a2 u0 com.ballerbizoy.ballerai/com.google.android.gms.auth.api.signin.internal.SignInHubActivity}, from=com.android.server.wm.InsetsStateController.onControlTargetChanged:81 com.android.server.wm.InsetsPolicy.updateBarControlTarget:176 com.android.server.wm.DisplayPolicy.updateSystemBarAttributes:281 com.android.server.wm.WindowManagerService.updateFocusedWindowLocked:375 com.android.server.wm.ActivityTaskManagerService.setLastResumedActivityUncheckLocked:264 
08-17 00:02:07.115 D/InsetsSourceProvider( 1501): updateControlForTarget: control=InsetsSourceControl: {566a0000 mType=statusBars initiallyVisible mSurfacePosition=Point(0, 0) mInsetsHint=Insets{left=0, top=80, right=0, bottom=0}}, target=Window{14514a2 u0 com.ballerbizoy.ballerai/com.google.android.gms.auth.api.signin.internal.SignInHubActivity}, from=com.android.server.wm.InsetsStateController.onControlTargetChanged:81 com.android.server.wm.InsetsPolicy.updateBarControlTarget:163 com.android.server.wm.DisplayPolicy.updateSystemBarAttributes:281 com.android.server.wm.WindowManagerService.updateFocusedWindowLocked:375 com.android.server.wm.ActivityTaskManagerService.setLastResumedActivityUncheckLocked:264 
08-17 00:02:07.116 D/WindowManager( 1501): updateSystemBarAttributes: displayId=0, focusedCanBeNavColorWin=false, win=Window{14514a2 u0 com.ballerbizoy.ballerai/com.google.android.gms.auth.api.signin.internal.SignInHubActivity}, navColorWin=Window{fcafefe u0 com.google.android.gms/com.google.android.gms.common.api.GoogleApiActivity}, caller=com.android.server.wm.WindowManagerService.updateFocusedWindowLocked:375 com.android.server.wm.ActivityTaskManagerService.setLastResumedActivityUncheckLocked:264 com.android.server.wm.ActivityTaskSupervisor.updateTopResumedActivityIfNeeded:50 
08-17 00:02:07.117 V/SystemKeyManager( 1501): updateFocusedWindow() is called, com.ballerbizoy.ballerai/com.google.android.gms.auth.api.signin.internal.SignInHubActivity
08-17 00:02:07.117 D/ActivityTaskManager( 1501): scheduleTopResumedActivityChanged, onTop=true, r=ActivityRecord{a979cf9 u0 com.ballerbizoy.ballerai/com.google.android.gms.auth.api.signin.internal.SignInHubActivity t271}, caller=com.android.server.wm.ActivityTaskSupervisor.updateTopResumedActivityIfNeeded:62 com.android.server.wm.TaskFragment.setResumedActivity:29 com.android.server.wm.ActivityRecord.setState:104 com.android.server.wm.TaskFragment.resumeTopActivity:1800 com.android.server.wm.Task.resumeTopActivityInnerLocked:98 com.android.server.wm.Task.resumeTopActivityUncheckedLocked:23 
08-17 00:02:07.123 V/WindowManager( 1501): Start calculating TransitionInfo based on participants: {ActivityRecord{2b95d11 u0 com.google.android.gms/.common.api.GoogleApiActivity t271 f}}, ActivityRecord{65af231 u0 com.google.android.gms/.auth.api.signin.ui.SignInActivity t271 f}}}
08-17 00:02:07.123 V/WindowManager( 1501):   Final targets: [ActivityRecord{2b95d11 u0 com.google.android.gms/.common.api.GoogleApiActivity t271 f}}, ActivityRecord{65af231 u0 com.google.android.gms/.auth.api.signin.ui.SignInActivity t271 f}}]
08-17 00:02:07.125 V/WindowManager( 1501):         {null m=CLOSE f=TRANSLUCENT|FILLS_TASK|IS_ACTIVITY|EDGE_EXTENSION_RESTRICTION leash=Surface(name=ActivityRecord{65af231 u0 com.google.android.gms/.auth.api.signin.ui.SignInActivity t271})/@0xa930bd9 sb=Rect(0, 0 - 1080, 2340) eb=Rect(0, 0 - 1080, 2340) d=0 bc=fffafafa component=com.google.android.gms/.auth.api.signin.ui.SignInActivity inset=Rect(0, 0 - 0, 0) taskIdForActivity=271}
08-17 00:02:07.128 V/WindowManager( 1501):         {null m=CLOSE f=TRANSLUCENT|FILLS_TASK|IS_ACTIVITY|EDGE_EXTENSION_RESTRICTION leash=Surface(name=ActivityRecord{65af231 u0 com.google.android.gms/.auth.api.signin.ui.SignInActivity t271})/@0xa930bd9 sb=Rect(0, 0 - 1080, 2340) eb=Rect(0, 0 - 1080, 2340) d=0 bc=fffafafa component=com.google.android.gms/.auth.api.signin.ui.SignInActivity inset=Rect(0, 0 - 0, 0) taskIdForActivity=271}
08-17 00:02:07.129 V/WindowManagerShell( 2044): onTransitionReady (#312) android.os.BinderProxy@fdcec5a: {id=312 t=CLOSE f=0x0 trk=1 opt={t=FROM_STYLE} r=[0@Point(0, 0)] c=[{null m=CLOSE f=TRANSLUCENT|FILLS_TASK|IS_ACTIVITY|EDGE_EXTENSION_RESTRICTION leash=Surface(name=ActivityRecord{2b95d11 u0 com.google.android.gms/.common.api.GoogleApiActivity t271})/@0x8b03e8b sb=Rect(0, 0 - 1080, 2340) eb=Rect(0, 0 - 1080, 2340) d=0 bc=fffafafa component=com.google.android.gms/.common.api.GoogleApiActivity inset=Rect(0, 0 - 0, 0) taskIdForActivity=271},{null m=CLOSE f=TRANSLUCENT|FILLS_TASK|IS_ACTIVITY|EDGE_EXTENSION_RESTRICTION leash=Surface(name=ActivityRecord{65af231 u0 com.google.android.gms/.auth.api.signin.ui.SignInActivity t271})/@0x9b2b68 sb=Rect(0, 0 - 1080, 2340) eb=Rect(0, 0 - 1080, 2340) d=0 bc=fffafafa component=com.google.android.gms/.auth.api.signin.ui.SignInActivity inset=Rect(0, 0 - 0, 0) taskIdForActivity=271}]}
08-17 00:02:07.130 I/SurfaceControlRegistry( 2044): hide, t=FinishTransaction_SyncId<312> sc=ActivityRecord{65af231 u0 com.google.android.gms/.auth.api.signin.ui.SignInActivity t271}, caller=android.view.SurfaceControl$Transaction.hide:3258 com.android.wm.shell.transition.Transitions.dispatchReady:929 com.android.wm.shell.transition.Transitions.onTransitionReady:244 com.android.wm.shell.transition.Transitions$TransitionPlayerImpl$$ExternalSyntheticLambda0.run:13 android.os.Handler.handleCallback:959 android.os.Handler.dispatchMessage:100 
08-17 00:02:07.133 V/WindowManager( 1501): Collecting in transition 313: ActivityRecord{a979cf9 u0 com.ballerbizoy.ballerai/com.google.android.gms.auth.api.signin.internal.SignInHubActivity t271 f}}, caller=com.android.server.wm.Transition.collectExistenceChange:42 com.android.server.wm.Transition.collectClose:7 com.android.server.wm.ActivityRecord.finishIfPossible:41 com.android.server.wm.ActivityClientController.finishActivity:225 android.app.IActivityClientController$Stub.onTransact:822 
08-17 00:02:07.134 D/WindowManager( 1501): prepareSync <SYNC_STATE_WAITING_FOR_DRAW>, mPrepareSyncSeqId=0, win=Window{14514a2 u0 com.ballerbizoy.ballerai/com.google.android.gms.auth.api.signin.internal.SignInHubActivity}
08-17 00:02:07.134 V/WindowManagerShell( 2044): Transition doesn't have explicit remote, search filters for match for {id=312 t=CLOSE f=0x0 trk=1 opt={t=FROM_STYLE} r=[0@Point(0, 0)] c=[{null m=CLOSE f=TRANSLUCENT|FILLS_TASK|IS_ACTIVITY|EDGE_EXTENSION_RESTRICTION leash=Surface(name=ActivityRecord{2b95d11 u0 com.google.android.gms/.common.api.GoogleApiActivity t271})/@0x8b03e8b sb=Rect(0, 0 - 1080, 2340) eb=Rect(0, 0 - 1080, 2340) d=0 bc=fffafafa component=com.google.android.gms/.common.api.GoogleApiActivity inset=Rect(0, 0 - 0, 0) taskIdForActivity=271},{null m=CLOSE f=TRANSLUCENT|FILLS_TASK|IS_ACTIVITY|EDGE_EXTENSION_RESTRICTION leash=Surface(name=ActivityRecord{65af231 u0 com.google.android.gms/.auth.api.signin.ui.SignInActivity t271})/@0x9b2b68 sb=Rect(0, 0 - 1080, 2340) eb=Rect(0, 0 - 1080, 2340) d=0 bc=fffafafa component=com.google.android.gms/.auth.api.signin.ui.SignInActivity inset=Rect(0, 0 - 0, 0) taskIdForActivity=271}]}
08-17 00:02:07.135 V/WindowManager( 1501): Collecting in transition 313: ActivityRecord{a979cf9 u0 com.ballerbizoy.ballerai/com.google.android.gms.auth.api.signin.internal.SignInHubActivity t271 f}}, caller=com.android.server.wm.TransitionController.collect:7 com.android.server.wm.ActivityRecord.setVisibility:189 com.android.server.wm.ActivityRecord.finishIfPossible:82 com.android.server.wm.ActivityClientController.finishActivity:225 android.app.IActivityClientController$Stub.onTransact:822 
08-17 00:02:07.136 D/ActivityTaskManager( 1501): scheduleTopResumedActivityChanged, onTop=false, r=ActivityRecord{a979cf9 u0 com.ballerbizoy.ballerai/com.google.android.gms.auth.api.signin.internal.SignInHubActivity t271 f}}, caller=com.android.server.wm.ActivityTaskSupervisor.scheduleTopResumedActivityStateLossIfNeeded:11 com.android.server.wm.ActivityTaskSupervisor.updateTopResumedActivityIfNeeded:19 com.android.server.wm.TaskFragment.setResumedActivity:29 com.android.server.wm.ActivityRecord.setState:95 com.android.server.wm.TaskFragment.startPausing$1:210 com.android.server.wm.ActivityRecord.finishIfPossible:89 
08-17 00:02:07.136 V/WindowManagerShell( 2044): start default transition animation, info = {id=312 t=CLOSE f=0x0 trk=1 opt={t=FROM_STYLE} r=[0@Point(0, 0)] c=[{null m=CLOSE f=TRANSLUCENT|FILLS_TASK|IS_ACTIVITY|EDGE_EXTENSION_RESTRICTION leash=Surface(name=ActivityRecord{2b95d11 u0 com.google.android.gms/.common.api.GoogleApiActivity t271})/@0x8b03e8b sb=Rect(0, 0 - 1080, 2340) eb=Rect(0, 0 - 1080, 2340) d=0 bc=fffafafa component=com.google.android.gms/.common.api.GoogleApiActivity inset=Rect(0, 0 - 0, 0) taskIdForActivity=271},{null m=CLOSE f=TRANSLUCENT|FILLS_TASK|IS_ACTIVITY|EDGE_EXTENSION_RESTRICTION leash=Surface(name=ActivityRecord{65af231 u0 com.google.android.gms/.auth.api.signin.ui.SignInActivity t271})/@0x9b2b68 sb=Rect(0, 0 - 1080, 2340) eb=Rect(0, 0 - 1080, 2340) d=0 bc=fffafafa component=com.google.android.gms/.auth.api.signin.ui.SignInActivity inset=Rect(0, 0 - 0, 0) taskIdForActivity=271}]}
08-17 00:02:07.137 V/WindowManagerShell( 2044):    change={null m=CLOSE f=TRANSLUCENT|FILLS_TASK|IS_ACTIVITY|EDGE_EXTENSION_RESTRICTION leash=Surface(name=ActivityRecord{65af231 u0 com.google.android.gms/.auth.api.signin.ui.SignInActivity t271})/@0x9b2b68 sb=Rect(0, 0 - 1080, 2340) eb=Rect(0, 0 - 1080, 2340) d=0 bc=fffafafa component=com.google.android.gms/.auth.api.signin.ui.SignInActivity inset=Rect(0, 0 - 0, 0) taskIdForActivity=271}
08-17 00:02:07.139 D/SurfaceComposerClient( 1501): Transaction::apply InputWindowCommands.focusRequests timestamp=8784646798753, windowName=14514a2 com.ballerbizoy.ballerai/com.google.android.gms.auth.api.signin.internal.SignInHubActivity
08-17 00:02:07.141 I/InsetsController( 9856): onStateChanged: host=com.ballerbizoy.ballerai/com.google.android.gms.auth.api.signin.internal.SignInHubActivity, from=android.view.ViewRootImpl.handleInsetsControlChanged:2888, state=InsetsState: {mDisplayFrame=Rect(0, 0 - 1080, 2340), mDisplayCutout=DisplayCutout{insets=Rect(0, 80 - 0, 0) waterfall=Insets{left=0, top=0, right=0, bottom=0} boundingRect={Bounds=[Rect(0, 0 - 0, 0), Rect(472, 0 - 608, 80), Rect(0, 0 - 0, 0), Rect(0, 0 - 0, 0)]} cutoutPathParserInfo={CutoutPathParserInfo{displayWidth=1080 displayHeight=2340 physicalDisplayWidth=1080 physicalDisplayHeight=2340 density={2.8125} cutoutSpec={M 0,0 H -24.177777778 V 28.4444444444 H 24.177777778 V 0 H 0 Z @dp} rotation={0} scale={1.0} physicalPixelDisplaySizeRatio={1.0}}} sideOverrides={}}, mRoundedCorners=RoundedCorners{[RoundedCorner{position=TopLeft, radius=113, center=Point(113, 113)}, RoundedCorner{position=TopRight, radius=113, center=Point(967, 113)}, RoundedCorner{position=BottomRight, radius=113, center=Point(967, 2227)}, RoundedCorner{position=BottomLeft, radius=113, center=Point(113, 2227)}]}  mRoundedCornerFrame=Rect(0, 0 - 1080, 2340), mPrivacyIndicatorBounds=PrivacyIndicatorBounds {static bounds=Rect(956, 0 - 1080, 80) rotation=0}, mDisplayShape=DisplayShape{ spec=-311912193 displayWidth=1080 displayHeight=2340 physicalPixelDisplaySizeRatio=1.0 rotation=0 offsetX=0 offsetY=0 scale=1.0}, mSources= { InsetsSource: {27 mType=displayCutout mFrame=[0,0][1080,80] mVisible=true mFlags= mSideHint=TOP mBoundingRects=null}, InsetsSource: {566a0000 mType=statusBars mFrame=[0,0][1080,80] mVisible=true mFlags= mSideHint=TOP mBoundingRects=null}, InsetsSource: {566a0005 mType=mandatorySystemGestures mFrame=[0,0][1080,114] mVisible=true mFlags= mSideHint=TOP mBoundingRects=null}, InsetsSource: {566a0006 mType=tappableElement mFrame=[0,0][1080,80] mVisible=true mFlags= mSideHint=TOP mBoundingRects=null}, InsetsSource: {5fa10001 mType=navigationBars mFrame=[0,2205][1080,2340] mVisible=true mFlags= mSideHint=BOTTOM mBoundingRects=null}, InsetsSource: {5fa10004 mType=systemGestures mFrame=[0,0][0,0] mVisible=true mFlags= mSideHint=NONE mBoundingRects=null}, InsetsSource: {5fa10005 mType=mandatorySystemGestures mFrame=[0,2205][1080,2340] mVisible=true mFlags= mSideHint=BOTTOM mBoundingRects=null}, InsetsSource: {5fa10006 mType=tappableElement mFrame=[0,2205][1080,2340] mVisible=true mFlags= mSideHint=BOTTOM mBoundingRects=null}, InsetsSource: {5fa10024 mType=systemGestures mFrame=[0,0][0,0] mVisible=true mFlags= mSideHint=NONE mBoundingRects=null} }
08-17 00:02:07.142 I/InsetsSourceConsumer( 9856): applyRequestedVisibilityToControl: visible=true, type=navigationBars, host=com.ballerbizoy.ballerai/com.google.android.gms.auth.api.signin.internal.SignInHubActivity
08-17 00:02:07.143 I/InsetsSourceConsumer( 9856): applyRequestedVisibilityToControl: visible=true, type=statusBars, host=com.ballerbizoy.ballerai/com.google.android.gms.auth.api.signin.internal.SignInHubActivity
08-17 00:02:07.145 D/SurfaceFlinger(  966): Focus addInputWindowCommands timestamp=8784646798753, windowName=14514a2 com.ballerbizoy.ballerai/com.google.android.gms.auth.api.signin.internal.SignInHubActivity
08-17 00:02:07.145 V/WindowManager( 1501): Setting visibility of Window{8d0118f u0 com.google.android.gms/com.google.android.gms.auth.api.signin.ui.SignInActivity}: false, caller=com.android.server.wm.WindowContainer.sendAppVisibilityToClients:19 com.android.server.wm.WindowToken.setClientVisible:49 com.android.server.wm.ActivityRecord.setClientVisible:8 com.android.server.wm.ActivityRecord.commitVisibility:273 com.android.server.wm.TransitionController.finishTransition:766 
08-17 00:02:07.148 D/SurfaceFlinger(  966):        DEVICE |   0xb400007c98d025c0 | 0001 | RGBA_8888    |    0.0    0.0 1080.0 2340.0 |    0    0 1080 2340 | com.ballerbizoy.ballerai/com.google.[...]nternal.SignInHubActivity$_9856#3199 (1)
08-17 00:02:07.149 D/SurfaceFlinger(  966): updateWinowInfo=1, setFocusedWindow timestamp=8784646798753, windowName=14514a2 com.ballerbizoy.ballerai/com.google.android.gms.auth.api.signin.internal.SignInHubActivity
08-17 00:02:07.149 D/InputDispatcher( 1501): Once focus requested (0): 14514a2 com.ballerbizoy.ballerai/com.google.android.gms.auth.api.signin.internal.SignInHubActivity
08-17 00:02:07.149 D/InputDispatcher( 1501): Focus entered window (0): 14514a2 com.ballerbizoy.ballerai/com.google.android.gms.auth.api.signin.internal.SignInHubActivity
08-17 00:02:07.150 D/WindowManager( 1501): Changing focus from Window{14514a2 u0 com.ballerbizoy.ballerai/com.google.android.gms.auth.api.signin.internal.SignInHubActivity} to Window{54e9d0e u0 com.ballerbizoy.ballerai/com.ballerbizoy.ballerai.MainActivity} displayId=0 Callers=com.android.server.wm.ActivityTaskManagerService.setLastResumedActivityUncheckLocked:264 com.android.server.wm.ActivityTaskSupervisor.updateTopResumedActivityIfNeeded:50 com.android.server.wm.TaskFragment.setResumedActivity:29 com.android.server.wm.ActivityRecord.setState:104 
08-17 00:02:07.150 D/InputDispatcher( 1501): Focus left window (0): 14514a2 com.ballerbizoy.ballerai/com.google.android.gms.auth.api.signin.internal.SignInHubActivity
08-17 00:02:07.186 V/WindowManager( 1501): Start calculating TransitionInfo based on participants: {ActivityRecord{a979cf9 u0 com.ballerbizoy.ballerai/com.google.android.gms.auth.api.signin.internal.SignInHubActivity t271 f}}}
08-17 00:02:07.186 V/WindowManager( 1501):   Final targets: [ActivityRecord{a979cf9 u0 com.ballerbizoy.ballerai/com.google.android.gms.auth.api.signin.internal.SignInHubActivity t271 f}}]
08-17 00:02:07.187 I/BufferQueueDebug(  966): [Transition Root: ActivityRecord{a979cf9 u0 com.ballerbizoy.ballerai/com.google.android.gms.auth.api.signin.internal.SignInHubActivity t271 f}}#3251](this:0xb400007c6256ecb8,id:-1,api:0,p:-1,c:-1) BufferQueue core=(966:/system/bin/surfaceflinger)
08-17 00:02:07.187 I/VRI[SignInActivity]@895bd4b(11994): handleAppVisibility mAppVisible = true visible = false
08-17 00:02:07.187 D/VRI[SignInActivity]@895bd4b(11994): visibilityChanged oldVisibility=true newVisibility=false
08-17 00:02:07.187 I/SurfaceFlinger(  966): id=3251 createSurf, flag=84004, Transition Root: ActivityRecord{a979cf9 u0 com.ballerbizoy.ballerai/com.google.android.gms.auth.api.signin.internal.SignInHubActivity t271 f}}#3251
08-17 00:02:07.188 V/WindowManager( 1501):         {null m=CLOSE f=TRANSLUCENT|FILLS_TASK|IS_ACTIVITY|EDGE_EXTENSION_RESTRICTION leash=Surface(name=ActivityRecord{a979cf9 u0 com.ballerbizoy.ballerai/com.google.android.gms.auth.api.signin.internal.SignInHubActivity t271})/@0x22c8620 sb=Rect(0, 0 - 1080, 2340) eb=Rect(0, 0 - 1080, 2340) d=0 bc=fffafafa component=com.ballerbizoy.ballerai/com.google.android.gms.auth.api.signin.internal.SignInHubActivity inset=Rect(0, 0 - 0, 0) taskIdForActivity=271}
08-17 00:02:07.190 V/WindowManager( 1501):         {null m=CLOSE f=TRANSLUCENT|FILLS_TASK|IS_ACTIVITY|EDGE_EXTENSION_RESTRICTION leash=Surface(name=ActivityRecord{a979cf9 u0 com.ballerbizoy.ballerai/com.google.android.gms.auth.api.signin.internal.SignInHubActivity t271})/@0x22c8620 sb=Rect(0, 0 - 1080, 2340) eb=Rect(0, 0 - 1080, 2340) d=0 bc=fffafafa component=com.ballerbizoy.ballerai/com.google.android.gms.auth.api.signin.internal.SignInHubActivity inset=Rect(0, 0 - 0, 0) taskIdForActivity=271}
08-17 00:02:07.192 V/WindowManager( 1501): Relayout Window{8d0118f u0 com.google.android.gms/com.google.android.gms.auth.api.signin.ui.SignInActivity}: viewVisibility=8 req=0x0 ty=1 d0
08-17 00:02:07.193 V/WindowManagerShell( 2044): onTransitionReady (#313) android.os.BinderProxy@a623867: {id=313 t=CLOSE f=0x0 trk=2 opt={t=FROM_STYLE} r=[0@Point(0, 0)] c=[{null m=CLOSE f=TRANSLUCENT|FILLS_TASK|IS_ACTIVITY|EDGE_EXTENSION_RESTRICTION leash=Surface(name=ActivityRecord{a979cf9 u0 com.ballerbizoy.ballerai/com.google.android.gms.auth.api.signin.internal.SignInHubActivity t271})/@0xfab9614 sb=Rect(0, 0 - 1080, 2340) eb=Rect(0, 0 - 1080, 2340) d=0 bc=fffafafa component=com.ballerbizoy.ballerai/com.google.android.gms.auth.api.signin.internal.SignInHubActivity inset=Rect(0, 0 - 0, 0) taskIdForActivity=271}]}
08-17 00:02:07.194 I/SurfaceControlRegistry( 2044): hide, t=FinishTransaction_SyncId<313> sc=ActivityRecord{a979cf9 u0 com.ballerbizoy.ballerai/com.google.android.gms.auth.api.signin.internal.SignInHubActivity t271}, caller=android.view.SurfaceControl$Transaction.hide:3258 com.android.wm.shell.transition.Transitions.dispatchReady:929 com.android.wm.shell.transition.Transitions.onTransitionReady:244 com.android.wm.shell.transition.Transitions$TransitionPlayerImpl$$ExternalSyntheticLambda0.run:13 android.os.Handler.handleCallback:959 android.os.Handler.dispatchMessage:100 
08-17 00:02:07.194 I/BLASTBufferQueue(11994): [VRI[SignInActivity]@895bd4b#44](f:0,a:0,s:0) destructor()
08-17 00:02:07.194 D/BufferQueueConsumer(11994): [VRI[SignInActivity]@895bd4b#44(BLAST Consumer)44](id:2eda0000002c,api:0,p:-1,c:11994) disconnect
08-17 00:02:07.194 I/VRI[SignInActivity]@895bd4b(11994): Relayout returned: old=(540,1142,540,1142) new=(540,1142,540,1142) relayoutAsync=false req=(0,0)8 dur=2 res=0x2 s={false 0x0} ch=true seqId=0
08-17 00:02:07.195 D/VRI[SignInActivity]@895bd4b(11994): Not drawing due to not visible. Reason=!mAppVisible && !mForceDecorViewVisibility
08-17 00:02:07.195 I/VRI[SignInActivity]@a008cc7(11994): stopped(true) old = false
08-17 00:02:07.195 D/VRI[SignInActivity]@a008cc7(11994): WindowStopped on com.google.android.gms/com.google.android.gms.signin.activity.SignInActivity set to true
08-17 00:02:07.196 I/SurfaceControlRegistry( 2044): show, t=StartTransaction_SyncId<313> sc=Transition Root: ActivityRecord{a979cf9 u0 com.ballerbizoy.ballerai/com.google.android.gms.auth.api.signin.internal.SignInHubActivity t271 f}}, caller=android.view.SurfaceControl$Transaction.show:3232 com.android.wm.shell.transition.Transitions.playTransition:81 com.android.wm.shell.transition.Transitions.processReadyQueue:250 com.android.wm.shell.transition.Transitions.dispatchReady:1007 com.android.wm.shell.transition.Transitions.onTransitionReady:244 com.android.wm.shell.transition.Transitions$TransitionPlayerImpl$$ExternalSyntheticLambda0.run:13 
08-17 00:02:07.199 V/WindowManagerShell( 2044): Transition doesn't have explicit remote, search filters for match for {id=313 t=CLOSE f=0x0 trk=2 opt={t=FROM_STYLE} r=[0@Point(0, 0)] c=[{null m=CLOSE f=TRANSLUCENT|FILLS_TASK|IS_ACTIVITY|EDGE_EXTENSION_RESTRICTION leash=Surface(name=ActivityRecord{a979cf9 u0 com.ballerbizoy.ballerai/com.google.android.gms.auth.api.signin.internal.SignInHubActivity t271})/@0xfab9614 sb=Rect(0, 0 - 1080, 2340) eb=Rect(0, 0 - 1080, 2340) d=0 bc=fffafafa component=com.ballerbizoy.ballerai/com.google.android.gms.auth.api.signin.internal.SignInHubActivity inset=Rect(0, 0 - 0, 0) taskIdForActivity=271}]}
08-17 00:02:07.199 V/WindowManagerShell( 2044): start default transition animation, info = {id=313 t=CLOSE f=0x0 trk=2 opt={t=FROM_STYLE} r=[0@Point(0, 0)] c=[{null m=CLOSE f=TRANSLUCENT|FILLS_TASK|IS_ACTIVITY|EDGE_EXTENSION_RESTRICTION leash=Surface(name=ActivityRecord{a979cf9 u0 com.ballerbizoy.ballerai/com.google.android.gms.auth.api.signin.internal.SignInHubActivity t271})/@0xfab9614 sb=Rect(0, 0 - 1080, 2340) eb=Rect(0, 0 - 1080, 2340) d=0 bc=fffafafa component=com.ballerbizoy.ballerai/com.google.android.gms.auth.api.signin.internal.SignInHubActivity inset=Rect(0, 0 - 0, 0) taskIdForActivity=271}]}
08-17 00:02:07.199 V/WindowManagerShell( 2044):    change={null m=CLOSE f=TRANSLUCENT|FILLS_TASK|IS_ACTIVITY|EDGE_EXTENSION_RESTRICTION leash=Surface(name=ActivityRecord{a979cf9 u0 com.ballerbizoy.ballerai/com.google.android.gms.auth.api.signin.internal.SignInHubActivity t271})/@0xfab9614 sb=Rect(0, 0 - 1080, 2340) eb=Rect(0, 0 - 1080, 2340) d=0 bc=fffafafa component=com.ballerbizoy.ballerai/com.google.android.gms.auth.api.signin.internal.SignInHubActivity inset=Rect(0, 0 - 0, 0) taskIdForActivity=271}
08-17 00:02:07.206 I/VRI[SignInActivity]@a008cc7(11994): dispatchDetachedFromWindow
08-17 00:02:07.213 D/WindowManager( 1501): updateSystemBarAttributes: displayId=0, focusedCanBeNavColorWin=false, win=Window{1f65a8a u0 com.ballerbizoy.ballerai/com.ballerbizoy.ballerai.MainActivity}, navColorWin=Window{14514a2 u0 com.ballerbizoy.ballerai/com.google.android.gms.auth.api.signin.internal.SignInHubActivity}, caller=com.android.server.wm.WindowManagerService.updateFocusedWindowLocked:375 com.android.server.wm.WindowManagerService.addWindow:198 com.android.server.wm.Session.addToDisplayAsUser:24 
08-17 00:02:07.214 D/CoreBackPreview( 1501): Window{dadefd6 u0 com.google.android.gms/com.google.android.gms.signin.activity.SignInActivity}: Setting back callback null
08-17 00:02:07.215 V/WindowManager( 1501): Setting visibility of Window{14514a2 u0 com.ballerbizoy.ballerai/com.google.android.gms.auth.api.signin.internal.SignInHubActivity}: false, caller=com.android.server.wm.WindowContainer.sendAppVisibilityToCli