08-16 23:17:56.221 D/HWUI    ( 9856): CFMS:: SetUp Pid : 9856    Tid : 9957
08-16 23:17:56.221 D/VRI[SignInHubActivity]@c4597ce( 9856): reportDrawFinished seqId=0
08-16 23:17:56.222 I/ImeFocusController( 9856): onPreWindowFocus: skipped hasWindowFocus=false mHasImeFocus=true
08-16 23:17:56.222 D/WindowManager( 1501): finishDrawingWindow: Window{6948d27 u0 com.ballerbizoy.ballerai/com.google.android.gms.auth.api.signin.internal.SignInHubActivity} mDrawState=DRAW_PENDING seqId=0
08-16 23:17:56.222 I/ImeFocusController( 9856): onPostWindowFocus: skipped hasWindowFocus=false mHasImeFocus=true
08-16 23:17:56.227 I/InsetsSourceConsumer( 9856): applyRequestedVisibilityToControl: visible=true, type=navigationBars, host=com.ballerbizoy.ballerai/com.google.android.gms.auth.api.signin.internal.SignInHubActivity
08-16 23:17:56.228 I/InsetsSourceConsumer( 9856): applyRequestedVisibilityToControl: visible=true, type=statusBars, host=com.ballerbizoy.ballerai/com.google.android.gms.auth.api.signin.internal.SignInHubActivity
08-16 23:17:56.228 I/SurfaceFlinger(  966): onHandleDestroyed: name=Surface(name=5d780fd NavigationBar0)/@0x3a5ff16 - animation-leash of insets_animation#2426, layerId=2426, parentId=0
08-16 23:17:56.228 I/SurfaceFlinger(  966): id=2426 Removed Surface(name=5d780fd NavigationBar0)/@0x3a5ff16 - animation-leash of insets_animation#2426 (141)
08-16 23:17:56.228 I/SurfaceFlinger(  966): onHandleDestroyed: name=Surface(name=6f4f8aa StatusBar)/@0x5217695 - animation-leash of insets_animation#2427, layerId=2427, parentId=0
08-16 23:17:56.229 I/SurfaceFlinger(  966): id=2427 Removed Surface(name=6f4f8aa StatusBar)/@0x5217695 - animation-leash of insets_animation#2427 (141)
08-16 23:17:56.239 I/GestureDetector( 1501): handleMessage TAP
08-16 23:17:56.239 I/GestureDetector( 1501): handleMessage TAP
08-16 23:17:56.239 D/AdvertisingIdClient( 3435): AdvertisingIdClient already created.
08-16 23:17:56.240 I/Layer   (  966): id=2426 Destroyed Surface(name=5d780fd NavigationBar0)/@0x3a5ff16 - animation-leash of insets_animation#2426
08-16 23:17:56.240 I/BufferQueueDebug(  966): [Surface(name=5d780fd NavigationBar0)/@0x3a5ff16 - animation-leash of insets_animation#2426](this:0xb400007c62534cb8,id:-1,api:0,p:-1,c:966) onDestructor()
08-16 23:17:56.240 I/Layer   (  966): id=2427 Destroyed Surface(name=6f4f8aa StatusBar)/@0x5217695 - animation-leash of insets_animation#2427
08-16 23:17:56.240 I/BufferQueueDebug(  966): [Surface(name=6f4f8aa StatusBar)/@0x5217695 - animation-leash of insets_animation#2427](this:0xb400007c62537cb8,id:-1,api:0,p:-1,c:966) onDestructor()
08-16 23:17:56.240 D/AdvertisingIdClient( 3435): AdvertisingIdClient is not bounded. Starting to bind it...
08-16 23:17:56.256 W/AudioALSACaptureDataProviderNormal(  875): readThread, latency_in_s,0.000001,0.038998,0.000044, totalTime 0.039043 > logTimeout 0.022000 TIMEOUT!!
08-16 23:17:56.272 I/SDHMS:l ( 4068): onTaskStackChanged
08-16 23:17:56.273 I/SDHMS:l ( 4068): no app is Resumed!!! mResumedPackages.size = 0
08-16 23:17:56.291 I/HoneySpace.RecentTasks( 2832): onRecentTasksChanged
08-16 23:17:56.295 D/AdvertisingIdClient( 3435): AdvertisingIdClient is bounded
08-16 23:17:56.296 W/AudioALSACaptureDataProviderNormal(  875): readThread, latency_in_s,0.000000,0.039566,0.000039, totalTime 0.039605 > logTimeout 0.022000 TIMEOUT!!
08-16 23:17:56.302 I/AdvertisingIdClient( 3435): shouldSendLog 4361903
08-16 23:17:56.302 I/AdvertisingIdClient( 3435): GetInfoInternal elapse 62ms
08-16 23:17:56.308 I/HoneySpace.HistoryViewModel@156858846@OneUI( 2832): Illegal access. Unknown type. skip load history items
08-16 23:17:56.315 I/hwcomposer(  881): [HWC] (0)fire a callback of refresh to SF[4]  
08-16 23:17:56.329 D/MdnieScenarioControlService( 1501):  packageName : com.google.android.gms    className : com.google.android.gms.auth.api.signin.ui.SignInActivity
08-16 23:17:56.330 V/MdnieScenarioControlService( 1501): setUIMode from UI function(3)
08-16 23:17:56.333 I/BufferQueueProducer(  966): [FramebufferSurface](this:0xb400007c9a8a26d0,id:-1,api:1,p:966,c:966) queueBuffer: fps=0.49 dur=2040.74 max=2040.74 min=2040.74
08-16 23:17:56.339 D/BoundBrokerSvc( 3080): onRebind: Intent { act=com.google.android.gms.presencemanager.service.START dat=chimera-action:/... cmp=com.google.android.gms/.chimera.PersistentApiService }
08-16 23:17:56.348 D/BoundBrokerSvc( 3080): onRebind: Intent { act=com.google.android.gms.presencemanager.service.INTERNAL_IDENTITY dat=chimera-action:/... cmp=com.google.android.gms/.chimera.PersistentApiService }
08-16 23:17:56.376 W/AudioALSACaptureDataProviderNormal(  875): readThread, latency_in_s,0.000001,0.039874,0.000046, totalTime 0.039921 > logTimeout 0.022000 TIMEOUT!!
08-16 23:17:56.416 W/AudioALSACaptureDataProviderNormal(  875): readThread, latency_in_s,0.000000,0.039450,0.000054, totalTime 0.039504 > logTimeout 0.022000 TIMEOUT!!
08-16 23:17:56.439 I/NetworkScheduler( 3080): (REDACTED) Error inserting %s
08-16 23:17:56.443 I/NetworkScheduler( 3080): (REDACTED) Error inserting %s
08-16 23:17:56.453 V/MdnieScenarioControlService( 1501): mAclOffEnabled : false
08-16 23:17:56.456 W/AudioALSACaptureDataProviderNormal(  875): readThread, latency_in_s,0.000001,0.039310,0.000046, totalTime 0.039356 > logTimeout 0.022000 TIMEOUT!!
08-16 23:17:56.463 D/nativeloader(11994): Configuring clns-9 for other apk /data/app/~~PEHnUwmrM7HWn_9gyz3XOw==/com.google.android.gms-cVtvm6tcmpA81tQPYgsS3g==/base.apk. target_sdk_version=36, uses_libraries=, library_path=/data/app/~~PEHnUwmrM7HWn_9gyz3XOw==/com.google.android.gms-cVtvm6tcmpA81tQPYgsS3g==/lib/arm64:/data/app/~~PEHnUwmrM7HWn_9gyz3XOw==/com.google.android.gms-cVtvm6tcmpA81tQPYgsS3g==/base.apk!/lib/arm64-v8a, permitted_path=/data:/mnt/expand:/data/user/0/com.google.android.gms
08-16 23:17:56.473 I/eara_io@det( 1280): [scnDetStart] 
08-16 23:17:56.480 V/GraphicsEnvironment(11994): Currently set values for:
08-16 23:17:56.480 V/GraphicsEnvironment(11994):   angle_gl_driver_selection_pkgs=[]
08-16 23:17:56.480 V/GraphicsEnvironment(11994):   angle_gl_driver_selection_values=[]
08-16 23:17:56.480 V/GraphicsEnvironment(11994): Global.Settings values are invalid: number of packages: 0, number of values: 0
08-16 23:17:56.480 V/GraphicsEnvironment(11994): Neither updatable production driver nor prerelease driver is supported.
08-16 23:17:56.494 I/GmsApplication(11994): Using GservicesReaderQueryDelegate
08-16 23:17:56.496 W/AudioALSACaptureDataProviderNormal(  875): readThread, latency_in_s,0.000000,0.039735,0.000041, totalTime 0.039777 > logTimeout 0.022000 TIMEOUT!!
08-16 23:17:56.497 W/SQLiteCompatibilityWalFlags(11994): Cannot read global setting sqlite_compatibility_wal_flags - Application state not available
08-16 23:17:56.521 W/ProviderHelper(11994): Unknown dynamite feature providerinstaller.dynamite
08-16 23:17:56.522 I/DynamiteModule(11994): Considering local module com.google.android.gms.providerinstaller.dynamite:1 and remote module com.google.android.gms.providerinstaller.dynamite:0
08-16 23:17:56.522 I/DynamiteModule(11994): Selected local version of com.google.android.gms.providerinstaller.dynamite
08-16 23:17:56.536 W/AudioALSACaptureDataProviderNormal(  875): readThread, latency_in_s,0.000000,0.039085,0.000051, totalTime 0.039137 > logTimeout 0.022000 TIMEOUT!!
08-16 23:17:56.538 D/nativeloader(11994): Load /data/app/~~PEHnUwmrM7HWn_9gyz3XOw==/com.google.android.gms-cVtvm6tcmpA81tQPYgsS3g==/base.apk!/lib/arm64-v8a/libconscrypt_gmscore_jni.so using class loader ns clns-9 (caller=/data/app/~~PEHnUwmrM7HWn_9gyz3XOw==/com.google.android.gms-cVtvm6tcmpA81tQPYgsS3g==/base.apk): ok
08-16 23:17:56.538 V/NativeCrypto(11994): Registering com/google/android/gms/org/conscrypt/NativeCrypto's 316 native methods...
08-16 23:17:56.546 I/ProviderInstaller(11994): Installed default security provider GmsCore_OpenSSL
08-16 23:17:56.550 V/WindowManager( 1501): Computed rotation=ROTATION_0 (0) for display id=0 based on lastOrientation=SCREEN_ORIENTATION_PORTRAIT (1) and oldRotation=ROTATION_0 (0), caller=com.android.server.wm.DisplayRotation.updateOrientation:25 com.android.server.wm.DisplayContent.updateOrientation:65 com.android.server.wm.DisplayContent.updateOrientation:11 com.android.server.wm.RootWindowContainer.ensureVisibilityAndConfig:7 com.android.server.wm.ActivityTaskSupervisor.realStartActivityLocked:209 com.android.server.wm.RootWindowContainer.attachApplication:90 
08-16 23:17:56.551 V/WindowManager( 1501): Collecting in transition 221: ActivityRecord{740f13c u0 com.google.android.gms/.auth.api.signin.ui.SignInActivity t271}, caller=com.android.server.wm.TransitionController.collect:7 com.android.server.wm.ActivityRecord.setVisibility:189 com.android.server.wm.ActivityTaskSupervisor.realStartActivityLocked:230 com.android.server.wm.RootWindowContainer.attachApplication:90 com.android.server.wm.ActivityTaskManagerService$LocalService.attachApplication:40 
08-16 23:17:56.551 D/SGM:FgCheckThread( 1501): notifyAppCreated(), packageName: com.google.android.gms, userId: 0, sendRet: true
08-16 23:17:56.551 D/SGM:FgCheckThread( 1501): onLooperPrepared(), msg: MSG_APP_CREATE, pkgName: com.google.android.gms, userId: 0
08-16 23:17:56.552 I/GMS_MM_Logger(11994): (REDACTED) Start time: %s
08-16 23:17:56.552 I/GMS_MM_Logger(11994): Started.
08-16 23:17:56.552 D/InputDispatcher( 1501): Focused application(0): ActivityRecord{740f13c u0 com.google.android.gms/.auth.api.signin.ui.SignInActivity t271}
08-16 23:17:56.552 D/WindowManager( 1501): Changing focus from Window{6948d27 u0 com.ballerbizoy.ballerai/com.google.android.gms.auth.api.signin.internal.SignInHubActivity} to null displayId=0 Callers=com.android.server.wm.ActivityTaskManagerService.setLastResumedActivityUncheckLocked:264 com.android.server.wm.ActivityTaskSupervisor.updateTopResumedActivityIfNeeded:50 com.android.server.wm.TaskFragment.setResumedActivity:29 com.android.server.wm.ActivityRecord.setState:104 
08-16 23:17:56.553 I/WindowManager( 1501): Cancelling animation restarting=true, leash=Surface(name=Surface(name=5d780fd NavigationBar0)/@0x3a5ff16 - animation-leash of insets_animation)/@0x1bf9872
08-16 23:17:56.553 I/WindowManager( 1501): Reparenting to original parent: Surface(name=WindowToken{abac954 type=2019 android.os.BinderProxy@b242566})/@0x650f284, destroy=false, syncState=0, syncCommitDepth=0, surface=Surface(name=5d780fd NavigationBar0)/@0x3a5ff16
08-16 23:17:56.553 I/WindowManager( 1501): Reparenting to leash, surface=Surface(name=5d780fd NavigationBar0)/@0x3a5ff16, syncState=0, syncCommitDepth=0, leashParent=Surface(name=WindowToken{abac954 type=2019 android.os.BinderProxy@b242566})/@0x650f284
08-16 23:17:56.554 I/BufferQueueDebug(  966): [Surface(name=5d780fd NavigationBar0)/@0x3a5ff16 - animation-leash of insets_animation#2434](this:0xb400007c60df9cb8,id:-1,api:0,p:-1,c:-1) BufferQueue core=(966:/system/bin/surfaceflinger)
08-16 23:17:56.555 I/SurfaceFlinger(  966): id=2434 createSurf, flag=24000, Surface(name=5d780fd NavigationBar0)/@0x3a5ff16 - animation-leash of insets_animation#2434
08-16 23:17:56.556 D/WindowManager( 1501): makeSurface duration=2 leash=Surface(name=Surface(name=5d780fd NavigationBar0)/@0x3a5ff16 - animation-leash of insets_animation)/@0x122d11b
08-16 23:17:56.556 D/InsetsSourceProvider( 1501): updateControlForTarget: control=InsetsSourceControl: {5fa10001 mType=navigationBars initiallyVisible mSurfacePosition=Point(0, 2205) mInsetsHint=Insets{left=0, top=0, right=0, bottom=135}}, target=Window{54e9d0e u0 com.ballerbizoy.ballerai/com.ballerbizoy.ballerai.MainActivity}, from=com.android.server.wm.InsetsStateController.onControlTargetChanged:81 com.android.server.wm.InsetsPolicy.updateBarControlTarget:176 com.android.server.wm.DisplayPolicy.updateSystemBarAttributes:281 com.android.server.wm.WindowManagerService.updateFocusedWindowLocked:375 com.android.server.wm.ActivityTaskManagerService.setLastResumedActivityUncheckLocked:264 
08-16 23:17:56.556 I/WindowManager( 1501): Cancelling animation restarting=true, leash=Surface(name=Surface(name=6f4f8aa StatusBar)/@0x5217695 - animation-leash of insets_animation)/@0x94a3140
08-16 23:17:56.556 I/WindowManager( 1501): Reparenting to original parent: Surface(name=WindowToken{a3bcf95 type=2000 android.os.BinderProxy@792477f})/@0xd9f13aa, destroy=false, syncState=0, syncCommitDepth=0, surface=Surface(name=6f4f8aa StatusBar)/@0x5217695
08-16 23:17:56.556 I/WindowManager( 1501): Reparenting to leash, surface=Surface(name=6f4f8aa StatusBar)/@0x5217695, syncState=0, syncCommitDepth=0, leashParent=Surface(name=WindowToken{a3bcf95 type=2000 android.os.BinderProxy@792477f})/@0xd9f13aa
08-16 23:17:56.556 I/BufferQueueDebug(  966): [Surface(name=6f4f8aa StatusBar)/@0x5217695 - animation-leash of insets_animation#2435](this:0xb400007c60dfccb8,id:-1,api:0,p:-1,c:-1) BufferQueue core=(966:/system/bin/surfaceflinger)
08-16 23:17:56.557 I/SurfaceFlinger(  966): id=2435 createSurf, flag=24000, Surface(name=6f4f8aa StatusBar)/@0x5217695 - animation-leash of insets_animation#2435
08-16 23:17:56.557 D/WindowManager( 1501): makeSurface duration=1 leash=Surface(name=Surface(name=6f4f8aa StatusBar)/@0x5217695 - animation-leash of insets_animation)/@0x6041891
08-16 23:17:56.557 D/InsetsSourceProvider( 1501): updateControlForTarget: control=InsetsSourceControl: {566a0000 mType=statusBars initiallyVisible mSurfacePosition=Point(0, 0) mInsetsHint=Insets{left=0, top=80, right=0, bottom=0}}, target=Window{54e9d0e u0 com.ballerbizoy.ballerai/com.ballerbizoy.ballerai.MainActivity}, from=com.android.server.wm.InsetsStateController.onControlTargetChanged:81 com.android.server.wm.InsetsPolicy.updateBarControlTarget:163 com.android.server.wm.DisplayPolicy.updateSystemBarAttributes:281 com.android.server.wm.WindowManagerService.updateFocusedWindowLocked:375 com.android.server.wm.ActivityTaskManagerService.setLastResumedActivityUncheckLocked:264 
08-16 23:17:56.558 D/WindowManager( 1501): updateSystemBarAttributes: displayId=0, focusedCanBeNavColorWin=false, win=Window{54e9d0e u0 com.ballerbizoy.ballerai/com.ballerbizoy.ballerai.MainActivity}, navColorWin=Window{54e9d0e u0 com.ballerbizoy.ballerai/com.ballerbizoy.ballerai.MainActivity}, caller=com.android.server.wm.WindowManagerService.updateFocusedWindowLocked:375 com.android.server.wm.ActivityTaskManagerService.setLastResumedActivityUncheckLocked:264 com.android.server.wm.ActivityTaskSupervisor.updateTopResumedActivityIfNeeded:50 
08-16 23:17:56.558 D/WindowManager( 1501): updateSystemBarAttributes, bhv=1, apr=24, statusBarAprRegions=[AppearanceRegion{LIGHT_STATUS_BARS bounds=[0,0][1080,2340]}], requestedVisibilities=-9
08-16 23:17:56.558 V/SystemKeyManager( 1501): updateFocusedWindow() is called, 
08-16 23:17:56.558 D/ActivityTaskManager( 1501): scheduleTopResumedActivityChanged, onTop=true, r=ActivityRecord{740f13c u0 com.google.android.gms/.auth.api.signin.ui.SignInActivity t271}, caller=com.android.server.wm.ActivityTaskSupervisor.updateTopResumedActivityIfNeeded:62 com.android.server.wm.TaskFragment.setResumedActivity:29 com.android.server.wm.ActivityRecord.setState:104 com.android.server.wm.ActivityTaskSupervisor.realStartActivityLocked:945 com.android.server.wm.RootWindowContainer.attachApplication:90 com.android.server.wm.ActivityTaskManagerService$LocalService.attachApplication:40 
08-16 23:17:56.559 D/NavigationBar( 2044): onSystemBarAttributesChanged() -  displayId:0, appearance:24, packageName: com.ballerbizoy.ballerai (APPEARANCE_LIGHT_STATUS_BARS APPEARANCE_LIGHT_NAVIGATION_BARS ), navbarColorManagedByIme:false
08-16 23:17:56.560 I/CocktailBarManagerServiceContainer( 1501): handleMessage: entry what = 5
08-16 23:17:56.560 I/CocktailBarManagerServiceImpl( 1501): noteResumeComponent : no active host
08-16 23:17:56.561 D/GraphicsStatsService( 1501): requestRenderEngineFor(com.google.android.gms)
08-16 23:17:56.561 D/ActivityThread(11994): com.google.android.gms will use render engine as VK
08-16 23:17:56.562 D/BLASTSyncEngine( 1501): SyncGroup 221:  Unfinished container: ActivityRecord{740f13c u0 com.google.android.gms/.auth.api.signin.ui.SignInActivity t271} mSyncState=2
08-16 23:17:56.562 D/SurfaceComposerClient( 1501): Transaction::apply InputWindowCommands.focusRequests timestamp=6134077510595, windowName=<null>
08-16 23:17:56.562 D/HWUI    (11994): HWUI - treat SMPTE_170M as sRGB
08-16 23:17:56.564 I/InsetsSourceConsumer( 9856): applyRequestedVisibilityToControl: visible=true, type=navigationBars, host=com.ballerbizoy.ballerai/com.ballerbizoy.ballerai.MainActivity
08-16 23:17:56.565 D/SGM:FgCheckThread( 1501): noteResumeComponent(), received pkgName: com.google.android.gms, userId: 0
08-16 23:17:56.565 I/InsetsSourceConsumer( 9856): applyRequestedVisibilityToControl: visible=true, type=statusBars, host=com.ballerbizoy.ballerai/com.ballerbizoy.ballerai.MainActivity
08-16 23:17:56.567 D/HWUI    (11994): CacheManager constructor. deviceInfo=(1080, 1920)
08-16 23:17:56.567 D/SGM:GameManager( 1501): identifyGamePackage. com.google.android.gms, mCurrentUserId: 0, callerUserId: 0, callingMethodInfo: com.samsung.android.game.SemGameManager.isGamePackage(SemGameManager.java:105)
08-16 23:17:56.567 D/SGM:SemGameManager( 1501): isGamePackage(), pkgName=com.google.android.gms, ret=false
08-16 23:17:56.569 D/libMEOW (11994): meow new tls: 0xb400007ab7877780
08-16 23:17:56.569 I/SDHMS:l ( 4068): handleResumeComponent : put = com.google.android.gms, userid = 0 instanceid =244654106
08-16 23:17:56.569 I/SDHMS:LOAD( 4068): type: LoadsFreqs, value: 0:0:0:0:0:0:0:0:0:0:0:0
08-16 23:17:56.569 W/libc    (11994): Access denied finding property "ro.vendor.mtk.gpu.glt"
08-16 23:17:56.569 D/libMEOW (11994): meow reload base cfg path: na
08-16 23:17:56.569 D/libMEOW (11994): meow reload overlay cfg path: na
08-16 23:17:56.571 D/libMEOW (11994): applied 1 plugins for [com.google.android.gms.ui]:
08-16 23:17:56.571 D/libMEOW (11994):   plugin 1: [libMEOW_gift.so]: 0xb400007ba38d3300
08-16 23:17:56.572 D/libMEOW (11994): rebuild call chain: 0xb400007ab7891700
08-16 23:17:56.572 D/SurfaceFlinger(  966): Focus addInputWindowCommands timestamp=6134077510595, windowName=<null>
08-16 23:17:56.572 I/SurfaceFlinger(  966): onHandleDestroyed: name=Surface(name=6f4f8aa StatusBar)/@0x5217695 - animation-leash of insets_animation#2433, layerId=2433, parentId=0
08-16 23:17:56.573 I/SurfaceFlinger(  966): id=2433 Removed Surface(name=6f4f8aa StatusBar)/@0x5217695 - animation-leash of insets_animation#2433 (141)
08-16 23:17:56.573 I/SurfaceFlinger(  966): onHandleDestroyed: name=Surface(name=5d780fd NavigationBar0)/@0x3a5ff16 - animation-leash of insets_animation#2432, layerId=2432, parentId=0
08-16 23:17:56.573 I/SurfaceFlinger(  966): id=2432 Removed Surface(name=5d780fd NavigationBar0)/@0x3a5ff16 - animation-leash of insets_animation#2432 (141)
08-16 23:17:56.575 D/SurfaceFlinger(  966): updateWinowInfo=1, setFocusedWindow timestamp=6134077510595, windowName=<null>
08-16 23:17:56.575 D/InputDispatcher( 1501): Once focus requested (0): <null>
08-16 23:17:56.576 W/AudioALSACaptureDataProviderNormal(  875): readThread, latency_in_s,0.000000,0.039535,0.000035, totalTime 0.039570 > logTimeout 0.022000 TIMEOUT!!
08-16 23:17:56.579 I/hwservicemanager(  439): getTransport: Cannot find entry android.hardware.configstore@1.0::ISurfaceFlingerConfigs/default in either framework or device VINTF manifest.
08-16 23:17:56.584 I/Layer   (  966): id=2432 Destroyed Surface(name=5d780fd NavigationBar0)/@0x3a5ff16 - animation-leash of insets_animation#2432
08-16 23:17:56.584 I/BufferQueueDebug(  966): [Surface(name=5d780fd NavigationBar0)/@0x3a5ff16 - animation-leash of insets_animation#2432](this:0xb400007c60d41cb8,id:-1,api:0,p:-1,c:966) onDestructor()
08-16 23:17:56.584 I/Layer   (  966): id=2433 Destroyed Surface(name=6f4f8aa StatusBar)/@0x5217695 - animation-leash of insets_animation#2433
08-16 23:17:56.584 I/BufferQueueDebug(  966): [Surface(name=6f4f8aa StatusBar)/@0x5217695 - animation-leash of insets_animation#2433](this:0xb400007c60d44cb8,id:-1,api:0,p:-1,c:966) onDestructor()
08-16 23:17:56.616 W/AudioALSACaptureDataProviderNormal(  875): readThread, latency_in_s,0.000000,0.039628,0.000041, totalTime 0.039669 > logTimeout 0.022000 TIMEOUT!!
08-16 23:17:56.639 I/ChimeraAggressivePolicyHandler( 1501): executePolicy() - triggerSource: TRIGGER_SOURCE_LMKD
08-16 23:17:56.640 W/adservices(17151): Skip logging because Cobalt is disabled.
08-16 23:17:56.640 I/ChimeraAggressivePolicyHandler( 1501): available memory: 1195456, free memory target: 747520, quit chimera
08-16 23:17:56.640 W/adservices(17151): Skip logging because Cobalt logger is null
08-16 23:17:56.642 W/PhBaseOp( 3080): Phenotype API error. Event: # hifl@25fa0781, EventCode: COMMIT_CONFIG [CONTEXT service_id=51 ]
08-16 23:17:56.642 W/PhBaseOp( 3080): egej: 29537: Stale snapshot for com.google.android.gms.signin(new configuration available)
08-16 23:17:56.642 W/PhBaseOp( 3080): 	at eggh.d(:com.google.android.gms@253031035@25.30.31 (260400-786424874):466)
08-16 23:17:56.642 W/PhBaseOp( 3080): 	at eggh.b(:com.google.android.gms@253031035@25.30.31 (260400-786424874):43)
08-16 23:17:56.642 W/PhBaseOp( 3080): 	at eggg.i(:com.google.android.gms@253031035@25.30.31 (260400-786424874):3)
08-16 23:17:56.642 W/PhBaseOp( 3080): 	at eggc.h(:com.google.android.gms@253031035@25.30.31 (260400-786424874):35)
08-16 23:17:56.642 W/PhBaseOp( 3080): 	at eggc.f(:com.google.android.gms@253031035@25.30.31 (260400-786424874):17)
08-16 23:17:56.642 W/PhBaseOp( 3080): 	at cied.fG(:com.google.android.gms@253031035@25.30.31 (260400-786424874):1)
08-16 23:17:56.642 W/PhBaseOp( 3080): 	at cieh.run(:com.google.android.gms@253031035@25.30.31 (260400-786424874):128)
08-16 23:17:56.642 W/PhBaseOp( 3080): 	at gamk.run(:com.google.android.gms@253031035@25.30.31 (260400-786424874):21)
08-16 23:17:56.642 W/PhBaseOp( 3080): 	at badp.c(:com.google.android.gms@253031035@25.30.31 (260400-786424874):50)
08-16 23:17:56.642 W/PhBaseOp( 3080): 	at badp.run(:com.google.android.gms@253031035@25.30.31 (260400-786424874):70)
08-16 23:17:56.642 W/PhBaseOp( 3080): 	at java.util.concurrent.ThreadPoolExecutor.runWorker(ThreadPoolExecutor.java:1156)
08-16 23:17:56.642 W/PhBaseOp( 3080): 	at java.util.concurrent.ThreadPoolExecutor$Worker.run(ThreadPoolExecutor.java:651)
08-16 23:17:56.642 W/PhBaseOp( 3080): 	at bajh.run(:com.google.android.gms@253031035@25.30.31 (260400-786424874):8)
08-16 23:17:56.642 W/PhBaseOp( 3080): 	at java.lang.Thread.run(Thread.java:1119)
08-16 23:17:56.643 W/GmsActivityProxy(11994): Error binding root VE for SignInActivity [CONTEXT service_id=264 ]
08-16 23:17:56.643 W/GmsActivityProxy(11994): java.lang.IllegalStateException: com.google.android.gms.auth.api.signin.ui.SignInChimeraActivity is missing a @GmsCoreVeId annotation.
08-16 23:17:56.643 W/GmsActivityProxy(11994): 	at ausq.onCreate(:com.google.android.gms@253031035@25.30.31 (260400-786424874):21)
08-16 23:17:56.643 W/GmsActivityProxy(11994): 	at android.app.Activity.performCreate(Activity.java:9363)
08-16 23:17:56.643 W/GmsActivityProxy(11994): 	at android.app.Activity.performCreate(Activity.java:9332)
08-16 23:17:56.643 W/GmsActivityProxy(11994): 	at android.app.Instrumentation.callActivityOnCreate(Instrumentation.java:1526)
08-16 23:17:56.643 W/GmsActivityProxy(11994): 	at android.app.ActivityThread.performLaunchActivity(ActivityThread.java:4440)
08-16 23:17:56.643 W/GmsActivityProxy(11994): 	at android.app.ActivityThread.handleLaunchActivity(ActivityThread.java:4689)
08-16 23:17:56.643 W/GmsActivityProxy(11994): 	at android.app.servertransaction.LaunchActivityItem.execute(LaunchActivityItem.java:112)
08-16 23:17:56.643 W/GmsActivityProxy(11994): 	at android.app.servertransaction.TransactionExecutor.executeNonLifecycleItem(TransactionExecutor.java:174)
08-16 23:17:56.643 W/GmsActivityProxy(11994): 	at android.app.servertransaction.TransactionExecutor.executeTransactionItems(TransactionExecutor.java:109)
08-16 23:17:56.643 W/GmsActivityProxy(11994): 	at android.app.servertransaction.TransactionExecutor.execute(TransactionExecutor.java:81)
08-16 23:17:56.643 W/GmsActivityProxy(11994): 	at android.app.ActivityThread$H.handleMessage(ActivityThread.java:2899)
08-16 23:17:56.643 W/GmsActivityProxy(11994): 	at android.os.Handler.dispatchMessage(Handler.java:107)
08-16 23:17:56.643 W/GmsActivityProxy(11994): 	at android.os.Looper.loopOnce(Looper.java:257)
08-16 23:17:56.643 W/GmsActivityProxy(11994): 	at android.os.Looper.loop(Looper.java:342)
08-16 23:17:56.643 W/GmsActivityProxy(11994): 	at android.app.ActivityThread.main(ActivityThread.java:9638)
08-16 23:17:56.643 W/GmsActivityProxy(11994): 	at java.lang.reflect.Method.invoke(Native Method)
08-16 23:17:56.643 W/GmsActivityProxy(11994): 	at com.android.internal.os.RuntimeInit$MethodAndArgsCaller.run(RuntimeInit.java:619)
08-16 23:17:56.643 W/GmsActivityProxy(11994): 	at com.android.internal.os.ZygoteInit.main(ZygoteInit.java:929)
08-16 23:17:56.643 W/AsyncOperation( 3080): operation=CommitToConfigurationOperationCall, opStatusCode=29537 [CONTEXT service_id=51 ]
08-16 23:17:56.643 W/AsyncOperation( 3080): OperationException[Status{statusCode=Stale snapshot for com.google.android.gms.signin(new configuration available), resolution=null}]
08-16 23:17:56.643 W/AsyncOperation( 3080): 	at eggc.h(:com.google.android.gms@253031035@25.30.31 (260400-786424874):65)
08-16 23:17:56.643 W/AsyncOperation( 3080): 	at eggc.f(:com.google.android.gms@253031035@25.30.31 (260400-786424874):17)
08-16 23:17:56.643 W/AsyncOperation( 3080): 	at cied.fG(:com.google.android.gms@253031035@25.30.31 (260400-786424874):1)
08-16 23:17:56.643 W/AsyncOperation( 3080): 	at cieh.run(:com.google.android.gms@253031035@25.30.31 (260400-786424874):128)
08-16 23:17:56.643 W/AsyncOperation( 3080): 	at gamk.run(:com.google.android.gms@253031035@25.30.31 (260400-786424874):21)
08-16 23:17:56.643 W/AsyncOperation( 3080): 	at badp.c(:com.google.android.gms@253031035@25.30.31 (260400-786424874):50)
08-16 23:17:56.643 W/AsyncOperation( 3080): 	at badp.run(:com.google.android.gms@253031035@25.30.31 (260400-786424874):70)
08-16 23:17:56.643 W/AsyncOperation( 3080): 	at java.util.concurrent.ThreadPoolExecutor.runWorker(ThreadPoolExecutor.java:1156)
08-16 23:17:56.643 W/AsyncOperation( 3080): 	at java.util.concurrent.ThreadPoolExecutor$Worker.run(ThreadPoolExecutor.java:651)
08-16 23:17:56.643 W/AsyncOperation( 3080): 	at bajh.run(:com.google.android.gms@253031035@25.30.31 (260400-786424874):8)
08-16 23:17:56.643 W/AsyncOperation( 3080): 	at java.lang.Thread.run(Thread.java:1119)
08-16 23:17:56.652 E/adservices.measurement(17151): User has not consented.
08-16 23:17:56.654 W/adservices(17151): Skip logging because Cobalt logger is null
08-16 23:17:56.654 W/adservices(17151): Skip logging because Cobalt is disabled.
08-16 23:17:56.656 W/AudioALSACaptureDataProviderNormal(  875): readThread, latency_in_s,0.000000,0.039677,0.000040, totalTime 0.039717 > logTimeout 0.022000 TIMEOUT!!
08-16 23:17:56.665 I/DecorView(11994): setWindowBackground: isPopOver=false color=0 d=android.graphics.drawable.ColorDrawable@5df16d5
08-16 23:17:56.675 W/PhBaseOp( 3080): Phenotype API error. Event: # hifl@ad5b132a, EventCode: COMMIT_CONFIG [CONTEXT service_id=51 ]
08-16 23:17:56.675 W/PhBaseOp( 3080): egej: 29537: Stale snapshot for com.google.android.gms.clearcut_client#com.google.android.gms(new configuration available)
08-16 23:17:56.675 W/PhBaseOp( 3080): 	at eggh.d(:com.google.android.gms@253031035@25.30.31 (260400-786424874):466)
08-16 23:17:56.675 W/PhBaseOp( 3080): 	at eggh.b(:com.google.android.gms@253031035@25.30.31 (260400-786424874):43)
08-16 23:17:56.675 W/PhBaseOp( 3080): 	at eggg.i(:com.google.android.gms@253031035@25.30.31 (260400-786424874):3)
08-16 23:17:56.675 W/PhBaseOp( 3080): 	at eggc.h(:com.google.android.gms@253031035@25.30.31 (260400-786424874):35)
08-16 23:17:56.675 W/PhBaseOp( 3080): 	at eggc.f(:com.google.android.gms@253031035@25.30.31 (260400-786424874):17)
08-16 23:17:56.675 W/PhBaseOp( 3080): 	at cied.fG(:com.google.android.gms@253031035@25.30.31 (260400-786424874):1)
08-16 23:17:56.675 W/PhBaseOp( 3080): 	at cieh.run(:com.google.android.gms@253031035@25.30.31 (260400-786424874):128)
08-16 23:17:56.675 W/PhBaseOp( 3080): 	at gamk.run(:com.google.android.gms@253031035@25.30.31 (260400-786424874):21)
08-16 23:17:56.675 W/PhBaseOp( 3080): 	at badp.c(:com.google.android.gms@253031035@25.30.31 (260400-786424874):50)
08-16 23:17:56.675 W/PhBaseOp( 3080): 	at badp.run(:com.google.android.gms@253031035@25.30.31 (260400-786424874):70)
08-16 23:17:56.675 W/PhBaseOp( 3080): 	at java.util.concurrent.ThreadPoolExecutor.runWorker(ThreadPoolExecutor.java:1156)
08-16 23:17:56.675 W/PhBaseOp( 3080): 	at java.util.concurrent.ThreadPoolExecutor$Worker.run(ThreadPoolExecutor.java:651)
08-16 23:17:56.675 W/PhBaseOp( 3080): 	at bajh.run(:com.google.android.gms@253031035@25.30.31 (260400-786424874):8)
08-16 23:17:56.675 W/PhBaseOp( 3080): 	at java.lang.Thread.run(Thread.java:1119)
08-16 23:17:56.676 W/AsyncOperation( 3080): operation=CommitToConfigurationOperationCall, opStatusCode=29537 [CONTEXT service_id=51 ]
08-16 23:17:56.676 W/AsyncOperation( 3080): OperationException[Status{statusCode=Stale snapshot for com.google.android.gms.clearcut_client#com.google.android.gms(new configuration available), resolution=null}]
08-16 23:17:56.676 W/AsyncOperation( 3080): 	at eggc.h(:com.google.android.gms@253031035@25.30.31 (260400-786424874):65)
08-16 23:17:56.676 W/AsyncOperation( 3080): 	at eggc.f(:com.google.android.gms@253031035@25.30.31 (260400-786424874):17)
08-16 23:17:56.676 W/AsyncOperation( 3080): 	at cied.fG(:com.google.android.gms@253031035@25.30.31 (260400-786424874):1)
08-16 23:17:56.676 W/AsyncOperation( 3080): 	at cieh.run(:com.google.android.gms@253031035@25.30.31 (260400-786424874):128)
08-16 23:17:56.676 W/AsyncOperation( 3080): 	at gamk.run(:com.google.android.gms@253031035@25.30.31 (260400-786424874):21)
08-16 23:17:56.676 W/AsyncOperation( 3080): 	at badp.c(:com.google.android.gms@253031035@25.30.31 (260400-786424874):50)
08-16 23:17:56.676 W/AsyncOperation( 3080): 	at badp.run(:com.google.android.gms@253031035@25.30.31 (260400-786424874):70)
08-16 23:17:56.676 W/AsyncOperation( 3080): 	at java.util.concurrent.ThreadPoolExecutor.runWorker(ThreadPoolExecutor.java:1156)
08-16 23:17:56.676 W/AsyncOperation( 3080): 	at java.util.concurrent.ThreadPoolExecutor$Worker.run(ThreadPoolExecutor.java:651)
08-16 23:17:56.676 W/AsyncOperation( 3080): 	at bajh.run(:com.google.android.gms@253031035@25.30.31 (260400-786424874):8)
08-16 23:17:56.676 W/AsyncOperation( 3080): 	at java.lang.Thread.run(Thread.java:1119)
08-16 23:17:56.678 D/SurfaceFlinger(  966): [SF client] NEW(0xb400007c98dedb00) for (11994:com.google.android.gms.ui)
08-16 23:17:56.679 I/hwcomposer(  881): [HWC] (0)fire a callback of refresh to SF[4]  
08-16 23:17:56.685 I/ViewRootImpl(11994): dVRR is disabled
08-16 23:17:56.685 D/HardwareRenderer(11994): onDisplayChanged. displayId=0 current wxh=1080x2340 mLargest wxh=0x0
08-16 23:17:56.686 W/HWUI    (11994): Unknown dataspace 0
08-16 23:17:56.686 D/HardwareRenderer(11994): Set largestWidth and largestHeight as logical resolution. (1080x2340)
08-16 23:17:56.686 D/HWUI    (11994): setMaxSurfaceArea requested wxh=(1080,2340) requestedSurfaceArea(2527200) mMaxSurfaceArea(2073600)
08-16 23:17:56.686 D/NativeCustomFrequencyManager(11994): [NativeCFMS] BpCustomFrequencyManager::BpCustomFrequencyManager()
08-16 23:17:56.689 D/InputTransport( 1501): Input channel constructed: '3353371', fd=1078
08-16 23:17:56.689 D/InputTransport( 1501): Input channel constructed: '3353371', fd=1079
08-16 23:17:56.690 D/InputTransport( 1501): Input channel constructed: '3353371', fd=1086
08-16 23:17:56.690 D/SurfaceFlinger(  966): [SF client] NEW(0xb400007c78d6eb80) for (1501:system_server)
08-16 23:17:56.690 D/WindowManager( 1501): prepareSync <SYNC_STATE_WAITING_FOR_DRAW>, mPrepareSyncSeqId=0, win=Window{3353371 u0 com.google.android.gms/com.google.android.gms.auth.api.signin.ui.SignInActivity}
08-16 23:17:56.691 I/BufferQueueDebug(  966): [3353371 com.google.android.gms/com.google.android.gms.auth.api.signin.ui.SignInActivity#2436](this:0xb400007c60e07cb8,id:-1,api:0,p:-1,c:-1) BufferQueue core=(966:/system/bin/surfaceflinger)
08-16 23:17:56.691 I/SurfaceFlinger(  966): id=2436 createSurf, flag=84004, 3353371 com.google.android.gms/com.google.android.gms.auth.api.signin.ui.SignInActivity#2436
08-16 23:17:56.692 D/RestrictionPolicy( 1501): isScreenCaptureEnabled : ret=true userId=0
08-16 23:17:56.692 D/RestrictionPolicy( 1501): isScreenCaptureEnabled : ret=true userId=0
08-16 23:17:56.692 D/InputTransport( 1501): Input channel destroyed: '3353371', fd=1086
08-16 23:17:56.692 D/InputTransport(11994): Input channel constructed: '3353371', fd=144
08-16 23:17:56.694 I/InsetsController(11994): onStateChanged: host=com.google.android.gms/com.google.android.gms.auth.api.signin.ui.SignInActivity, from=android.view.ViewRootImpl.setView:1999, state=InsetsState: {mDisplayFrame=Rect(0, 0 - 1080, 2340), mDisplayCutout=DisplayCutout{insets=Rect(0, 80 - 0, 0) waterfall=Insets{left=0, top=0, right=0, bottom=0} boundingRect={Bounds=[Rect(0, 0 - 0, 0), Rect(472, 0 - 608, 80), Rect(0, 0 - 0, 0), Rect(0, 0 - 0, 0)]} cutoutPathParserInfo={CutoutPathParserInfo{displayWidth=1080 displayHeight=2340 physicalDisplayWidth=1080 physicalDisplayHeight=2340 density={2.8125} cutoutSpec={M 0,0 H -24.177777778 V 28.4444444444 H 24.177777778 V 0 H 0 Z @dp} rotation={0} scale={1.0} physicalPixelDisplaySizeRatio={1.0}}} sideOverrides={}}, mRoundedCorners=RoundedCorners{[RoundedCorner{position=TopLeft, radius=113, center=Point(113, 113)}, RoundedCorner{position=TopRight, radius=113, center=Point(967, 113)}, RoundedCorner{position=BottomRight, radius=113, center=Point(967, 2227)}, RoundedCorner{position=BottomLeft, radius=113, center=Point(113, 2227)}]}  mRoundedCornerFrame=Rect(0, 0 - 1080, 2340), mPrivacyIndicatorBounds=PrivacyIndicatorBounds {static bounds=Rect(956, 0 - 1080, 80) rotation=0}, mDisplayShape=DisplayShape{ spec=-311912193 displayWidth=1080 displayHeight=2340 physicalPixelDisplaySizeRatio=1.0 rotation=0 offsetX=0 offsetY=0 scale=1.0}, mSources= { InsetsSource: {27 mType=displayCutout mFrame=[0,0][1080,80] mVisible=true mFlags= mSideHint=TOP mBoundingRects=null}, InsetsSource: {566a0000 mType=statusBars mFrame=[0,0][1080,80] mVisible=true mFlags= mSideHint=TOP mBoundingRects=null}, InsetsSource: {566a0005 mType=mandatorySystemGestures mFrame=[0,0][1080,114] mVisible=true mFlags= mSideHint=TOP mBoundingRects=null}, InsetsSource: {566a0006 mType=tappableElement mFrame=[0,0][1080,80] mVisible=true mFlags= mSideHint=TOP mBoundingRects=null}, InsetsSource: {5fa10001 mType=navigationBars mFrame=[0,2205][1080,2340] mVisible=true mFlags= mSideHint=BOTTOM mBoundingRects=null}, InsetsSource: {5fa10004 mType=systemGestures mFrame=[0,0][0,0] mVisible=true mFlags= mSideHint=NONE mBoundingRects=null}, InsetsSource: {5fa10005 mType=mandatorySystemGestures mFrame=[0,2205][1080,2340] mVisible=true mFlags= mSideHint=BOTTOM mBoundingRects=null}, InsetsSource: {5fa10006 mType=tappableElement mFrame=[0,2205][1080,2340] mVisible=true mFlags= mSideHint=BOTTOM mBoundingRects=null}, InsetsSource: {5fa10024 mType=systemGestures mFrame=[0,0][0,0] mVisible=true mFlags= mSideHint=NONE mBoundingRects=null} }
08-16 23:17:56.695 I/VRI[SignInActivity]@60aac1(11994): synced displayState. AttachInfo displayState=2
08-16 23:17:56.695 I/VRI[SignInActivity]@60aac1(11994): setView = com.android.internal.policy.DecorView@c31fd IsHRR=false TM=true
08-16 23:17:56.696 I/IDS_TAG (11994): Starting IDS observe window
08-16 23:17:56.696 W/AudioALSACaptureDataProviderNormal(  875): readThread, latency_in_s,0.000000,0.038787,0.000043, totalTime 0.038829 > logTimeout 0.022000 TIMEOUT!!
08-16 23:17:56.696 I/IDS_TAG (11994): Getting Shared Preference for co.g.App@5ef70c4 uid = 10237
08-16 23:17:56.698 I/IDS_TAG (11994): App co.g.App@5ef70c4 being boosted by IDS
08-16 23:17:56.698 I/IDS_TAG (11994): Closing IDS observe window
08-16 23:17:56.698 I/IDS_TAG (11994): Getting Shared Preference for co.g.App@5ef70c4 uid = 10237
08-16 23:17:56.701 D/CoreBackPreview( 1501): Window{3353371 u0 com.google.android.gms/com.google.android.gms.auth.api.signin.ui.SignInActivity}: Setting back callback OnBackInvokedCallbackInfo{mCallback=android.window.IOnBackInvokedCallback$Stub$Proxy@52229d7, mPriority=0, mIsAnimationCallback=false}
08-16 23:17:56.701 V/WindowManager( 1501): Relayout Window{3353371 u0 com.google.android.gms/com.google.android.gms.auth.api.signin.ui.SignInActivity}: viewVisibility=0 req=0x0 ty=1 d0
08-16 23:17:56.702 I/BufferQueueDebug(  966): [com.google.android.gms/com.google.android.gms.auth.api.signin.ui.SignInActivity$_11994#2437](this:0xb400007c60cc4cb8,id:-1,api:0,p:-1,c:-1) BufferQueue core=(966:/system/bin/surfaceflinger)
08-16 23:17:56.702 I/SurfaceFlinger(  966): id=2437 createSurf, flag=44004, com.google.android.gms/com.google.android.gms.auth.api.signin.ui.SignInActivity$_11994#2437
08-16 23:17:56.702 D/WindowManager( 1501): makeSurface duration=1 name=com.google.android.gms/com.google.android.gms.auth.api.signin.ui.SignInActivity$_11994
08-16 23:17:56.703 D/BLASTSyncEngine( 1501): SyncGroup 221:  Unfinished container: ActivityRecord{740f13c u0 com.google.android.gms/.auth.api.signin.ui.SignInActivity t271} mSyncState=2
08-16 23:17:56.704 D/WindowManager( 1501): Changing focus from null to Window{3353371 u0 com.google.android.gms/com.google.android.gms.auth.api.signin.ui.SignInActivity} displayId=0 Callers=com.android.server.wm.WindowManagerService.relayoutWindowInner:142 com.android.server.wm.WindowManagerService.relayoutWindow:6 com.android.server.wm.Session.relayout:27 android.view.IWindowSession$Stub.onTransact:861 
08-16 23:17:56.704 I/WindowManager( 1501): Cancelling animation restarting=true, leash=Surface(name=Surface(name=5d780fd NavigationBar0)/@0x3a5ff16 - animation-leash of insets_animation)/@0x122d11b
08-16 23:17:56.704 I/WindowManager( 1501): Reparenting to original parent: Surface(name=WindowToken{abac954 type=2019 android.os.BinderProxy@b242566})/@0x650f284, destroy=false, syncState=0, syncCommitDepth=0, surface=Surface(name=5d780fd NavigationBar0)/@0x3a5ff16
08-16 23:17:56.704 I/WindowManager( 1501): Reparenting to leash, surface=Surface(name=5d780fd NavigationBar0)/@0x3a5ff16, syncState=0, syncCommitDepth=0, leashParent=Surface(name=WindowToken{abac954 type=2019 android.os.BinderProxy@b242566})/@0x650f284
08-16 23:17:56.704 I/BufferQueueDebug(  966): [Surface(name=5d780fd NavigationBar0)/@0x3a5ff16 - animation-leash of insets_animation#2438](this:0xb400007c60cffcb8,id:-1,api:0,p:-1,c:-1) BufferQueue core=(966:/system/bin/surfaceflinger)
08-16 23:17:56.705 I/SurfaceFlinger(  966): id=2438 createSurf, flag=24000, Surface(name=5d780fd NavigationBar0)/@0x3a5ff16 - animation-leash of insets_animation#2438
08-16 23:17:56.705 D/WindowManager( 1501): makeSurface duration=2 leash=Surface(name=Surface(name=5d780fd NavigationBar0)/@0x3a5ff16 - animation-leash of insets_animation)/@0x41895ad
08-16 23:17:56.706 D/InsetsSourceProvider( 1501): updateControlForTarget: control=InsetsSourceControl: {5fa10001 mType=navigationBars initiallyVisible mSurfacePosition=Point(0, 2205) mInsetsHint=Insets{left=0, top=0, right=0, bottom=135}}, target=Window{3353371 u0 com.google.android.gms/com.google.android.gms.auth.api.signin.ui.SignInActivity}, from=com.android.server.wm.InsetsStateController.onControlTargetChanged:81 com.android.server.wm.InsetsPolicy.updateBarControlTarget:176 com.android.server.wm.DisplayPolicy.updateSystemBarAttributes:281 com.android.server.wm.WindowManagerService.updateFocusedWindowLocked:375 com.android.server.wm.WindowManagerService.relayoutWindowInner:142 
08-16 23:17:56.706 I/WindowManager( 1501): Cancelling animation restarting=true, leash=Surface(name=Surface(name=6f4f8aa StatusBar)/@0x5217695 - animation-leash of insets_animation)/@0x6041891
08-16 23:17:56.706 I/WindowManager( 1501): Reparenting to original parent: Surface(name=WindowToken{a3bcf95 type=2000 android.os.BinderProxy@792477f})/@0xd9f13aa, destroy=false, syncState=0, syncCommitDepth=0, surface=Surface(name=6f4f8aa StatusBar)/@0x5217695
08-16 23:17:56.706 I/WindowManager( 1501): Reparenting to leash, surface=Surface(name=6f4f8aa StatusBar)/@0x5217695, syncState=0, syncCommitDepth=0, leashParent=Surface(name=WindowToken{a3bcf95 type=2000 android.os.BinderProxy@792477f})/@0xd9f13aa
08-16 23:17:56.706 I/BufferQueueDebug(  966): [Surface(name=6f4f8aa StatusBar)/@0x5217695 - animation-leash of insets_animation#2439](this:0xb400007c60d3bcb8,id:-1,api:0,p:-1,c:-1) BufferQueue core=(966:/system/bin/surfaceflinger)
08-16 23:17:56.706 I/SurfaceFlinger(  966): id=2439 createSurf, flag=24000, Surface(name=6f4f8aa StatusBar)/@0x5217695 - animation-leash of insets_animation#2439
08-16 23:17:56.707 D/WindowManager( 1501): makeSurface duration=1 leash=Surface(name=Surface(name=6f4f8aa StatusBar)/@0x5217695 - animation-leash of insets_animation)/@0xd758c73
08-16 23:17:56.707 D/InsetsSourceProvider( 1501): updateControlForTarget: control=InsetsSourceControl: {566a0000 mType=statusBars initiallyVisible mSurfacePosition=Point(0, 0) mInsetsHint=Insets{left=0, top=80, right=0, bottom=0}}, target=Window{3353371 u0 com.google.android.gms/com.google.android.gms.auth.api.signin.ui.SignInActivity}, from=com.android.server.wm.InsetsStateController.onControlTargetChanged:81 com.android.server.wm.InsetsPolicy.updateBarControlTarget:163 com.android.server.wm.DisplayPolicy.updateSystemBarAttributes:281 com.android.server.wm.WindowManagerService.updateFocusedWindowLocked:375 com.android.server.wm.WindowManagerService.relayoutWindowInner:142 
08-16 23:17:56.707 D/WindowManager( 1501): updateSystemBarAttributes: displayId=0, focusedCanBeNavColorWin=false, win=Window{3353371 u0 com.google.android.gms/com.google.android.gms.auth.api.signin.ui.SignInActivity}, navColorWin=Window{54e9d0e u0 com.ballerbizoy.ballerai/com.ballerbizoy.ballerai.MainActivity}, caller=com.android.server.wm.WindowManagerService.updateFocusedWindowLocked:375 com.android.server.wm.WindowManagerService.relayoutWindowInner:142 com.android.server.wm.WindowManagerService.relayoutWindow:6 
08-16 23:17:56.708 D/WindowManager( 1501): updateSystemBarAttributes, bhv=1, apr=16, statusBarAprRegions=[AppearanceRegion{LIGHT_STATUS_BARS bounds=[0,0][1080,2340]}], requestedVisibilities=-9
08-16 23:17:56.708 V/SystemKeyManager( 1501): updateFocusedWindow() is called, com.google.android.gms/com.google.android.gms.auth.api.signin.ui.SignInActivity
08-16 23:17:56.708 V/WindowManager( 1501): Relayout hash=3353371, pid=11994, syncId=-1: mAttrs={(0,0)(wrapxwrap) sim={adjust=pan forwardNavigation} ty=BASE_APPLICATION fmt=TRANSPARENT
08-16 23:17:56.708 V/WindowManager( 1501):   fl=1800002
08-16 23:17:56.708 V/WindowManager( 1501):   pfl=40000880
08-16 23:17:56.708 V/WindowManager( 1501):   apr=10
08-16 23:17:56.708 V/WindowManager( 1501):   bhv=1
08-16 23:17:56.708 V/WindowManager( 1501):   fitTypes=207
08-16 23:17:56.708 V/WindowManager( 1501):   frameRateBoostOnTouch=true
08-16 23:17:56.708 V/WindowManager( 1501):   dvrrWindowFrameRateHint=true
08-16 23:17:56.708 V/WindowManager( 1501):  dimAmount=0.6 naviIconColor=0
08-16 23:17:56.708 V/WindowManager( 1501):   sfl=100000}
08-16 23:17:56.709 I/InsetsController(11994): onStateChanged: host=com.google.android.gms/com.google.android.gms.auth.api.signin.ui.SignInActivity, from=android.view.ViewRootImpl.relayoutWindow:11304, state=InsetsState: {mDisplayFrame=Rect(0, 0 - 1080, 2340), mDisplayCutout=DisplayCutout{insets=Rect(0, 80 - 0, 0) waterfall=Insets{left=0, top=0, right=0, bottom=0} boundingRect={Bounds=[Rect(0, 0 - 0, 0), Rect(472, 0 - 608, 80), Rect(0, 0 - 0, 0), Rect(0, 0 - 0, 0)]} cutoutPathParserInfo={CutoutPathParserInfo{displayWidth=1080 displayHeight=2340 physicalDisplayWidth=1080 physicalDisplayHeight=2340 density={2.8125} cutoutSpec={M 0,0 H -24.177777778 V 28.4444444444 H 24.177777778 V 0 H 0 Z @dp} rotation={0} scale={1.0} physicalPixelDisplaySizeRatio={1.0}}} sideOverrides={}}, mRoundedCorners=RoundedCorners{[RoundedCorner{position=TopLeft, radius=113, center=Point(113, 113)}, RoundedCorner{position=TopRight, radius=113, center=Point(967, 113)}, RoundedCorner{position=BottomRight, radius=113, center=Point(967, 2227)}, RoundedCorner{position=BottomLeft, radius=113, center=Point(113, 2227)}]}  mRoundedCornerFrame=Rect(0, 0 - 1080, 2340), mPrivacyIndicatorBounds=PrivacyIndicatorBounds {static bounds=Rect(956, 0 - 1080, 80) rotation=0}, mDisplayShape=DisplayShape{ spec=-311912193 displayWidth=1080 displayHeight=2340 physicalPixelDisplaySizeRatio=1.0 rotation=0 offsetX=0 offsetY=0 scale=1.0}, mSources= { InsetsSource: {3 mType=ime mFrame=[0,0][0,0] mVisible=false mFlags= mSideHint=NONE mBoundingRects=null}, InsetsSource: {27 mType=displayCutout mFrame=[0,0][1080,80] mVisible=true mFlags= mSideHint=TOP mBoundingRects=null}, InsetsSource: {566a0000 mType=statusBars mFrame=[0,0][1080,80] mVisible=true mFlags= mSideHint=TOP mBoundingRects=null}, InsetsSource: {566a0005 mType=mandatorySystemGestures mFrame=[0,0][1080,114] mVisible=true mFlags= mSideHint=TOP mBoundingRects=null}, InsetsSource: {566a0006 mType=tappableElement mFrame=[0,0][1080,80] mVisible=true mFlags= mSideHint=TOP mBoundingRects=null}, InsetsSource: {5fa10001 mType=navigationBars mFrame=[0,2205][1080,2340] mVisible=true mFlags= mSideHint=BOTTOM mBoundingRects=null}, InsetsSource: {5fa10004 mType=systemGestures mFrame=[0,0][0,0] mVisible=true mFlags= mSideHint=NONE mBoundingRects=null}, InsetsSource: {5fa10005 mType=mandatorySystemGestures mFrame=[0,2205][1080,2340] mVisible=true mFlags= mSideHint=BOTTOM mBoundingRects=null}, InsetsSource: {5fa10006 mType=tappableElement mFrame=[0,2205][1080,2340] mVisible=true mFlags= mSideHint=BOTTOM mBoundingRects=null}, InsetsSource: {5fa10024 mType=systemGestures mFrame=[0,0][0,0] mVisible=true mFlags= mSideHint=NONE mBoundingRects=null} }
08-16 23:17:56.709 D/BufferQueueConsumer(11994): [](id:2eda00000000,api:0,p:-1,c:11994) connect: controlledByApp=false
08-16 23:17:56.710 D/SurfaceComposerClient( 1501): Transaction::apply InputWindowCommands.focusRequests timestamp=6134225052749, windowName=3353371 com.google.android.gms/com.google.android.gms.auth.api.signin.ui.SignInActivity
08-16 23:17:56.711 D/NavigationBar( 2044): onSystemBarAttributesChanged() -  displayId:0, appearance:16, packageName: com.google.android.gms (APPEARANCE_LIGHT_NAVIGATION_BARS ), navbarColorManagedByIme:false
08-16 23:17:56.712 I/BLASTBufferQueue(11994): [VRI[SignInActivity]@60aac1#0](f:0,a:0,s:0) constructor()
08-16 23:17:56.712 I/BLASTBufferQueue_Java(11994): new BLASTBufferQueue, mName= VRI[SignInActivity]@60aac1 mNativeObject= 0xb400007be02ab800 sc.mNativeObject= 0xb400007ba382a100 caller= android.view.ViewRootImpl.updateBlastSurfaceIfNeeded:3397 android.view.ViewRootImpl.relayoutWindow:11361 android.view.ViewRootImpl.performTraversals:4544 android.view.ViewRootImpl.doTraversal:3708 android.view.ViewRootImpl$TraversalRunnable.run:12542 android.view.Choreographer$CallbackRecord.run:1751 android.view.Choreographer$CallbackRecord.run:1760 android.view.Choreographer.doCallbacks:1216 android.view.Choreographer.doFrame:1142 android.view.Choreographer$FrameDisplayEventReceiver.run:1707 
08-16 23:17:56.712 I/BLASTBufferQueue_Java(11994): update, w= 1 h= 1 mName = VRI[SignInActivity]@60aac1 mNativeObject= 0xb400007be02ab800 sc.mNativeObject= 0xb400007ba382a100 format= -2 caller= android.graphics.BLASTBufferQueue.<init>:88 android.view.ViewRootImpl.updateBlastSurfaceIfNeeded:3397 android.view.ViewRootImpl.relayoutWindow:11361 android.view.ViewRootImpl.performTraversals:4544 android.view.ViewRootImpl.doTraversal:3708 android.view.ViewRootImpl$TraversalRunnable.run:12542 
08-16 23:17:56.716 D/SurfaceFlinger(  966): Focus addInputWindowCommands timestamp=6134225052749, windowName=3353371 com.google.android.gms/com.google.android.gms.auth.api.signin.ui.SignInActivity
08-16 23:17:56.717 I/SurfaceFlinger(  966): onHandleDestroyed: name=Surface(name=6f4f8aa StatusBar)/@0x5217695 - animation-leash of insets_animation#2435, layerId=2435, parentId=0
08-16 23:17:56.717 I/SurfaceFlinger(  966): id=2435 Removed Surface(name=6f4f8aa StatusBar)/@0x5217695 - animation-leash of insets_animation#2435 (143)
08-16 23:17:56.717 I/SurfaceFlinger(  966): onHandleDestroyed: name=Surface(name=5d780fd NavigationBar0)/@0x3a5ff16 - animation-leash of insets_animation#2434, layerId=2434, parentId=0
08-16 23:17:56.717 I/SurfaceFlinger(  966): id=2434 Removed Surface(name=5d780fd NavigationBar0)/@0x3a5ff16 - animation-leash of insets_animation#2434 (143)
08-16 23:17:56.718 I/VRI[SignInActivity]@60aac1(11994): Relayout returned: old=(0,80,1080,2205) new=(540,1142,540,1142) relayoutAsync=false req=(0,0)0 dur=8 res=0x3 s={true 0xb400007ba3975800} ch=true seqId=0
08-16 23:17:56.719 I/VRI[SignInActivity]@60aac1(11994): performConfigurationChange setNightDimText nightDimLevel=0
08-16 23:17:56.719 D/VRI[SignInActivity]@60aac1(11994): mThreadedRenderer.initialize() mSurface={isValid=true 0xb400007ba3975800} hwInitialized=true
08-16 23:17:56.719 D/SurfaceFlinger(  966): updateWinowInfo=1, setFocusedWindow timestamp=6134225052749, windowName=3353371 com.google.android.gms/com.google.android.gms.auth.api.signin.ui.SignInActivity
08-16 23:17:56.720 D/InputDispatcher( 1501): Once focus requested (0): 3353371 com.google.android.gms/com.google.android.gms.auth.api.signin.ui.SignInActivity
08-16 23:17:56.720 D/InputDispatcher( 1501): Focus request (0): 3353371 com.google.android.gms/com.google.android.gms.auth.api.signin.ui.SignInActivity but waiting because NOT_VISIBLE
