08-16 23:17:56.964 V/WindowManagerShell( 2044):  Checking filter Pair{{types=[] flags=0x0] notFlags=0x100 checks=[{atype=home independent=true modes=[OPEN,TO_FRONT] flags=NONE mustBeTask=false order=TOP topActivity=ComponentInfo{com.sec.android.app.launcher/com.sec.android.app.launcher.Launcher} launchCookie=null},{atype=recents independent=true modes=[CLOSE,TO_BACK] flags=NONE mustBeTask=false order=ANY topActivity=null launchCookie=null}]} RemoteTransition { remoteTransition = android.window.IRemoteTransition$Stub$Proxy@cd3a5, appThread = android.app.IApplicationThread$Stub$Proxy@490937a, debugName = QuickstepLaunchHomeFromRecentsflags =NONE }}
08-16 23:17:56.964 V/WindowManagerShell( 2044):  Checking filter Pair{{types=[] flags=0x0] notFlags=0x100 checks=[{atype=home independent=true modes=[OPEN,TO_FRONT] flags=NONE mustBeTask=false order=TOP topActivity=ComponentInfo{com.sec.android.app.launcher/com.sec.android.app.launcher.Launcher} launchCookie=null},{atype=standard independent=true modes=[CLOSE,TO_BACK] flags=NONE mustBeTask=false order=ANY topActivity=null launchCookie=null}]} RemoteTransition { remoteTransition = android.window.IRemoteTransition$Stub$Proxy@8da272b, appThread = android.app.IApplicationThread$Stub$Proxy@313f788, debugName = QuickstepLaunchHomeflags =NONE }}
08-16 23:17:56.964 V/WindowManagerShell( 2044):  Delegate animation for (#222) to null
08-16 23:17:56.964 V/WindowManagerShell( 2044):  try handler com.android.wm.shell.transition.DefaultTransitionHandler@1c0521
08-16 23:17:56.964 V/WindowManagerShell( 2044): start default transition animation, info = {id=222 t=OPEN f=0x0 trk=1 r=[0@Point(0, 0)] c=[{null m=OPEN f=TRANSLUCENT|FILLS_TASK|IS_ACTIVITY|EDGE_EXTENSION_RESTRICTION leash=Surface(name=ActivityRecord{c59c60 u0 com.google.android.gms/.signin.activity.SignInActivity t271})/@0x27a849c sb=Rect(0, 0 - 0, 0) eb=Rect(0, 0 - 1080, 2340) d=-1->0 r=-1->0:-1 bc=fffafafa component=com.google.android.gms/.signin.activity.SignInActivity inset=Rect(0, 0 - 0, 0) taskIdForActivity=271},{null m=OPEN f=TRANSLUCENT|FILLS_TASK|IS_ACTIVITY|EDGE_EXTENSION_RESTRICTION leash=Surface(name=ActivityRecord{ae416eb u0 com.google.android.gms/.common.api.GoogleApiActivity t271})/@0xf3a2ea5 sb=Rect(0, 0 - 0, 0) eb=Rect(0, 0 - 1080, 2340) d=-1->0 r=-1->0:-1 bc=fffafafa component=com.google.android.gms/.common.api.GoogleApiActivity inset=Rect(0, 0 - 0, 0) taskIdForActivity=271}]}
08-16 23:17:56.964 V/WindowManagerShell( 2044): loadAnimation: anim=null animAttr=0x4 type=OPEN isEntrance=true
08-16 23:17:56.964 V/WindowManagerShell( 2044):    wallpaperTransit=WALLPAPER_NONE translucent=true
08-16 23:17:56.964 V/WindowManagerShell( 2044):    change={null m=OPEN f=TRANSLUCENT|FILLS_TASK|IS_ACTIVITY|EDGE_EXTENSION_RESTRICTION leash=Surface(name=ActivityRecord{ae416eb u0 com.google.android.gms/.common.api.GoogleApiActivity t271})/@0xf3a2ea5 sb=Rect(0, 0 - 0, 0) eb=Rect(0, 0 - 1080, 2340) d=-1->0 r=-1->0:-1 bc=fffafafa component=com.google.android.gms/.common.api.GoogleApiActivity inset=Rect(0, 0 - 0, 0) taskIdForActivity=271}
08-16 23:17:56.965 V/WindowManagerShell( 2044): loadAnimation: anim=null animAttr=0x4 type=OPEN isEntrance=true
08-16 23:17:56.965 V/WindowManagerShell( 2044):    wallpaperTransit=WALLPAPER_NONE translucent=true
08-16 23:17:56.965 V/WindowManagerShell( 2044):    change={null m=OPEN f=TRANSLUCENT|FILLS_TASK|IS_ACTIVITY|EDGE_EXTENSION_RESTRICTION leash=Surface(name=ActivityRecord{c59c60 u0 com.google.android.gms/.signin.activity.SignInActivity t271})/@0x27a849c sb=Rect(0, 0 - 0, 0) eb=Rect(0, 0 - 1080, 2340) d=-1->0 r=-1->0:-1 bc=fffafafa component=com.google.android.gms/.signin.activity.SignInActivity inset=Rect(0, 0 - 0, 0) taskIdForActivity=271}
08-16 23:17:56.965 I/BufferQueueDebug(  966): [c090519 ActivityRecordInputSink com.google.android.gms/.signin.activity.SignInActivity#2455](this:0xb400007c62531cb8,id:-1,api:0,p:-1,c:-1) BufferQueue core=(966:/system/bin/surfaceflinger)
08-16 23:17:56.965 I/SurfaceFlinger(  966): id=2455 createSurf, flag=84000, c090519 ActivityRecordInputSink com.google.android.gms/.signin.activity.SignInActivity#2455
08-16 23:17:56.966 W/Conscrypt(11994): Could not set socket write timeout: java.net.SocketException: Socket closed
08-16 23:17:56.966 W/Conscrypt(11994): 	at com.google.android.gms.org.conscrypt.Platform.setSocketWriteTimeout(:com.google.android.gms@253031035@25.30.31 (260400-786424874):204)
08-16 23:17:56.966 I/SurfaceControlRegistry( 2044): apply, t=StartTransaction_SyncId<222>, caller=android.view.SurfaceControl$Transaction.apply:3135 android.view.SurfaceControl$Transaction.apply:3122 android.view.SurfaceControl$Transaction.apply:3078 com.android.wm.shell.transition.DefaultTransitionHandler.startAnimation:2823 com.android.wm.shell.transition.Transitions.dispatchTransition:93 com.android.wm.shell.transition.Transitions.playTransition:700 
08-16 23:17:56.966 W/Conscrypt(11994): 	at com.google.android.gms.org.conscrypt.ConscryptFileDescriptorSocket.setSoWriteTimeout(:com.google.android.gms@253031035@25.30.31 (260400-786424874):4)
08-16 23:17:56.966 V/WindowManagerShell( 2044): Transition animation finished (aborted=false), notifying core (#222) android.os.BinderProxy@d0f7609@1
08-16 23:17:56.967 I/SurfaceControlRegistry( 2044): apply, t=FinishTransaction_SyncId<222>, caller=android.view.SurfaceControl$Transaction.apply:3135 android.view.SurfaceControl$Transaction.apply:3122 android.view.SurfaceControl$Transaction.apply:3078 com.android.wm.shell.transition.Transitions.onFinish:308 com.android.wm.shell.transition.Transitions$$ExternalSyntheticLambda8.onTransitionFinished:10 com.android.wm.shell.transition.DefaultTransitionHandler$$ExternalSyntheticLambda6.run:36 
08-16 23:17:56.968 I/mtkpower@impl(  906): [setMode] type:5, enabled:0
08-16 23:17:56.968 V/WindowManager( 1501): Finish Transition: TransitionRecord{7e8dae1 id=222 type=OPEN flags=0x0}, caller=com.android.server.wm.WindowOrganizerController.finishTransitionInner:26 com.android.server.wm.WindowOrganizerController.finishAllTransitions:59 android.window.IWindowOrganizerController$Stub.onTransact:311 
08-16 23:17:56.968 V/WindowManager( 1501): Finish Transition (#222): created at 08-16 23:17:56.740 collect-started=0.45ms request-sent=6.172ms started=54.135ms ready=64.43ms sent=218.497ms finished=228.613ms
08-16 23:17:56.969 D/ChangeTransitionController( 1501): onTransitionFinished: TransitionRecord{7e8dae1 id=222 type=OPEN flags=0x0}
08-16 23:17:56.969 V/WindowManagerShell( 2044): Track 1 became idle
08-16 23:17:56.969 V/WindowManagerShell( 2044): All active transition animations finished
08-16 23:17:56.969 V/WindowManagerShell( 2044):  animated by com.android.wm.shell.transition.DefaultTransitionHandler@1c0521
08-16 23:17:56.970 V/WindowManagerShell( 2044): Track 1 became idle
08-16 23:17:56.970 V/WindowManagerShell( 2044): All active transition animations finished
08-16 23:17:56.970 W/UserManagerService( 1501): Requested status bar icon for non-badged user 0
08-16 23:17:56.971 W/UserManagerService( 1501): Requested status bar icon for non-badged user 0
08-16 23:17:56.971 D/SystemUIService( 2044): SYSUI_RAM_OPTIMIZATION onTrimMemory=20
08-16 23:17:56.971 D/CentralSurfaces( 2044): SYSUI_RAM_OPTIMIZATION onTrimMemory=20
08-16 23:17:56.972 D/HWUI    ( 2044): CacheManager::trimMemory(20)
08-16 23:17:56.972 D/SystemUIService( 2044): SYSUI_RAM_OPTIMIZATION onTrimMemory=20
08-16 23:17:56.972 D/CentralSurfaces( 2044): SYSUI_RAM_OPTIMIZATION onTrimMemory=20
08-16 23:17:56.972 D/HWUI    ( 2044): CacheManager::trimMemory(20)
08-16 23:17:56.973 W/UserManagerService( 1501): Requested status bar icon for non-badged user 0
08-16 23:17:56.976 D/SurfaceFlinger(  966): Display 0 HWC layers:
08-16 23:17:56.976 D/SurfaceFlinger(  966):        DEVICE |   0xb400007c98d02840 | 0001 | RGBA_8888    |    0.0    0.0 1080.0 2340.0 |    0    0 1080 2340 | com.ballerbizoy.ballerai/com.ballerbizoy.ballerai.MainActivity$_9856#2354 (220)
08-16 23:17:56.976 D/SurfaceFlinger(  966):        DEVICE |   0xb400007c6c1846c0 | 0001 | RGBA_8888    |    0.0    0.0 1080.0 2340.0 |    0    0 1080 2340 | com.ballerbizoy.ballerai/com.google.[...]nternal.SignInHubActivity$_9856#2431 (1)
08-16 23:17:56.976 D/SurfaceFlinger(  966):        DEVICE |   0xb400007c9a8ada00 | 0001 | RGBA_8888    |    0.0    0.0 1080.0 2340.0 |    0    0 1080 2340 | com.google.android.gms/com.google.an[...]on.api.GoogleApiActivity$_11994#2448 (1)
08-16 23:17:56.976 D/SurfaceFlinger(  966):        DEVICE |   0xb400007c6c0abc80 | 0001 | RGBA_8888    |    0.0    0.0 1080.0   80.0 |    0    0 1080   80 | StatusBar$_2044#91 (3108)
08-16 23:17:56.976 D/SurfaceFlinger(  966):        DEVICE |   0xb400007c6c182140 | 0001 | RGBA_8888    |    0.0    0.0 1080.0  135.0 |    0 2205 1080 2340 | NavigationBar0$_2044#87 (2449)
08-16 23:17:56.976 D/SurfaceFlinger(  966): 
08-16 23:17:56.977 D/InputDispatcher( 1501): Focus entered window (0): 7495fb7 com.google.android.gms/com.google.android.gms.signin.activity.SignInActivity
08-16 23:17:56.978 D/VRI[SignInActivity]@3e2985e(11994): mThreadedRenderer.initializeIfNeeded()#2 mSurface={isValid=true 0xb400007a9d228000}
08-16 23:17:56.981 D/InputMethodManagerUtils(11994): startInputInner - Id : 0
08-16 23:17:56.981 I/InputMethodManager(11994): startInputInner - IInputMethodManagerGlobalInvoker.startInputOrWindowGainedFocus
08-16 23:17:56.984 I/BtGatt.ScanHelper( 2410): onScanResult to scannerId: 4- eventType=0x1b, addressType=1, address=XX:XX:XX:XX:3B:D4, primaryPhy=1, secondaryPhy=0, advertisingSid=0xff, txPower=127, rssi=-85, periodicAdvInt=0x0
08-16 23:17:56.984 D/InputMethodManagerService( 1501): setWindowStateInner, windowToken=android.os.BinderProxy@48666b6, state=ImeTargetWindowState{ imeToken null imeFocusChanged true hasEditorFocused false requestedImeVisible false imeDisplayId 0 softInputModeState STATE_UNSPECIFIED|ADJUST_PAN|IS_FORWARD_NAVIGATION isStartInputByGainFocus true}
08-16 23:17:56.984 V/InputMethodManagerService( 1501): Unspecified window will hide input
08-16 23:17:56.984 I/ImeTracker( 1501): com.google.android.gms:968f92cb: onRequestHide at ORIGIN_SERVER reason HIDE_UNSPECIFIED_WINDOW fromUser false
08-16 23:17:56.985 V/InputMethodManagerService( 1501): applyImeVisibility state=6
08-16 23:17:56.985 D/InputMethodManagerService( 1501): setWindowStateInner, windowToken=android.os.BinderProxy@48666b6, state=ImeTargetWindowState{ imeToken android.os.Binder@1095dc1 imeFocusChanged true hasEditorFocused false requestedImeVisible false imeDisplayId 0 softInputModeState STATE_UNSPECIFIED|ADJUST_PAN|IS_FORWARD_NAVIGATION isStartInputByGainFocus true}
08-16 23:17:56.986 I/ImeTracker( 1501): com.google.android.gms:968f92cb: onCancelled at PHASE_SERVER_SHOULD_HIDE
08-16 23:17:56.986 V/InputMethodManagerService( 1501): hideCurrentInputLocked : canceled, shouldHideSoftInput=false, mInputShown=false, mImeWindowVis=0
08-16 23:17:56.986 D/InputMethodManagerService( 1501): mDesktopModeManager null!
08-16 23:17:56.986 V/InputMethodManagerService( 1501): semComputeImeDisplayIdForTarget: displayId=0
08-16 23:17:56.988 V/InputMethodManagerService( 1501): Creating new session for client ClientState{fd3e966 mUid=10237 mPid=11994 mSelfReportedDisplayId=0}
08-16 23:17:56.988 D/InputTransport( 9856): Input channel destroyed: 'ClientS', fd=203
08-16 23:17:56.988 D/InputTransport( 1501): Input channel constructed: 'ClientS', fd=1107
08-16 23:17:56.988 D/InputTransport( 1501): Input channel constructed: 'ClientS', fd=1108
08-16 23:17:56.991 D/InputTransport( 1501): Input channel destroyed: 'ClientS', fd=1108
08-16 23:17:56.992 D/InputMethodManagerService( 1501): isImeSwitcherDisabledPackage : false
08-16 23:17:56.994 D/InputMethodManagerService( 1501): checkDisplayOfStartInputAndUpdateKeyboard: displayId=0, mFocusedDisplayId=0
08-16 23:17:56.994 D/InputTransport( 1501): Input channel constructed: 'ClientS', fd=1108
08-16 23:17:56.994 I/HBD     ( 5040): HoneyBoardService onFinishInput 
08-16 23:17:56.995 D/InputTransport( 1501): Input channel destroyed: 'ClientS', fd=1108
08-16 23:17:56.995 D/InputTransport(11994): Input channel constructed: 'ClientS', fd=190
08-16 23:17:56.995 I/HBD     ( 5040): a IC have been unbinding,  RemoteInputConnection{idHash=#78a2d81}
08-16 23:17:56.995 I/HBD     ( 5040): HoneyBoardService [PF_CL][onFinishInput]  1 ms 
08-16 23:17:56.995 I/HBD     ( 5040): HoneyBoardService [IMI] onStartInput - caller pid : 11994 , caller uid : 10237 
08-16 23:17:56.995 I/HBD     ( 5040): t updateConfigs 
08-16 23:17:56.995 I/HBD     ( 5040): t isEnabledNightMode : false 
08-16 23:17:56.995 I/HBD     ( 5040): a IC have been binding, RemoteInputConnection{idHash=#7a0627b} 
08-16 23:17:56.995 I/HBD     ( 5040): g [EditorInputType]setPrivateImeOptionsToTable privateImeOptions ( null )
08-16 23:17:56.995 I/HBD     ( 5040): b incognitoMode : false 
08-16 23:17:56.995 I/HBD     ( 5040): b needOff = true , isForceOff = false, isNullInputClass : true 
08-16 23:17:56.996 I/HBD     ( 5040): g getDefaultInputRange : UNKNOWN 
08-16 23:17:56.996 D/RestrictionPolicy( 1501): isScreenCaptureEnabled : ret=true userId=0
08-16 23:17:56.996 I/HBD     ( 5040): g getDefaultInputRange : UNKNOWN 
08-16 23:17:56.996 I/HBD     ( 5040): g getDefaultInputRange : UNKNOWN 
08-16 23:17:56.996 W/AudioALSACaptureDataProviderNormal(  875): readThread, latency_in_s,0.000000,0.039766,0.000039, totalTime 0.039805 > logTimeout 0.022000 TIMEOUT!!
08-16 23:17:56.996 I/WindowManager( 1501): Cancelling animation restarting=true, leash=Surface(name=Surface(name=e97457c InputMethod)/@0xa3d0581 - animation-leash of insets_animation)/@0xbdfa09f
08-16 23:17:56.996 I/WindowManager( 1501): Reparenting to original parent: Surface(name=WindowToken{4f85bd8 type=2011 android.os.Binder@ddb2abb})/@0x66ed626, destroy=false, syncState=0, syncCommitDepth=0, surface=Surface(name=e97457c InputMethod)/@0xa3d0581
08-16 23:17:56.996 I/WindowManager( 1501): Reparenting to leash, surface=Surface(name=e97457c InputMethod)/@0xa3d0581, syncState=0, syncCommitDepth=0, leashParent=Surface(name=WindowToken{4f85bd8 type=2011 android.os.Binder@ddb2abb})/@0x66ed626
08-16 23:17:56.997 I/HBD     ( 5040): b needOff = true , isForceOff = false, isNullInputClass : true 
08-16 23:17:56.997 I/HBD     ( 5040): b update cached prediction status : false 
08-16 23:17:56.997 I/HBD     ( 5040): g getDefaultInputRange : UNKNOWN 
08-16 23:17:56.997 I/HBD     ( 5040): a currentState : 0 
08-16 23:17:56.997 I/HBD     ( 5040): a [UpdatePolicy] [post] a: 0 cl: 65537 kit: [0/0] vt: 0 ir: 1 
08-16 23:17:56.997 I/BufferQueueDebug(  966): [Surface(name=e97457c InputMethod)/@0xa3d0581 - animation-leash of insets_animation#2456](this:0xb400007c60db1cb8,id:-1,api:0,p:-1,c:-1) BufferQueue core=(966:/system/bin/surfaceflinger)
08-16 23:17:56.998 I/SurfaceFlinger(  966): id=2456 createSurf, flag=24004, Surface(name=e97457c InputMethod)/@0xa3d0581 - animation-leash of insets_animation#2456
08-16 23:17:56.998 I/HBD     ( 5040): a [NRIC] resetNoResponseState 
08-16 23:17:56.998 D/WindowManager( 1501): makeSurface duration=2 leash=Surface(name=Surface(name=e97457c InputMethod)/@0xa3d0581 - animation-leash of insets_animation)/@0xe0d14fd
08-16 23:17:56.999 I/HBD     ( 5040): b needOff = true , isForceOff = false, isNullInputClass : true 
08-16 23:17:56.999 I/HBD     ( 5040): b update cached prediction status : false 
08-16 23:17:56.999 I/HBD     ( 5040): c [AiWriter] setContact : com.google.android.gms
08-16 23:17:57.002 I/HBD     ( 5040): a [AiWriter] setContact : com.google.android.gms
08-16 23:17:57.002 D/InsetsSourceProvider( 1501): updateControlForTarget: control=InsetsSourceControl: {3 mType=ime mSurfacePosition=Point(0, 80) mInsetsHint=Insets{left=0, top=0, right=0, bottom=1008}}, target=Window{7495fb7 u0 com.google.android.gms/com.google.android.gms.signin.activity.SignInActivity}, from=com.android.server.wm.ImeInsetsSourceProvider.updateControlForTarget:17 com.android.server.wm.InsetsStateController.onControlTargetChanged:81 com.android.server.wm.DisplayContent.updateImeControlTarget:21 com.android.server.wm.DisplayContent.updateImeInputAndControlTarget:81 com.android.server.wm.WindowManagerService$LocalService.updateInputMethodTargetWindow:21 
08-16 23:17:57.004 I/BtGatt.ScanHelper( 2410): onScanResult to scannerId: 4- eventType=0x1b, addressType=1, address=XX:XX:XX:XX:DB:21, primaryPhy=1, secondaryPhy=0, advertisingSid=0xff, txPower=127, rssi=-75, periodicAdvInt=0x0
08-16 23:17:57.008 I/InsetsSourceConsumer(11994): applyRequestedVisibilityToControl: visible=false, type=ime, host=com.google.android.gms/com.google.android.gms.signin.activity.SignInActivity
08-16 23:17:57.009 D/InputMethodManagerService( 1501): isImeSwitcherDisabledPackage : false
08-16 23:17:57.009 I/HBD     ( 5040): E EBD si S 0 
08-16 23:17:57.009 W/Conscrypt(11994): Could not set socket write timeout: java.net.SocketException: Socket closed
08-16 23:17:57.009 W/Conscrypt(11994): 	at com.google.android.gms.org.conscrypt.Platform.setSocketWriteTimeout(:com.google.android.gms@253031035@25.30.31 (260400-786424874):204)
08-16 23:17:57.009 W/Conscrypt(11994): 	at com.google.android.gms.org.conscrypt.ConscryptFileDescriptorSocket.setSoWriteTimeout(:com.google.android.gms@253031035@25.30.31 (260400-786424874):4)
08-16 23:17:57.012 D/NavigationBar( 2044): setImeWindowStatus displayId=0 vis=0 backDisposition=0 showImeSwitcher=false imeShown=false
08-16 23:17:57.013 I/HBD     ( 5040): m updateContactDBLanguage : 65537 
08-16 23:17:57.013 I/HBD     ( 5040): g isCoverDisplay : false, cached selected json info : SelectedLanguageInfo(languageVersion=4.1, currentLanguageOrder=0, selectedLanguageList=[SelectedLanguage(id=65537, isUsed=true, engName=English, inputType=qwerty, activeOptionList=[auto_replace, auto_spacing, writing_assistant], bilingualId=-1, isUsedBilingual=false)]) 
08-16 23:17:57.013 I/HBD     ( 5040): g updateSelectedLanguageCache is succeeded. English 
08-16 23:17:57.017 I/SurfaceFlinger(  966): onHandleDestroyed: name=Surface(name=e97457c InputMethod)/@0xa3d0581 - animation-leash of insets_animation#2418, layerId=2418, parentId=0
08-16 23:17:57.017 I/SurfaceFlinger(  966): id=2418 Removed Surface(name=e97457c InputMethod)/@0xa3d0581 - animation-leash of insets_animation#2418 (153)
08-16 23:17:57.024 I/HBD     ( 5040): h writeToFile path : /data/user/0/com.samsung.android.honeyboard/files/selected.json 
08-16 23:17:57.024 I/HBD     ( 5040): h writeToFile json : {"version":"4.1","currentLanguageOrder":0,"selected":[{"activeOptionList":["auto_replace","auto_spacing","writing_assistant"],"bilingualId":-1,"engName":"English","id":65537,"inputType":"qwerty","isUsed":true,"isUsedBilingual":false}]} 
08-16 23:17:57.026 I/HBD     ( 5040): h writeToFile complete 
08-16 23:17:57.026 I/HBD     ( 5040): h Write selected lang for DE  
08-16 23:17:57.027 I/HBD     ( 5040): g isCoverDisplay : false, cached selected json info : SelectedLanguageInfo(languageVersion=4.1, currentLanguageOrder=0, selectedLanguageList=[SelectedLanguage(id=65537, isUsed=true, engName=English, inputType=qwerty, activeOptionList=[auto_replace, auto_spacing, writing_assistant], bilingualId=-1, isUsedBilingual=false)]) 
08-16 23:17:57.027 I/HBD     ( 5040): h writeToFile path : /data/user_de/0/com.samsung.android.honeyboard/files/selected.json 
08-16 23:17:57.027 I/HBD     ( 5040): p updateActionOptionFromPreference  
08-16 23:17:57.027 I/HBD     ( 5040): p before lang.activeOptionList =  [Ljava.lang.String;@ad83603 
08-16 23:17:57.027 I/HBD     ( 5040): h writeToFile json : {"version":"4.1","currentLanguageOrder":0,"selected":[{"activeOptionList":["auto_replace","auto_spacing","writing_assistant"],"bilingualId":-1,"engName":"English","id":65537,"inputType":"qwerty","isUsed":true,"isUsedBilingual":false}]} 
08-16 23:17:57.027 I/HBD     ( 5040): p after lang.activeOptionList = [Ljava.lang.String;@14ab32d 
08-16 23:17:57.028 I/Layer   (  966): id=2418 Destroyed Surface(name=e97457c InputMethod)/@0xa3d0581 - animation-leash of insets_animation#2418
08-16 23:17:57.028 I/BufferQueueDebug(  966): [Surface(name=e97457c InputMethod)/@0xa3d0581 - animation-leash of insets_animation#2418](this:0xb400007c60d76cb8,id:-1,api:0,p:-1,c:966) onDestructor()
08-16 23:17:57.028 I/HBD     ( 5040): h writeToFile path : /data/user/0/com.samsung.android.honeyboard/files/selected.json 
08-16 23:17:57.028 I/HBD     ( 5040): h writeToFile json : {"version":"4.1","currentLanguageOrder":0,"selected":[{"activeOptionList":["auto_replace","auto_spacing","writing_assistant"],"bilingualId":-1,"engName":"English","id":65537,"inputType":"qwerty","isUsed":true,"isUsedBilingual":false}]} 
08-16 23:17:57.030 I/HBD     ( 5040): h writeToFile complete 
08-16 23:17:57.030 I/HBD     ( 5040): h writeToFile complete 
08-16 23:17:57.030 I/HBD     ( 5040): h Write selected lang for DE  
08-16 23:17:57.030 I/HBD     ( 5040): h writeToFile path : /data/user_de/0/com.samsung.android.honeyboard/files/selected.json 
08-16 23:17:57.030 I/HBD     ( 5040): h writeToFile json : {"version":"4.1","currentLanguageOrder":0,"selected":[{"activeOptionList":["auto_replace","auto_spacing","writing_assistant"],"bilingualId":-1,"engName":"English","id":65537,"inputType":"qwerty","isUsed":true,"isUsedBilingual":false}]} 
08-16 23:17:57.031 I/HBD     ( 5040): n normal : updateLanguage : English 
08-16 23:17:57.031 I/HBD     ( 5040): g isCoverDisplay : false, cached selected json info : SelectedLanguageInfo(languageVersion=4.1, currentLanguageOrder=0, selectedLanguageList=[SelectedLanguage(id=65537, isUsed=true, engName=English, inputType=qwerty, activeOptionList=[auto_replace, auto_spacing, writing_assistant], bilingualId=-1, isUsedBilingual=false)]) 
08-16 23:17:57.031 I/HBD     ( 5040): h writeToFile complete 
08-16 23:17:57.031 I/HBD     ( 5040): g isCoverDisplay : false, cached selected json info : SelectedLanguageInfo(languageVersion=4.1, currentLanguageOrder=0, selectedLanguageList=[SelectedLanguage(id=65537, isUsed=true, engName=English, inputType=qwerty, activeOptionList=[auto_replace, auto_spacing, writing_assistant], bilingualId=-1, isUsedBilingual=false)]) 
08-16 23:17:57.031 I/HBD     ( 5040): p updateActionOptionFromPreference  
08-16 23:17:57.031 I/HBD     ( 5040): p before lang.activeOptionList =  [Ljava.lang.String;@14ab32d 
08-16 23:17:57.031 I/HBD     ( 5040): p after lang.activeOptionList = [Ljava.lang.String;@44c5529 
08-16 23:17:57.032 I/HBD     ( 5040): h writeToFile path : /data/user/0/com.samsung.android.honeyboard/files/selected.json 
08-16 23:17:57.032 I/HBD     ( 5040): h writeToFile json : {"version":"4.1","currentLanguageOrder":0,"selected":[{"activeOptionList":["auto_replace","auto_spacing","writing_assistant"],"bilingualId":-1,"engName":"English","id":65537,"inputType":"qwerty","isUsed":true,"isUsedBilingual":false}]} 
08-16 23:17:57.033 I/HBD     ( 5040): h writeToFile complete 
08-16 23:17:57.033 I/HBD     ( 5040): h Write selected lang for DE  
08-16 23:17:57.033 I/HBD     ( 5040): h writeToFile path : /data/user_de/0/com.samsung.android.honeyboard/files/selected.json 
08-16 23:17:57.033 I/HBD     ( 5040): h writeToFile json : {"version":"4.1","currentLanguageOrder":0,"selected":[{"activeOptionList":["auto_replace","auto_spacing","writing_assistant"],"bilingualId":-1,"engName":"English","id":65537,"inputType":"qwerty","isUsed":true,"isUsedBilingual":false}]} 
08-16 23:17:57.033 I/HBD     ( 5040): n normal : updateLanguage : English 
08-16 23:17:57.034 I/HBD     ( 5040): g isCoverDisplay : false, cached selected json info : SelectedLanguageInfo(languageVersion=4.1, currentLanguageOrder=0, selectedLanguageList=[SelectedLanguage(id=65537, isUsed=true, engName=English, inputType=qwerty, activeOptionList=[auto_replace, auto_spacing, writing_assistant], bilingualId=-1, isUsedBilingual=false)]) 
08-16 23:17:57.034 I/HBD     ( 5040): g isCoverDisplay : false, cached selected json info : SelectedLanguageInfo(languageVersion=4.1, currentLanguageOrder=0, selectedLanguageList=[SelectedLanguage(id=65537, isUsed=true, engName=English, inputType=qwerty, activeOptionList=[auto_replace, auto_spacing, writing_assistant], bilingualId=-1, isUsedBilingual=false)]) 
08-16 23:17:57.034 I/HBD     ( 5040): g updateSelectedLanguageCache is succeeded. English 
08-16 23:17:57.034 I/HBD     ( 5040): h writeToFile path : /data/user/0/com.samsung.android.honeyboard/files/selected.json 
08-16 23:17:57.034 I/HBD     ( 5040): h writeToFile json : {"version":"4.1","currentLanguageOrder":0,"selected":[{"activeOptionList":["auto_replace","auto_spacing","writing_assistant"],"bilingualId":-1,"engName":"English","id":65537,"inputType":"qwerty","isUsed":true,"isUsedBilingual":false}]} 
08-16 23:17:57.035 I/HBD     ( 5040): h writeToFile complete 
08-16 23:17:57.035 I/HBD     ( 5040): h writeToFile complete 
08-16 23:17:57.036 I/HBD     ( 5040): h Write selected lang for DE  
08-16 23:17:57.036 I/HBD     ( 5040): h writeToFile path : /data/user_de/0/com.samsung.android.honeyboard/files/selected.json 
08-16 23:17:57.036 I/HBD     ( 5040): h writeToFile json : {"version":"4.1","currentLanguageOrder":0,"selected":[{"activeOptionList":["auto_replace","auto_spacing","writing_assistant"],"bilingualId":-1,"engName":"English","id":65537,"inputType":"qwerty","isUsed":true,"isUsedBilingual":false}]} 
08-16 23:17:57.036 W/AudioALSACaptureDataProviderNormal(  875): readThread, latency_in_s,0.000000,0.039455,0.000032, totalTime 0.039487 > logTimeout 0.022000 TIMEOUT!!
08-16 23:17:57.036 I/HBD     ( 5040): g isCoverDisplay : false, cached selected json info : SelectedLanguageInfo(languageVersion=4.1, currentLanguageOrder=0, selectedLanguageList=[SelectedLanguage(id=65537, isUsed=true, engName=English, inputType=qwerty, activeOptionList=[auto_replace, auto_spacing, writing_assistant], bilingualId=-1, isUsedBilingual=false)]) 
08-16 23:17:57.036 I/HBD     ( 5040): g updateSelectedLanguageCache is succeeded. English 
08-16 23:17:57.037 I/HBD     ( 5040): h writeToFile path : /data/user/0/com.samsung.android.honeyboard/files/selected.json 
08-16 23:17:57.037 I/HBD     ( 5040): h writeToFile json : {"version":"4.1","currentLanguageOrder":0,"selected":[{"activeOptionList":["auto_replace","auto_spacing","writing_assistant"],"bilingualId":-1,"engName":"English","id":65537,"inputType":"qwerty","isUsed":true,"isUsedBilingual":false}]} 
08-16 23:17:57.038 I/HBD     ( 5040): h writeToFile complete 
08-16 23:17:57.038 I/HBD     ( 5040): h writeToFile complete 
08-16 23:17:57.038 D/KNOX_MDM_SettingsProvider( 1501): isChangeAllowed() : name = enabled_input_methods
08-16 23:17:57.038 D/KNOX_MDM_SettingsProvider( 1501): edmUri: content://com.sec.knox.provider/RestrictionPolicy3
08-16 23:17:57.038 D/KNOX_MDM_SettingsProvider( 1501): projectionArgs: isSettingsChangesAllowed
08-16 23:17:57.038 D/KNOX_MDM_SettingsProvider( 1501): selectionArgs: false
08-16 23:17:57.038 D/KNOX_MDM_SettingsProvider( 1501): selectionArgs: 10187
08-16 23:17:57.038 D/SecContentProvider( 1501): query(), uri = 17 selection = isSettingsChangesAllowed
08-16 23:17:57.038 I/HBD     ( 5040): h Write selected lang for DE  
08-16 23:17:57.038 D/SecContentProvider( 1501): called from android.uid.honeyboard:10187
08-16 23:17:57.038 I/HBD     ( 5040): h writeToFile path : /data/user_de/0/com.samsung.android.honeyboard/files/selected.json 
08-16 23:17:57.038 I/HBD     ( 5040): h writeToFile json : {"version":"4.1","currentLanguageOrder":0,"selected":[{"activeOptionList":["auto_replace","auto_spacing","writing_assistant"],"bilingualId":-1,"engName":"English","id":65537,"inputType":"qwerty","isUsed":true,"isUsedBilingual":false}]} 
08-16 23:17:57.039 I/HBD     ( 5040): a [UpdatePolicy] [post] a: 31 cl: 65537 kit: [0/0] vt: 0 ir: 1 
08-16 23:17:57.039 D/KNOX_MDM_SettingsProvider( 1501): isChangeAllowed() : name = enabled_input_methods
08-16 23:17:57.040 I/HBD     ( 5040): h writeToFile complete 
08-16 23:17:57.040 I/HBD     ( 5040): HoneyBoardService [PF_OP][onStartInput]  45 ms 
08-16 23:17:57.040 D/KNOX_MDM_SettingsProvider( 1501): edmUri: content://com.sec.knox.provider/RestrictionPolicy3
08-16 23:17:57.040 D/KNOX_MDM_SettingsProvider( 1501): projectionArgs: isSettingsChangesAllowed
08-16 23:17:57.040 D/KNOX_MDM_SettingsProvider( 1501): selectionArgs: false
08-16 23:17:57.040 D/KNOX_MDM_SettingsProvider( 1501): selectionArgs: 10187
08-16 23:17:57.040 D/SecContentProvider( 1501): query(), uri = 17 selection = isSettingsChangesAllowed
08-16 23:17:57.041 D/SecContentProvider( 1501): called from android.uid.honeyboard:10187
08-16 23:17:57.041 D/RestrictionPolicy( 1501): isSettingsChangesAllowedAsUser, userId 0 : true
08-16 23:17:57.041 D/KNOX_MDM_SettingsProvider( 1501): ret = 1
08-16 23:17:57.041 D/RestrictionPolicy( 1501): isSettingsChangesAllowedAsUser, userId 0 : true
08-16 23:17:57.041 D/KNOX_MDM_SettingsProvider( 1501): ret = 1
08-16 23:17:57.042 D/KNOX_MDM_SettingsProvider( 1501): isChangeAllowed() : name = default_input_method
08-16 23:17:57.042 D/KNOX_MDM_SettingsProvider( 1501): edmUri: content://com.sec.knox.provider/RestrictionPolicy3
08-16 23:17:57.042 D/KNOX_MDM_SettingsProvider( 1501): projectionArgs: isSettingsChangesAllowed
08-16 23:17:57.042 D/KNOX_MDM_SettingsProvider( 1501): selectionArgs: false
08-16 23:17:57.042 D/KNOX_MDM_SettingsProvider( 1501): selectionArgs: 10187
08-16 23:17:57.042 D/KNOX_MDM_SettingsProvider( 1501): isChangeAllowed() : name = default_input_method
08-16 23:17:57.042 D/SecContentProvider( 1501): query(), uri = 17 selection = isSettingsChangesAllowed
08-16 23:17:57.042 D/KNOX_MDM_SettingsProvider( 1501): edmUri: content://com.sec.knox.provider/RestrictionPolicy3
08-16 23:17:57.042 D/SecContentProvider( 1501): called from android.uid.honeyboard:10187
08-16 23:17:57.042 D/KNOX_MDM_SettingsProvider( 1501): projectionArgs: isSettingsChangesAllowed
08-16 23:17:57.042 D/KNOX_MDM_SettingsProvider( 1501): selectionArgs: false
08-16 23:17:57.042 D/KNOX_MDM_SettingsProvider( 1501): selectionArgs: 10187
08-16 23:17:57.042 D/RestrictionPolicy( 1501): isSettingsChangesAllowedAsUser, userId 0 : true
08-16 23:17:57.042 D/KNOX_MDM_SettingsProvider( 1501): ret = 1
08-16 23:17:57.042 D/SecContentProvider( 1501): query(), uri = 17 selection = isSettingsChangesAllowed
08-16 23:17:57.042 D/SecContentProvider( 1501): called from android.uid.honeyboard:10187
08-16 23:17:57.042 I/InputMethodService( 5040): scheduleImeSurfaceRemoval: removeImeSurface is posted.
08-16 23:17:57.042 D/RestrictionPolicy( 1501): isSettingsChangesAllowedAsUser, userId 0 : true
08-16 23:17:57.043 D/KNOX_MDM_SettingsProvider( 1501): ret = 1
08-16 23:17:57.043 I/HBD     ( 5040): p updated Sub Types. English 
08-16 23:17:57.043 I/HBD     ( 5040): p updated Sub Types. English 
08-16 23:17:57.044 I/HBD     ( 5040): a InputMethodSubtype is set as local:en_US 
08-16 23:17:57.046 I/InputMethodManagerService( 1501): subtype state: oldSubtype = android.view.inputmethod.InputMethodSubtype@10001 newSubtype = android.view.inputmethod.InputMethodSubtype@10001 force = false, intent received : false
08-16 23:17:57.047 I/InputMethodManagerService( 1501): subtype state: oldSubtype = android.view.inputmethod.InputMethodSubtype@10001 newSubtype = android.view.inputmethod.InputMethodSubtype@10001 force = false, intent received : false
08-16 23:17:57.047 I/HBD     ( 5040): a InputMethodSubtype is set as local:en_US 
08-16 23:17:57.048 I/HBD     ( 5040): h [SKE_SPECIFIC] specific model[com.google.android.gms] loaded, 4524000 ns
08-16 23:17:57.068 D/ActivityTaskManager( 1501): startActivityAsUser: callingPid=11994, callingUid=10237, caller=com.android.server.wm.ActivityTaskManagerService.startActivity:120 android.app.IActivityTaskManager$Stub.onTransact:1356 com.android.server.wm.ActivityTaskManagerService.onTransact:1 android.os.Binder.execTransactInternal:1536 android.os.Binder.execTransact:1480 <bottom of call stack> <bottom of call stack> 
08-16 23:17:57.069 I/ChimeraSystemEventListener( 1501): appLaunchIntent package name is: com.google.android.gms
08-16 23:17:57.070 D/ActivityTaskManager( 1501): TaskLaunchParamsModifier:task=null activity=null display-area-from-source=DefaultTaskDisplayArea_d0@100244576 display-id=0 task-display-area-windowing-mode=1 suggested-display-area=DefaultTaskDisplayArea_d0@100244576
08-16 23:17:57.070 W/OptProp ( 1501): Cannot read opt property android.window.PROPERTY_COMPAT_ALLOW_ORIENTATION_OVERRIDE
08-16 23:17:57.070 D/ActivityTaskManager( 1501): Non-opaque activity is created, styleTranslucent=false, styleFloating=true, r=ActivityRecord{136cac0 u0 com.google.android.gms/.common.account.AccountPickerActivity
08-16 23:17:57.071 D/WindowManager( 1501): Transition is created, t=TransitionRecord{6ccbf3e id=-1 type=OPEN flags=0x0}, caller=com.android.server.wm.Transition.<init>:170 com.android.server.wm.ActivityStarter.startActivityUnchecked:330 com.android.server.wm.ActivityStarter.executeRequest:3397 com.android.server.wm.ActivityStarter.execute:1122 com.android.server.wm.ActivityTaskManagerService.startActivityAsUser:88 
08-16 23:17:57.071 D/BLASTSyncEngine( 1501): SyncGroup is created, id=223, name=Transition-OPEN, caller=com.android.server.wm.BLASTSyncEngine$SyncGroup.<init>:51 com.android.server.wm.TransitionController.moveToCollecting:78 com.android.server.wm.ActivityStarter.startActivityUnchecked:333 com.android.server.wm.ActivityStarter.executeRequest:3397 com.android.server.wm.ActivityStarter.execute:1122 com.android.server.wm.ActivityTaskManagerService.startActivityAsUser:88 com.android.server.wm.ActivityTaskManagerService.startActivity:120 
08-16 23:17:57.071 W/BLASTSyncEngine( 1501): setSyncMethod, id=223, method=0, caller=com.android.server.wm.TransitionController.moveToCollecting:90 com.android.server.wm.ActivityStarter.startActivityUnchecked:333 com.android.server.wm.ActivityStarter.executeRequest:3397 
08-16 23:17:57.071 V/WindowManager( 1501): Start collecting in Transition: TransitionRecord{6ccbf3e id=223 type=OPEN flags=0x0}, caller=com.android.server.wm.ActivityStarter.startActivityUnchecked:333 com.android.server.wm.ActivityStarter.executeRequest:3397 com.android.server.wm.ActivityStarter.execute:1122 com.android.server.wm.ActivityTaskManagerService.startActivityAsUser:88 com.android.server.wm.ActivityTaskManagerService.startActivity:120 
08-16 23:17:57.071 V/WindowManager( 1501): Collecting in transition 223: ActivityRecord{136cac0 u0 com.google.android.gms/.common.account.AccountPickerActivity t-1}, caller=com.android.server.wm.TransitionController.collect:7 com.android.server.wm.ActivityStarter.startActivityUnchecked:626 com.android.server.wm.ActivityStarter.executeRequest:3397 com.android.server.wm.ActivityStarter.execute:1122 com.android.server.wm.ActivityTaskManagerService.startActivityAsUser:88 
08-16 23:17:57.071 D/ActivityTaskManager( 1501): TaskLaunchParamsModifier:task=null activity=ActivityRecord{136cac0 u0 com.google.android.gms/.common.account.AccountPickerActivity t-1} display-area-from-source=DefaultTaskDisplayArea_d0@100244576 display-id=0 task-display-area-windowing-mode=1 suggested-display-area=DefaultTaskDisplayArea_d0@100244576
08-16 23:17:57.072 D/ActivityTaskManager( 1501): TaskLaunchParamsModifier:task=Task{4b9e83d #271 type=standard A=10123:com.ballerbizoy.ballerai} activity=ActivityRecord{136cac0 u0 com.google.android.gms/.common.account.AccountPickerActivity t-1} display-area-from-source=DefaultTaskDisplayArea_d0@100244576 display-id=0 task-display-area-windowing-mode=1 suggested-display-area=DefaultTaskDisplayArea_d0@100244576 inherit-from-source=fullscreen non-freeform-task-display-area display-area=DefaultTaskDisplayArea_d0@100244576 activity-requested-portrait freeform-size-mismatch=Rect(81, 557 - 999, 1727)
08-16 23:17:57.072 I/SemDvfsHyPerManager( 1501): acquire hyper - AMS_ACT_START/1501@15, type = -999
08-16 23:17:57.072 D/ActivityManagerPerformance( 1501): AMP_acquire() ACT_START
08-16 23:17:57.072 I/HYPER-HAL(  889): [RequestManager.cpp]acquire(): Acquired ID : 1149901  [1501 / 15]    HINT : AMS_ACT_START    list : 
08-16 23:17:57.072 V/WindowManager( 1501): Collecting in transition 223: ActivityRecord{c59c60 u0 com.google.android.gms/.signin.activity.SignInActivity t271}, caller=com.android.server.wm.TransitionController.collect:7 com.android.server.wm.ActivityStarter.startActivityInner:1824 com.android.server.wm.ActivityStarter.startActivityUnchecked:639 com.android.server.wm.ActivityStarter.executeRequest:3397 com.android.server.wm.ActivityStarter.execute:1122 
08-16 23:17:57.072 D/WindowManager( 1501): prepareSync <SYNC_STATE_WAITING_FOR_DRAW>, mPrepareSyncSeqId=0, win=Window{7495fb7 u0 com.google.android.gms/com.google.android.gms.signin.activity.SignInActivity}
08-16 23:17:57.073 I/mtkpower_client(  889): perf_lock_rel, hdl:1253, tid:925
08-16 23:17:57.073 I/mtkpower_client(  889): perf_lock_acq, hdl:0, dur:0, num:2, tid:925
08-16 23:17:57.073 W/OptProp ( 1501): Cannot read opt property android.window.PROPERTY_COMPAT_ALLOW_MIN_ASPECT_RATIO_OVERRIDE
08-16 23:17:57.073 W/OptProp ( 1501): Cannot read opt property android.window.PROPERTY_COMPAT_ALLOW_RESIZEABLE_ACTIVITY_OVERRIDES
08-16 23:17:57.073 I/libPowerHal(  906): [perfLockRel] hdl:1253, idx:1
08-16 23:17:57.073 I/libPowerHal(  906): [set_cpuidle] enable:1, fd:14, scn:0xb400007ee909a0a0
08-16 23:17:57.074 I/libPowerHal(  906): [PD] vendor.samsung. update cmd:1c3c100 param:1
08-16 23:17:57.074 I/BufferQueueDebug(  966): [ActivityRecord{136cac0 u0 com.google.android.gms/.common.account.AccountPickerActivity t271}#2457](this:0xb400007c6253acb8,id:-1,api:0,p:-1,c:-1) BufferQueue core=(966:/system/bin/surfaceflinger)
08-16 23:17:57.074 I/SurfaceFlinger(  966): id=2457 createSurf, flag=84004, ActivityRecord{136cac0 u0 com.google.android.gms/.common.account.AccountPickerActivity t271}#2457
08-16 23:17:57.074 I/mtkpower_client(  889): ret_hdl:1255
08-16 23:17:57.074 I/libPowerHal(  906): [perfLockAcq] idx:2 hdl:1255 hint:-1 pid:889 duration:0 lock_user:vendor.samsung. => ret_hdl:1255
08-16 23:17:57.074 I/libPowerHal(  906): [set_cpuidle] enable:0, fd:14, scn:0xb400007ee909b000
08-16 23:17:57.074 I/libPowerHal(  906): [get_cpu_dma_latency_value] 0
08-16 23:17:57.074 I/libPowerHal(  906): [PE] vendor.samsung. update cmd:1c3c100 param:0
08-16 23:17:57.075 I/mtkpower_client(  889): perf_lock_rel, hdl:1254, tid:925
08-16 23:17:57.075 I/mtkpower_client(  889): perf_lock_acq, hdl:0, dur:0, num:2, tid:925
08-16 23:17:57.075 V/WindowManager( 1501): Checking theme of starting window: 0x7f160bf6
08-16 23:17:57.075 I/mtkpower@impl(  906): [setMode] type:5, enabled:1
08-16 23:17:57.076 V/WindowManager( 1501): Translucent=false Floating=true ShowWallpaper=false Disable=false
08-16 23:17:57.076 D/ActivityTaskManager( 1501): addStartingWindow: type=0 typeParameter=2c
08-16 23:17:57.076 I/libPowerHal(  906): [perfLockRel] hdl:1254, idx:0
08-16 23:17:57.076 D/ActivityTaskManager( 1501): scheduleTopResumedActivityChanged, onTop=false, r=ActivityRecord{c59c60 u0 com.google.android.gms/.signin.activity.SignInActivity t271}, caller=com.android.server.wm.ActivityTaskSupervisor.scheduleTopResumedActivityStateLossIfNeeded:11 com.android.server.wm.ActivityTaskSupervisor.updateTopResumedActivityIfNeeded:19 com.android.server.wm.TaskFragment.setResumedActivity:29 com.android.server.wm.ActivityRecord.setState:95 com.android.server.wm.TaskFragment.startPausing$1:210 com.android.server.wm.TaskFragment.resumeTopActivity:681 
08-16 23:17:57.076 I/libPowerHal(  906): [PD] vendor.samsung. update cmd:1000000 param:-1
08-16 23:17:57.076 W/AudioALSACaptureDataProviderNormal(  875): readThread, latency_in_s,0.000001,0.039202,0.000019, totalTime 0.039223 > logTimeout 0.022000 TIMEOUT!!
08-16 23:17:57.077 I/libPowerHal(  906): [perfLockAcq] idx:1 hdl:1256 hint:-1 pid:889 duration:0 lock_user:vendor.samsung. => ret_hdl:1256
08-16 23:17:57.077 I/mtkpower_client(  889): ret_hdl:1256
08-16 23:17:57.077 I/libPowerHal(  906): [PE] vendor.samsung. update cmd:1000000 param:1
08-16 23:17:57.077 V/WindowManager( 1501): Collecting in transition 223: ActivityRecord{136cac0 u0 com.google.android.gms/.common.account.AccountPickerActivity t271}, caller=com.android.server.wm.Transition.collectExistenceChange:42 com.android.server.wm.ActivityStarter.handleStartResult:523 com.android.server.wm.ActivityStarter.startActivityUnchecked:653 com.android.server.wm.ActivityStarter.executeRequest:3397 com.android.server.wm.ActivityStarter.execute:1122 
08-16 23:17:57.077 V/WindowManager( 1501): Requesting StartTransition: TransitionRecord{6ccbf3e id=223 type=OPEN flags=0x0}, caller=com.android.server.wm.ActivityStarter.handleStartResult:677 com.android.server.wm.ActivityStarter.startActivityUnchecked:653 com.android.server.wm.ActivityStarter.executeRequest:3397 com.android.server.wm.ActivityStarter.execute:1122 com.android.server.wm.ActivityTaskManagerService.startActivityAsUser:88 
08-16 23:17:57.078 I/Pageboost( 1501): stop alp
08-16 23:17:57.078 I/ActivityTaskManager( 1501): START u0 {act=com.google.android.gms.common.account.CHOOSE_ACCOUNT_USERTILE pkg=com.google.android.gms cmp=com.google.android.gms/.common.account.AccountPickerActivity (has extras)} with LAUNCH_MULTIPLE from uid 10237 (BAL_ALLOW_VISIBLE_WINDOW) result code=0
08-16 23:17:57.078 E/pageboostd( 3255): Received HALT command code 2
08-16 23:17:57.080 V/WindowManagerShell( 2044): Transition requested (#223): android.os.BinderProxy@bf94e88 TransitionRequestInfo { type = OPEN, triggerTask = TaskInfo{userId=0 taskId=271 displayId=0 isRunning=true baseIntent=Intent { act=android.intent.action.MAIN cat=[android.intent.category.LAUNCHER] flg=0x10000000 pkg=com.ballerbizoy.ballerai cmp=com.ballerbizoy.ballerai/.MainActivity } baseActivity=ComponentInfo{com.ballerbizoy.ballerai/com.ballerbizoy.ballerai.MainActivity} topActivity=ComponentInfo{com.google.android.gms/com.google.android.gms.common.account.AccountPickerActivity} origActivity=null realActivity=ComponentInfo{com.ballerbizoy.ballerai/com.ballerbizoy.ballerai.MainActivity} numActivities=6 lastActiveTime=6134592 supportsMultiWindow=true resizeMode=1 isResizeable=true minWidth=-1 minHeight=-1 maxWidth=-1 maxHeight=-1 defaultMinSize=220 token=WCT{android.window.IWindowContainerToken$Stub$Proxy@4441021} topActivityType=1 pictureInPictureParams=null shouldDockBigOverlays=false launchIntoPipHostTaskId=-1 lastParentTaskIdBeforePip=-1 displayCutoutSafeInsets=Rect(0, 80 - 0, 0) topActivityInfo=ActivityInfo{86b1c46 com.google.android.gms.common.account.AccountPickerActivity} launchCookies=[android.os.BinderProxy@b303a4a] positionInParent=Point(0, 0) parentTaskId=-1 isFocused=true isVisible=true isVisibleRequested=true isSleeping=false topActivityInSizeCompat=false locusId=null displayAreaFeatureId=1 isTopActivityTransparent=true isTopActivityStyleFloating=false appCompatTaskInfo=AppCompatTaskInfo { topActivityInSizeCompat=false eligibleForLetterboxEducation= false isLetterboxEducationEnabled= false isLetterboxDoubleTapEnabled= false eligibleForUserAspectRatioButton= false topActivityBoundsLetterboxed= false isFromLetterboxDoubleTap= false topActivityLetterboxVerticalPosition= -1 topActivityLetterboxHorizontalPosition= -1 topActivityLetterboxWidth=1080 topActivityLetterboxHeight=2340 topActivityLetterboxAppWidth=1080 topActivityLetterboxAppHeight=2340 isUserFullscreenOverrideEnabled=false isSystemFullscreenOverrideEnabled=false hasMinAspectRatioOverride=false cameraCompatTaskInfo=CameraCompatTaskInfo { freeformCameraCompatMode=inactive} topActivityBounds=null topActivityInDisplayCompat=false} originallySupportedMultiWindow=true hasWallpaper=false rootAffinity=10123:com.ballerbizoy.ballerai isTopTaskInStage=false topActivityUiMode=17 CoverLauncherWidgetTask=false isAllowedSeamlessRotation=false isTopTransparentActivity=true snappingGuideBounds=null isAliasManaged=false hasConfigChanged=false isAiKeyRemoveAppTask=false}, pipTask = null, remoteTransition = null, displayChange = null, flags = 0, debugId = 223 }
08-16 23:17:57.080 I/SurfaceFlinger(  966): onHandleDestroyed: name=Transition Root: ActivityRecord{c59c60 u0 com.google.android.gms/.signin.activity.SignInActivity t271}#2453, layerId=2453, parentId=0
08-16 23:17:57.080 V/WindowManager( 1501): Collecting in transition 223: ActivityRecord{136cac0 u0 com.google.android.gms/.common.account.AccountPickerActivity t271}, caller=com.android.server.wm.TransitionController.collect:7 com.android.server.wm.ActivityRecord.setVisibility:189 com.android.server.wm.EnsureActivitiesVisibleHelper.process:561 com.android.server.wm.TaskFragment.updateActivityVisibilities:12 com.android.server.wm.Task$$ExternalSyntheticLambda3.accept:399 
08-16 23:17:57.081 I/CocktailBarManagerServiceContainer( 1501): handleMessage: entry what = 6
08-16 23:17:57.081 I/CocktailBarManagerServiceImpl( 1501): notePauseComponent : no active host
08-16 23:17:57.081 V/WindowManager( 1501): Computed rotation=ROTATION_0 (0) for display id=0 based on lastOrientation=SCREEN_ORIENTATION_PORTRAIT (1) and oldRotation=ROTATION_0 (0), caller=com.android.server.wm.DisplayRotation.updateOrientation:25 com.android.server.wm.DisplayContent.updateOrientation:65 com.android.server.wm.DisplayContent.updateOrientation:11 com.android.server.wm.RootWindowContainer.ensureVisibilityAndConfig:7 com.android.server.wm.ActivityTaskSupervisor.realStartActivityLocked:209 com.android.server.wm.ActivityTaskSupervisor.startSpecificActivity:27 
08-16 23:17:57.081 V/WindowManager( 1501): Collecting in transition 223: ActivityRecord{136cac0 u0 com.google.android.gms/.common.account.AccountPickerActivity t271}, caller=com.android.server.wm.TransitionController.collect:7 com.android.server.wm.ActivityRecord.setVisibility:189 com.android.server.wm.ActivityTaskSupervisor.realStartActivityLocked:230 com.android.server.wm.ActivityTaskSupervisor.startSpecificActivity:27 com.android.server.wm.TaskFragment.resumeTopActivity:2187 
08-16 23:17:57.081 I/SurfaceFlinger(  966): id=2453 Removed Transition Root: ActivityRecord{c59c60 u0 com.google.android.gms/.signin.activity.SignInActivity t271}#2453 (153)
08-16 23:17:57.081 D/SGM:FgCheckThread( 1501): notifyAppCreated(), packageName: com.google.android.gms, userId: 0, sendRet: true
08-16 23:17:57.082 D/SGM:FgCheckThread( 1501): onLooperPrepared(), msg: MSG_APP_CREATE, pkgName: com.google.android.gms, userId: 0
08-16 23:17:57.082 I/Layer   (  966): id=2453 Destroyed Transition Root: ActivityRecord{c59c60 u0 com.google.android.gms/.signin.activity.SignInActivity t271}#2453
08-16 23:17:57.082 I/BufferQueueDebug(  966): [Transition Root: ActivityRecord{c59c60 u0 com.google.android.gms/.signin.activity.SignInActivity t271}#2453](this:0xb400007c62527cb8,id:-1,api:0,p:-1,c:966) onDestructor()
08-16 23:17:57.083 D/InputDispatcher( 1501): Focused application(0): ActivityRecord{136cac0 u0 com.google.android.gms/.common.account.AccountPickerActivity t271}
08-16 23:17:57.083 I/hwcomposer(  881): [HWCDisplay] [Display_0 (type:1)] fps:42.659565,dur:1007.98,max:228.82,min:6.86  
08-16 23:17:57.083 D/WindowManager( 1501): Changing focus from Window{7495fb7 u0 com.google.android.gms/com.google.android.gms.signin.activity.SignInActivity} to null displayId=0 Callers=com.android.server.wm.ActivityTaskManagerService.setLastResumedActivityUncheckLocked:264 com.android.server.wm.ActivityTaskSupervisor.updateTopResumedActivityIfNeeded:50 com.android.server.wm.TaskFragment.setResumedActivity:29 com.android.server.wm.ActivityRecord.setState:104 
08-16 23:17:57.083 I/WindowManager( 1501): Cancelling animation restarting=true, leash=Surface(name=Surface(name=5d780fd NavigationBar0)/@0x3a5ff16 - animation-leash of insets_animation)/@0xc28dd90
08-16 23:17:57.083 I/WindowManager( 1501): Reparenting to original parent: Surface(name=WindowToken{abac954 type=2019 android.os.BinderProxy@b242566})/@0x650f284, destroy=false, syncState=0, syncCommitDepth=0, surface=Surface(name=5d780fd NavigationBar0)/@0x3a5ff16
08-16 23:17:57.083 I/WindowManager( 1501): Reparenting to leash, surface=Surface(name=5d780fd NavigationBar0)/@0x3a5ff16, syncState=0, syncCommitDepth=0, leashParent=Surface(name=WindowToken{abac954 type=2019 android.os.BinderProxy@b242566})/@0x650f284
08-16 23:17:57.084 I/BufferQueueDebug(  966): [Surface(name=5d780fd NavigationBar0)/@0x3a5ff16 - animation-leash of insets_animation#2458](this:0xb400007c62543cb8,id:-1,api:0,p:-1,c:-1) BufferQueue core=(966:/system/bin/surfaceflinger)
08-16 23:17:57.084 I/SurfaceFlinger(  966): id=2458 createSurf, flag=24000, Surface(name=5d780fd NavigationBar0)/@0x3a5ff16 - animation-leash of insets_animation#2458
08-16 23:17:57.085 D/WindowManager( 1501): makeSurface duration=1 leash=Surface(name=Surface(name=5d780fd NavigationBar0)/@0x3a5ff16 - animation-leash of insets_animation)/@0xc51914a
08-16 23:17:57.085 D/InsetsSourceProvider( 1501): updateControlForTarget: control=InsetsSourceControl: {5fa10001 mType=navigationBars initiallyVisible mSurfacePosition=Point(0, 2205) mInsetsHint=Insets{left=0, top=0, right=0, bottom=135}}, target=Window{91bd9d5 u0 com.google.android.gms/com.google.android.gms.common.api.GoogleApiActivity}, from=com.android.server.wm.InsetsStateController.onControlTargetChanged:81 com.android.server.wm.InsetsPolicy.updateBarControlTarget:176 com.android.server.wm.DisplayPolicy.updateSystemBarAttributes:281 com.android.server.wm.WindowManagerService.updateFocusedWindowLocked:375 com.android.server.wm.ActivityTaskManagerService.setLastResumedActivityUncheckLocked:264 
08-16 23:17:57.085 I/WindowManager( 1501): Cancelling animation restarting=true, leash=Surface(name=Surface(name=6f4f8aa StatusBar)/@0x5217695 - animation-leash of insets_animation)/@0xb07968e
08-16 23:17:57.085 I/WindowManager( 1501): Reparenting to original parent: Surface(name=WindowToken{a3bcf95 type=2000 android.os.BinderProxy@792477f})/@0xd9f13aa, destroy=false, syncState=0, syncCommitDepth=0, surface=Surface(name=6f4f8aa StatusBar)/@0x5217695
