08-16 23:17:57.272 I/mtkpower_client(  889): ret_hdl:1260
08-16 23:17:57.272 I/SurfaceControlRegistry( 1501): show, t=StartTransaction_SyncId<223> sc=OneHanded:0:14, caller=android.view.SurfaceControl$Transaction.show:3232 com.android.server.wm.Transition.onTransactionReady:2300 com.android.server.wm.BLASTSyncEngine$SyncGroup.finishNow:195 com.android.server.wm.BLASTSyncEngine.onSurfacePlacement:269 com.android.server.wm.RootWindowContainer.performSurfacePlacementNoTrace:459 com.android.server.wm.RootWindowContainer.performSurfacePlacement:9 
08-16 23:17:57.272 I/SurfaceControlRegistry( 1501): show, t=StartTransaction_SyncId<223> sc=HideDisplayCutout:0:14, caller=android.view.SurfaceControl$Transaction.show:3232 com.android.server.wm.Transition.onTransactionReady:2300 com.android.server.wm.BLASTSyncEngine$SyncGroup.finishNow:195 com.android.server.wm.BLASTSyncEngine.onSurfacePlacement:269 com.android.server.wm.RootWindowContainer.performSurfacePlacementNoTrace:459 com.android.server.wm.RootWindowContainer.performSurfacePlacement:9 
08-16 23:17:57.272 I/SurfaceControlRegistry( 1501): show, t=StartTransaction_SyncId<223> sc=WindowedMagnification:0:31, caller=android.view.SurfaceControl$Transaction.show:3232 com.android.server.wm.Transition.onTransactionReady:2300 com.android.server.wm.BLASTSyncEngine$SyncGroup.finishNow:195 com.android.server.wm.BLASTSyncEngine.onSurfacePlacement:269 com.android.server.wm.RootWindowContainer.performSurfacePlacementNoTrace:459 com.android.server.wm.RootWindowContainer.performSurfacePlacement:9 
08-16 23:17:57.272 I/SurfaceControlRegistry( 1501): show, t=StartTransaction_SyncId<223> sc=Display 0 name="Built-in Screen", caller=android.view.SurfaceControl$Transaction.show:3232 com.android.server.wm.Transition.onTransactionReady:2300 com.android.server.wm.BLASTSyncEngine$SyncGroup.finishNow:195 com.android.server.wm.BLASTSyncEngine.onSurfacePlacement:269 com.android.server.wm.RootWindowContainer.performSurfacePlacementNoTrace:459 com.android.server.wm.RootWindowContainer.performSurfacePlacement:9 
08-16 23:17:57.272 I/mtkpower_client(  889): perf_lock_rel, hdl:1259, tid:925
08-16 23:17:57.273 I/mtkpower_client(  889): perf_lock_acq, hdl:0, dur:0, num:2, tid:925
08-16 23:17:57.273 V/WindowManager( 1501): Calling onTransitionReady: {id=223 t=OPEN f=0x0 trk=0 r=[0@Point(0, 0)] c=[
08-16 23:17:57.273 V/WindowManager( 1501):         {null m=OPEN f=TRANSLUCENT|FILLS_TASK|IS_ACTIVITY|EDGE_EXTENSION_RESTRICTION leash=Surface(name=ActivityRecord{136cac0 u0 com.google.android.gms/.common.account.AccountPickerActivity t271})/@0x2d2f702 sb=Rect(0, 0 - 0, 0) eb=Rect(0, 0 - 1080, 2340) d=-1->0 r=-1->0:-1 bc=ff424242 component=com.google.android.gms/.common.account.AccountPickerActivity inset=Rect(0, 0 - 0, 0) taskIdForActivity=271}
08-16 23:17:57.273 V/WindowManager( 1501):     ]}
08-16 23:17:57.273 I/libPowerHal(  906): [perfLockAcq] idx:1 hdl:1260 hint:-1 pid:889 duration:0 lock_user:vendor.samsung. => ret_hdl:1260
08-16 23:17:57.273 I/libPowerHal(  906): [PE] vendor.samsung. update cmd:1000000 param:1
08-16 23:17:57.274 I/ActivityTaskManager( 1501): done cause=notifyTransitionStarting drawn timestamp=6134790316749 info=TransitionInfo{83e9a50 a=ActivityRecord{136cac0 u0 com.google.android.gms/.common.account.AccountPickerActivity t271} d=true}
08-16 23:17:57.274 I/libPowerHal(  906): [perfLockRel] hdl:1259, idx:0
08-16 23:17:57.274 I/libPowerHal(  906): [set_cpuidle] enable:1, fd:14, scn:0xb400007ee9099140
08-16 23:17:57.274 I/libPowerHal(  906): [PD] vendor.samsung. update cmd:1c3c100 param:1
08-16 23:17:57.274 I/mtkpower_client(  889): ret_hdl:1261
08-16 23:17:57.275 I/libPowerHal(  906): [perfLockAcq] idx:2 hdl:1261 hint:-1 pid:889 duration:0 lock_user:vendor.samsung. => ret_hdl:1261
08-16 23:17:57.275 I/libPowerHal(  906): [set_cpuidle] enable:0, fd:14, scn:0xb400007ee909b000
08-16 23:17:57.275 I/libPowerHal(  906): [get_cpu_dma_latency_value] 0
08-16 23:17:57.275 I/libPowerHal(  906): [PE] vendor.samsung. update cmd:1c3c100 param:0
08-16 23:17:57.275 V/WindowManagerShell( 2044): onTransitionReady(transaction=6446745919943)
08-16 23:17:57.276 I/ActivityTaskManager( 1501): Displayed com.google.android.gms/.common.account.AccountPickerActivity for user 0: +199ms
08-16 23:17:57.276 V/WindowManagerShell( 2044): onTransitionReady (#223) android.os.BinderProxy@bf94e88: {id=223 t=OPEN f=0x0 trk=0 r=[0@Point(0, 0)] c=[{null m=OPEN f=TRANSLUCENT|FILLS_TASK|IS_ACTIVITY|EDGE_EXTENSION_RESTRICTION leash=Surface(name=ActivityRecord{136cac0 u0 com.google.android.gms/.common.account.AccountPickerActivity t271})/@0xc5c8e07 sb=Rect(0, 0 - 0, 0) eb=Rect(0, 0 - 1080, 2340) d=-1->0 r=-1->0:-1 bc=ff424242 component=com.google.android.gms/.common.account.AccountPickerActivity inset=Rect(0, 0 - 0, 0) taskIdForActivity=271}]}
08-16 23:17:57.276 I/mtkpower_client(  889): perf_lock_rel, hdl:1260, tid:925
08-16 23:17:57.276 I/mtkpower_client(  889): perf_lock_acq, hdl:0, dur:0, num:2, tid:925
08-16 23:17:57.276 I/Pageboost( 1501): Launch time gathered : pid 11994 com.google.android.gms 199
08-16 23:17:57.276 I/libPowerHal(  906): [perfLockRel] hdl:1260, idx:1
08-16 23:17:57.277 I/libPowerHal(  906): [PD] vendor.samsung. update cmd:1000000 param:-1
08-16 23:17:57.277 E/pageboostd( 3255): Received HALT command code 2
08-16 23:17:57.276 I/SurfaceControlRegistry( 2044): show, t=StartTransaction_SyncId<223> sc=ActivityRecord{136cac0 u0 com.google.android.gms/.common.account.AccountPickerActivity t271}, caller=android.view.SurfaceControl$Transaction.show:3232 com.android.wm.shell.transition.Transitions.dispatchReady:934 com.android.wm.shell.transition.Transitions.onTransitionReady:244 com.android.wm.shell.transition.Transitions$TransitionPlayerImpl$$ExternalSyntheticLambda0.run:13 android.os.Handler.handleCallback:959 android.os.Handler.dispatchMessage:100 
08-16 23:17:57.277 I/mtkpower_client(  889): ret_hdl:1262
08-16 23:17:57.277 V/WindowManager( 1501): Sent Transition (#223) createdAt=08-16 23:17:57.071 via request=TransitionRequestInfo { type = OPEN, triggerTask = TaskInfo{userId=0 taskId=271 displayId=0 isRunning=true baseIntent=Intent { act=android.intent.action.MAIN cat=[android.intent.category.LAUNCHER] flg=0x10000000 pkg=com.ballerbizoy.ballerai cmp=com.ballerbizoy.ballerai/.MainActivity } baseActivity=ComponentInfo{com.ballerbizoy.ballerai/com.ballerbizoy.ballerai.MainActivity} topActivity=ComponentInfo{com.google.android.gms/com.google.android.gms.common.account.AccountPickerActivity} origActivity=null realActivity=ComponentInfo{com.ballerbizoy.ballerai/com.ballerbizoy.ballerai.MainActivity} numActivities=6 lastActiveTime=6134592 supportsMultiWindow=true resizeMode=1 isResizeable=true minWidth=-1 minHeight=-1 maxWidth=-1 maxHeight=-1 defaultMinSize=220 token=WCT{RemoteToken{da7f548 Task{4b9e83d #271 type=standard A=10123:com.ballerbizoy.ballerai}}} topActivityType=1 pictureInPictureParams=null shouldDockBigOverlays=false launchIntoPipHostTaskId=-1 lastParentTaskIdBeforePip=-1 displayCutoutSafeInsets=Rect(0, 80 - 0, 0) topActivityInfo=ActivityInfo{f8c4449 com.google.android.gms.common.account.AccountPickerActivity} launchCookies=[android.os.BinderProxy@7704ae5] positionInParent=Point(0, 0) parentTaskId=-1 isFocused=true isVisible=true isVisibleRequested=true isSleeping=false topActivityInSizeCompat=false locusId=null displayAreaFeatureId=1 isTopActivityTransparent=true isTopActivityStyleFloating=false appCompatTaskInfo=AppCompatTaskInfo { topActivityInSizeCompat=false eligibleForLetterboxEducation= false isLetterboxEducationEnabled= false isLetterboxDoubleTapEnabled= false eligibleForUserAspectRatioButton= false topActivityBoundsLetterboxed= false isFromLetterboxDoubleTap= false topActivityLetterboxVerticalPosition= -1 topActivityLetterboxHorizontalPosition= -1 topActivityLetterboxWidth=1080 topActivityLetterboxHeight=2340 topActivityLetterboxAppWidth=1080 topActivityLetterboxAppHeight=2340 isUserFullscreenOverrideEnabled=false isSystemFullscreenOverrideEnabled=false hasMinAspectRatioOverride=false cameraCompatTaskInfo=CameraCompatTaskInfo { freeformCameraCompatMode=inactive} topActivityBounds=null topActivityInDisplayCompat=false} originallySupportedMultiWindow=true hasWallpaper=false rootAffinity=10123:com.ballerbizoy.ballerai isTopTaskInStage=false topActivityUiMode=17 CoverLauncherWidgetTask=false isAllowedSeamlessRotation=false isTopTransparentActivity=true snappingGuideBounds=null isAliasManaged=false hasConfigChanged=false isAiKeyRemoveAppTask=false}, pipTask = null, remoteTransition = null, displayChange = null, flags = 0, debugId = 223 }
08-16 23:17:57.277 V/WindowManager( 1501):     startWCT=WindowContainerTransaction { changes = {} hops = [] errorCallbackToken=null taskFragmentOrganizer=null }
08-16 23:17:57.277 I/SurfaceControlRegistry( 2044): show, t=FinishTransaction_SyncId<223> sc=ActivityRecord{136cac0 u0 com.google.android.gms/.common.account.AccountPickerActivity t271}, caller=android.view.SurfaceControl$Transaction.show:3232 com.android.wm.shell.transition.Transitions.dispatchReady:988 com.android.wm.shell.transition.Transitions.onTransitionReady:244 com.android.wm.shell.transition.Transitions$TransitionPlayerImpl$$ExternalSyntheticLambda0.run:13 android.os.Handler.handleCallback:959 android.os.Handler.dispatchMessage:100 
08-16 23:17:57.277 I/HYPER-HAL(  889): [RequestManager.cpp]releaseLocked(): Released ID : 1149901
08-16 23:17:57.277 V/WindowManagerShell( 2044): Playing animation for (#223) android.os.BinderProxy@bf94e88@0
08-16 23:17:57.277 I/libPowerHal(  906): [perfLockAcq] idx:0 hdl:1262 hint:-1 pid:889 duration:0 lock_user:vendor.samsung. => ret_hdl:1262
08-16 23:17:57.277 V/WindowManager( 1501):     info={id=223 t=OPEN f=0x0 trk=0 r=[0@Point(0, 0)] c=[
08-16 23:17:57.277 V/WindowManager( 1501):         {null m=OPEN f=TRANSLUCENT|FILLS_TASK|IS_ACTIVITY|EDGE_EXTENSION_RESTRICTION leash=Surface(name=ActivityRecord{136cac0 u0 com.google.android.gms/.common.account.AccountPickerActivity t271})/@0x2d2f702 sb=Rect(0, 0 - 0, 0) eb=Rect(0, 0 - 1080, 2340) d=-1->0 r=-1->0:-1 bc=ff424242 component=com.google.android.gms/.common.account.AccountPickerActivity inset=Rect(0, 0 - 0, 0) taskIdForActivity=271}
08-16 23:17:57.277 V/WindowManager( 1501):     ]}
08-16 23:17:57.278 I/libPowerHal(  906): [PE] vendor.samsung. update cmd:1000000 param:1
08-16 23:17:57.278 I/SurfaceControlRegistry( 2044): show, t=StartTransaction_SyncId<223> sc=Transition Root: ActivityRecord{136cac0 u0 com.google.android.gms/.common.account.AccountPickerActivity t271}, caller=android.view.SurfaceControl$Transaction.show:3232 com.android.wm.shell.transition.Transitions.playTransition:81 com.android.wm.shell.transition.Transitions.processReadyQueue:250 com.android.wm.shell.transition.Transitions.dispatchReady:1007 com.android.wm.shell.transition.Transitions.onTransitionReady:244 com.android.wm.shell.transition.Transitions$TransitionPlayerImpl$$ExternalSyntheticLambda0.run:13 
08-16 23:17:57.278 V/WindowManagerShell( 2044):  try handler com.android.wm.shell.transition.DefaultMixedHandler@e9d02ac
08-16 23:17:57.278 V/WindowManagerShell( 2044):  try handler com.android.wm.shell.keyguard.KeyguardTransitionHandler@cb2bb75
08-16 23:17:57.278 V/WindowManagerShell( 2044):  try handler com.android.wm.shell.pip.PipTransition@ec54a70
08-16 23:17:57.278 V/WindowManagerShell( 2044):  try handler com.android.wm.shell.activityembedding.ActivityEmbeddingController@94f01e9
08-16 23:17:57.278 V/WindowManagerShell( 2044):  try handler com.android.wm.shell.splitscreen.StageCoordinator@c6efe6e
08-16 23:17:57.278 V/WindowManagerShell( 2044):  try handler com.android.wm.shell.recents.RecentsTransitionHandler@3dc090f
08-16 23:17:57.278 V/ShellRecents( 2044): RecentsTransitionHandler.startAnimation: no controller found
08-16 23:17:57.278 V/WindowManagerShell( 2044):  try handler com.android.wm.shell.transition.RemoteTransitionHandler@c9d9c
08-16 23:17:57.278 V/WindowManagerShell( 2044): Transition doesn't have explicit remote, search filters for match for {id=223 t=OPEN f=0x0 trk=0 r=[0@Point(0, 0)] c=[{null m=OPEN f=TRANSLUCENT|FILLS_TASK|IS_ACTIVITY|EDGE_EXTENSION_RESTRICTION leash=Surface(name=ActivityRecord{136cac0 u0 com.google.android.gms/.common.account.AccountPickerActivity t271})/@0xc5c8e07 sb=Rect(0, 0 - 0, 0) eb=Rect(0, 0 - 1080, 2340) d=-1->0 r=-1->0:-1 bc=ff424242 component=com.google.android.gms/.common.account.AccountPickerActivity inset=Rect(0, 0 - 0, 0) taskIdForActivity=271}]}
08-16 23:17:57.278 I/BufferQueueDebug(  966): [69b03f9 ActivityRecordInputSink com.google.android.gms/.common.account.AccountPickerActivity#2465](this:0xb400007c60d41cb8,id:-1,api:0,p:-1,c:-1) BufferQueue core=(966:/system/bin/surfaceflinger)
08-16 23:17:57.278 V/WindowManagerShell( 2044):  Checking filter Pair{{types=[] flags=0x0] notFlags=0x100 checks=[{atype=home independent=true modes=[OPEN,TO_FRONT] flags=NONE mustBeTask=false order=TOP topActivity=ComponentInfo{com.sec.android.app.launcher/com.sec.android.app.launcher.Launcher} launchCookie=null},{atype=recents independent=true modes=[CLOSE,TO_BACK] flags=NONE mustBeTask=false order=ANY topActivity=null launchCookie=null}]} RemoteTransition { remoteTransition = android.window.IRemoteTransition$Stub$Proxy@cd3a5, appThread = android.app.IApplicationThread$Stub$Proxy@490937a, debugName = QuickstepLaunchHomeFromRecentsflags =NONE }}
08-16 23:17:57.278 V/WindowManagerShell( 2044):  Checking filter Pair{{types=[] flags=0x0] notFlags=0x100 checks=[{atype=home independent=true modes=[OPEN,TO_FRONT] flags=NONE mustBeTask=false order=TOP topActivity=ComponentInfo{com.sec.android.app.launcher/com.sec.android.app.launcher.Launcher} launchCookie=null},{atype=standard independent=true modes=[CLOSE,TO_BACK] flags=NONE mustBeTask=false order=ANY topActivity=null launchCookie=null}]} RemoteTransition { remoteTransition = android.window.IRemoteTransition$Stub$Proxy@8da272b, appThread = android.app.IApplicationThread$Stub$Proxy@313f788, debugName = QuickstepLaunchHomeflags =NONE }}
08-16 23:17:57.279 V/WindowManagerShell( 2044):  Delegate animation for (#223) to null
08-16 23:17:57.279 V/WindowManagerShell( 2044):  try handler com.android.wm.shell.transition.DefaultTransitionHandler@1c0521
08-16 23:17:57.279 I/SurfaceFlinger(  966): id=2465 createSurf, flag=84000, 69b03f9 ActivityRecordInputSink com.google.android.gms/.common.account.AccountPickerActivity#2465
08-16 23:17:57.279 V/WindowManagerShell( 2044): start default transition animation, info = {id=223 t=OPEN f=0x0 trk=0 r=[0@Point(0, 0)] c=[{null m=OPEN f=TRANSLUCENT|FILLS_TASK|IS_ACTIVITY|EDGE_EXTENSION_RESTRICTION leash=Surface(name=ActivityRecord{136cac0 u0 com.google.android.gms/.common.account.AccountPickerActivity t271})/@0xc5c8e07 sb=Rect(0, 0 - 0, 0) eb=Rect(0, 0 - 1080, 2340) d=-1->0 r=-1->0:-1 bc=ff424242 component=com.google.android.gms/.common.account.AccountPickerActivity inset=Rect(0, 0 - 0, 0) taskIdForActivity=271}]}
08-16 23:17:57.279 V/WindowManagerShell( 2044): loadAnimation: anim=null animAttr=0x4 type=OPEN isEntrance=true
08-16 23:17:57.279 V/WindowManagerShell( 2044):    wallpaperTransit=WALLPAPER_NONE translucent=true
08-16 23:17:57.279 V/WindowManagerShell( 2044):    change={null m=OPEN f=TRANSLUCENT|FILLS_TASK|IS_ACTIVITY|EDGE_EXTENSION_RESTRICTION leash=Surface(name=ActivityRecord{136cac0 u0 com.google.android.gms/.common.account.AccountPickerActivity t271})/@0xc5c8e07 sb=Rect(0, 0 - 0, 0) eb=Rect(0, 0 - 1080, 2340) d=-1->0 r=-1->0:-1 bc=ff424242 component=com.google.android.gms/.common.account.AccountPickerActivity inset=Rect(0, 0 - 0, 0) taskIdForActivity=271}
08-16 23:17:57.281 I/BufferQueueDebug(  966): [Dim Layer for - Task=271#2466](this:0xb400007c62549cb8,id:-1,api:0,p:-1,c:-1) BufferQueue core=(966:/system/bin/surfaceflinger)
08-16 23:17:57.281 I/SurfaceFlinger(  966): id=2466 createSurf, flag=20004, Dim Layer for - Task=271#2466
08-16 23:17:57.282 I/SurfaceControlRegistry( 2044): apply, t=StartTransaction_SyncId<223>, caller=android.view.SurfaceControl$Transaction.apply:3135 android.view.SurfaceControl$Transaction.apply:3122 android.view.SurfaceControl$Transaction.apply:3078 com.android.wm.shell.transition.DefaultTransitionHandler.startAnimation:2823 com.android.wm.shell.transition.Transitions.dispatchTransition:93 com.android.wm.shell.transition.Transitions.playTransition:700 
08-16 23:17:57.282 D/SystemUIService( 2044): SYSUI_RAM_OPTIMIZATION onTrimMemory=20
08-16 23:17:57.282 D/CentralSurfaces( 2044): SYSUI_RAM_OPTIMIZATION onTrimMemory=20
08-16 23:17:57.282 D/HWUI    ( 2044): CacheManager::trimMemory(20)
08-16 23:17:57.282 V/WindowManagerShell( 2044): Transition animation finished (aborted=false), notifying core (#223) android.os.BinderProxy@bf94e88@0
08-16 23:17:57.283 I/SurfaceControlRegistry( 2044): apply, t=FinishTransaction_SyncId<223>, caller=android.view.SurfaceControl$Transaction.apply:3135 android.view.SurfaceControl$Transaction.apply:3122 android.view.SurfaceControl$Transaction.apply:3078 com.android.wm.shell.transition.Transitions.onFinish:308 com.android.wm.shell.transition.Transitions$$ExternalSyntheticLambda8.onTransitionFinished:10 com.android.wm.shell.transition.DefaultTransitionHandler$$ExternalSyntheticLambda6.run:36 
08-16 23:17:57.285 V/WindowManager( 1501): Finish Transition: TransitionRecord{6ccbf3e id=223 type=OPEN flags=0x0}, caller=com.android.server.wm.WindowOrganizerController.finishTransitionInner:26 com.android.server.wm.WindowOrganizerController.finishAllTransitions:59 android.window.IWindowOrganizerController$Stub.onTransact:311 
08-16 23:17:57.286 V/WindowManager( 1501): Finish Transition (#223): created at 08-16 23:17:57.071 collect-started=0.463ms request-sent=6.495ms started=19.668ms ready=19.637ms sent=202.226ms finished=214.667ms
08-16 23:17:57.287 D/ChangeTransitionController( 1501): onTransitionFinished: TransitionRecord{6ccbf3e id=223 type=OPEN flags=0x0}
08-16 23:17:57.288 V/WindowManagerShell( 2044): Track 0 became idle
08-16 23:17:57.288 V/WindowManagerShell( 2044): All active transition animations finished
08-16 23:17:57.288 V/WindowManagerShell( 2044):  animated by com.android.wm.shell.transition.DefaultTransitionHandler@1c0521
08-16 23:17:57.288 V/WindowManagerShell( 2044): Track 0 became idle
08-16 23:17:57.288 V/WindowManagerShell( 2044): All active transition animations finished
08-16 23:17:57.289 W/UserManagerService( 1501): Requested status bar icon for non-badged user 0
08-16 23:17:57.291 W/UserManagerService( 1501): Requested status bar icon for non-badged user 0
08-16 23:17:57.293 D/SystemUIService( 2044): SYSUI_RAM_OPTIMIZATION onTrimMemory=20
08-16 23:17:57.293 D/CentralSurfaces( 2044): SYSUI_RAM_OPTIMIZATION onTrimMemory=20
08-16 23:17:57.293 D/PowerManagerService( 1501): [api] setPowerBoost(L) boost:0, durationMs:0, caller (uid: 1000 pid: 1501) <- m() in com.android.server.display.DisplayManagerService$BinderService$$ExternalSyntheticOutline0:1
08-16 23:17:57.294 D/HWUI    ( 2044): CacheManager::trimMemory(20)
08-16 23:17:57.294 I/SurfaceFlinger(  966): onHandleDestroyed: name=Transition Root: ActivityRecord{136cac0 u0 com.google.android.gms/.common.account.AccountPickerActivity t271}#2464, layerId=2464, parentId=0
08-16 23:17:57.294 I/SurfaceFlinger(  966): id=2464 Removed Transition Root: ActivityRecord{136cac0 u0 com.google.android.gms/.common.account.AccountPickerActivity t271}#2464 (159)
08-16 23:17:57.295 V/WindowManager( 1501): Relayout Window{6bc109b u0 com.google.android.gms/com.google.android.gms.common.account.AccountPickerActivity}: viewVisibility=0 req=1026x1097 ty=1 d0
08-16 23:17:57.297 D/WindowManager( 1501): updateSystemBarAttributes: displayId=0, focusedCanBeNavColorWin=false, win=Window{6bc109b u0 com.google.android.gms/com.google.android.gms.common.account.AccountPickerActivity}, navColorWin=Window{6bc109b u0 com.google.android.gms/com.google.android.gms.common.account.AccountPickerActivity}, caller=com.android.server.wm.DisplayPolicy.finishPostLayoutPolicyLw:17 com.android.server.wm.RootWindowContainer.applySurfaceChangesTransaction$1:194 com.android.server.wm.RootWindowContainer.performSurfacePlacementNoTrace:59 
08-16 23:17:57.297 D/WindowManager( 1501): updateSystemBarAttributes, bhv=1, apr=0, statusBarAprRegions=[AppearanceRegion{ bounds=[0,0][1080,2340]}], requestedVisibilities=-9
08-16 23:17:57.299 I/WindowManager( 1501): Reparenting to leash, surface=Surface(name=6bc109b com.google.android.gms/com.google.android.gms.common.account.AccountPickerActivity)/@0xdaa026f, syncState=0, syncCommitDepth=0, leashParent=Surface(name=ActivityRecord{136cac0 u0 com.google.android.gms/.common.account.AccountPickerActivity t271})/@0x2d2f702
08-16 23:17:57.299 D/SurfaceFlinger(  966): Display 0 HWC layers:
08-16 23:17:57.299 D/SurfaceFlinger(  966):        DEVICE |   0xb400007c98d02840 | 0001 | RGBA_8888    |    0.0    0.0 1080.0 2340.0 |    0    0 1080 2340 | com.ballerbizoy.ballerai/com.ballerbizoy.ballerai.MainActivity$_9856#2354 (220)
08-16 23:17:57.299 D/SurfaceFlinger(  966):        DEVICE |   0xb400007c6c1846c0 | 0001 | RGBA_8888    |    0.0    0.0 1080.0 2340.0 |    0    0 1080 2340 | com.ballerbizoy.ballerai/com.google.[...]nternal.SignInHubActivity$_9856#2431 (1)
08-16 23:17:57.299 D/SurfaceFlinger(  966):        DEVICE |   0xb400007c9a8ada00 | 0001 | RGBA_8888    |    0.0    0.0 1080.0 2340.0 |    0    0 1080 2340 | com.google.android.gms/com.google.an[...]on.api.GoogleApiActivity$_11994#2448 (1)
08-16 23:17:57.299 D/SurfaceFlinger(  966):        DEVICE |   0xb400007c98d020c0 | 0001 | RGBA_8888    |   63.0    0.0 1143.0  951.0 |    0  667 1080 1618 | com.google.android.gms/com.google.an[...]nt.AccountPickerActivity$_11994#2461 (1)
08-16 23:17:57.299 D/SurfaceFlinger(  966):        DEVICE |   0xb400007c9a8b1600 | 0001 | RGBA_8888    |    0.0    0.0 1080.0   80.0 |    0    0 1080   80 | StatusBar$_2044#91 (3109)
08-16 23:17:57.299 D/SurfaceFlinger(  966):        DEVICE |   0xb400007c6c182140 | 0001 | RGBA_8888    |    0.0    0.0 1080.0  1
08-16 23:17:57.299 D/SurfaceFlinger(  966): 35.0 |    0 2205 1080 2340 | NavigationBar0$_2044#87 (2449)
08-16 23:17:57.299 D/SurfaceFlinger(  966): 
08-16 23:17:57.299 D/NavigationBar( 2044): onSystemBarAttributesChanged() -  displayId:0, appearance:0, packageName: com.google.android.gms, navbarColorManagedByIme:false
08-16 23:17:57.299 I/BufferQueueDebug(  966): [Surface(name=6bc109b com.google.android.gms/com.google.android.gms.common.account.AccountPickerActivity)/@0xdaa026f - animation-leash of window_animation#2467](this:0xb400007c6254ccb8,id:-1,api:0,p:-1,c:-1) BufferQueue core=(966:/system/bin/surfaceflinger)
08-16 23:17:57.300 I/SurfaceFlinger(  966): id=2467 createSurf, flag=24000, Surface(name=6bc109b com.google.android.gms/com.google.android.gms.common.account.AccountPickerActivity)/@0xdaa026f - animation-leash of window_animation#2467
08-16 23:17:57.300 D/SamsungLightBarControlHelper( 2044): updateNavigationBar (WHITE button) isLightOpaque:false, hasLightNavigationBarFlag:false, packageName:com.google.android.gms, DirectReplying:false, NavBarColorMangedByIme:false, ForceDarkForScrim:false, ForceLightForScrim:false, QsCustomizing:false, QsExpanded:false
08-16 23:17:57.300 D/WindowManager( 1501): makeSurface duration=2 leash=Surface(name=Surface(name=6bc109b com.google.android.gms/com.google.android.gms.common.account.AccountPickerActivity)/@0xdaa026f - animation-leash of window_animation)/@0xefb0b7c
08-16 23:17:57.301 D/InputDispatcher( 1501): Focus entered window (0): 6bc109b com.google.android.gms/com.google.android.gms.common.account.AccountPickerActivity
08-16 23:17:57.302 V/WindowManager( 1501): Relayout hash=6bc109b, pid=11994, syncId=-1: mAttrs={(0,0)(wrapxwrap) sim={adjust=pan forwardNavigation} ty=BASE_APPLICATION fmt=TRANSLUCENT surfaceInsets=Rect(90, 90 - 90, 90)
08-16 23:17:57.302 V/WindowManager( 1501):   fl=1800002
08-16 23:17:57.302 V/WindowManager( 1501):   pfl=40000880
08-16 23:17:57.302 V/WindowManager( 1501):   apr=10
08-16 23:17:57.302 V/WindowManager( 1501):   bhv=1
08-16 23:17:57.302 V/WindowManager( 1501):   fitTypes=207
08-16 23:17:57.302 V/WindowManager( 1501):   frameRateBoostOnTouch=true
08-16 23:17:57.302 V/WindowManager( 1501):   dvrrWindowFrameRateHint=true
08-16 23:17:57.302 V/WindowManager( 1501):  dimAmount=0.6 naviIconColor=0
08-16 23:17:57.302 V/WindowManager( 1501):   sfl=100000}
08-16 23:17:57.303 I/InsetsSourceConsumer(11994): applyRequestedVisibilityToControl: visible=true, type=navigationBars, host=com.google.android.gms/com.google.android.gms.common.account.AccountPickerActivity
08-16 23:17:57.303 I/InsetsSourceConsumer(11994): applyRequestedVisibilityToControl: visible=true, type=statusBars, host=com.google.android.gms/com.google.android.gms.common.account.AccountPickerActivity
08-16 23:17:57.304 I/BLASTBufferQueue_Java(11994): update, w= 1206 h= 1277 mName = VRI[AccountPickerActivity]@de4811 mNativeObject= 0xb400007a9211d400 sc.mNativeObject= 0xb400007a923d7e40 format= -3 caller= android.view.ViewRootImpl.updateBlastSurfaceIfNeeded:3386 android.view.ViewRootImpl.relayoutWindow:11361 android.view.ViewRootImpl.performTraversals:4544 android.view.ViewRootImpl.doTraversal:3708 android.view.ViewRootImpl$TraversalRunnable.run:12542 android.view.Choreographer$CallbackRecord.run:1751 
08-16 23:17:57.304 I/BLASTBufferQueue(11994): [VRI[AccountPickerActivity]@de4811#3](f:0,a:1,s:0) update width=1206 height=1277 format=-3 mTransformHint=0
08-16 23:17:57.304 I/VRI[AccountPickerActivity]@de4811(11994): Relayout returned: old=(27,757,1053,1528) new=(27,594,1053,1691) relayoutAsync=false req=(1026,1097)0 dur=9 res=0x0 s={true 0xb400007a9213c800} ch=false seqId=0
08-16 23:17:57.304 D/VRI[AccountPickerActivity]@de4811(11994): mThreadedRenderer.updateSurface() mSurface={isValid=true 0xb400007a9213c800}
08-16 23:17:57.306 I/Layer   (  966): id=2464 Destroyed Transition Root: ActivityRecord{136cac0 u0 com.google.android.gms/.common.account.AccountPickerActivity t271}#2464
08-16 23:17:57.306 I/BufferQueueDebug(  966): [Transition Root: ActivityRecord{136cac0 u0 com.google.android.gms/.common.account.AccountPickerActivity t271}#2464](this:0xb400007c60ceecb8,id:-1,api:0,p:-1,c:966) onDestructor()
08-16 23:17:57.308 I/VRI[AccountPickerActivity]@de4811(11994): registerCallbackForPendingTransactions
08-16 23:17:57.309 I/SurfaceFlinger(  966): onHandleDestroyed: name=Surface(name=5d780fd NavigationBar0)/@0x3a5ff16 - animation-leash of insets_animation#2458, layerId=2458, parentId=0
08-16 23:17:57.309 I/VRI[AccountPickerActivity]@de4811(11994): mWNT: t=0xb400007a9214a280 mBlastBufferQueue=0xb400007a9211d400 fn= 2 HdrRenderState mRenderHdrSdrRatio=1.0 caller= android.view.ViewRootImpl$9.onFrameDraw:6276 android.view.ViewRootImpl$3.onFrameDraw:2440 android.view.ThreadedRenderer$1.onFrameDraw:761 
08-16 23:17:57.310 I/SurfaceFlinger(  966): id=2458 Removed Surface(name=5d780fd NavigationBar0)/@0x3a5ff16 - animation-leash of insets_animation#2458 (159)
08-16 23:17:57.310 I/SurfaceFlinger(  966): onHandleDestroyed: name=Surface(name=6f4f8aa StatusBar)/@0x5217695 - animation-leash of insets_animation#2459, layerId=2459, parentId=0
08-16 23:17:57.310 I/VRI[AccountPickerActivity]@de4811(11994): handleResized, frames=ClientWindowFrames{frame=[27,594][1053,1691] display=[0,80][1080,2205] parentFrame=[0,0][0,0]} displayId=0 dragResizing=false compatScale=1.0 frameChanged=false attachedFrameChanged=false configChanged=false displayChanged=false compatScaleChanged=false dragResizingChanged=false
08-16 23:17:57.310 I/SurfaceFlinger(  966): id=2459 Removed Surface(name=6f4f8aa StatusBar)/@0x5217695 - animation-leash of insets_animation#2459 (159)
08-16 23:17:57.316 W/AudioALSACaptureDataProviderNormal(  875): readThread, latency_in_s,0.000001,0.039897,0.000046, totalTime 0.039944 > logTimeout 0.022000 TIMEOUT!!
08-16 23:17:57.317 I/BLASTBufferQueue(11994): [VRI[AccountPickerActivity]@de4811#3](f:0,a:2,s:0) producer disconnected before acquireNextBufferLocked
08-16 23:17:57.317 I/Layer   (  966): id=2458 Destroyed Surface(name=5d780fd NavigationBar0)/@0x3a5ff16 - animation-leash of insets_animation#2458
08-16 23:17:57.317 I/BufferQueueDebug(  966): [Surface(name=5d780fd NavigationBar0)/@0x3a5ff16 - animation-leash of insets_animation#2458](this:0xb400007c62543cb8,id:-1,api:0,p:-1,c:966) onDestructor()
08-16 23:17:57.317 I/Layer   (  966): id=2459 Destroyed Surface(name=6f4f8aa StatusBar)/@0x5217695 - animation-leash of insets_animation#2459
08-16 23:17:57.317 I/BufferQueueDebug(  966): [Surface(name=6f4f8aa StatusBar)/@0x5217695 - animation-leash of insets_animation#2459](this:0xb400007c62546cb8,id:-1,api:0,p:-1,c:966) onDestructor()
08-16 23:17:57.320 I/HBD     ( 5040): i onCapabilityChanged  setNetworkState currentNetworkState : wifi 
08-16 23:17:57.321 D/SurfaceFlinger(  966): Display 0 HWC layers:
08-16 23:17:57.321 D/SurfaceFlinger(  966):        DEVICE |   0xb400007c98d02840 | 0001 | RGBA_8888    |    0.0    0.0 1080.0 2340.0 |    0    0 1080 2340 | com.ballerbizoy.ballerai/com.ballerbizoy.ballerai.MainActivity$_9856#2354 (220)
08-16 23:17:57.321 D/SurfaceFlinger(  966):        DEVICE |   0xb400007c6c1846c0 | 0001 | RGBA_8888    |    0.0    0.0 1080.0 2340.0 |    0    0 1080 2340 | com.ballerbizoy.ballerai/com.google.[...]nternal.SignInHubActivity$_9856#2431 (1)
08-16 23:17:57.321 D/SurfaceFlinger(  966):        DEVICE |   0xb400007c9a8ada00 | 0001 | RGBA_8888    |    0.0    0.0 1080.0 2340.0 |    0    0 1080 2340 | com.google.android.gms/com.google.an[...]on.api.GoogleApiActivity$_11994#2448 (1)
08-16 23:17:57.321 D/SurfaceFlinger(  966):   SOLID_COLOR |                      | 0001 | Unknown      |    0.0    0.0    0.0    0.0 |    0    0 1080 2340 | Dim Layer for - Task=271#2466
08-16 23:17:57.321 D/SurfaceFlinger(  966):        DEVICE |   0xb400007c98d020c0 | 0001 | RGBA_8888    |   63.0    0.0 1143.0  951.0 |    0  667 1080 1618 | com.google.android.gms/com.google.an[...]nt.AccountPickerActivity$_11994#2461 (1)
08-16 23:17:57.321 D/SurfaceFlinger(  966):        DEVICE |   0xb400007c9a8b1600 | 0001 | RGBA_8888    |    0.0    0.0 1080.
08-16 23:17:57.321 D/SurfaceFlinger(  966): 0   80.0 |    0    0 1080   80 | StatusBar$_2044#91 (3109)
08-16 23:17:57.321 D/SurfaceFlinger(  966):        DEVICE |   0xb400007c6c182140 | 0001 | RGBA_8888    |    0.0    0.0 1080.0  135.0 |    0 2205 1080 2340 | NavigationBar0$_2044#87 (2449)
08-16 23:17:57.321 D/SurfaceFlinger(  966): 
08-16 23:17:57.322 D/VRI[AccountPickerActivity]@de4811(11994): mThreadedRenderer.initializeIfNeeded()#2 mSurface={isValid=true 0xb400007a9213c800}
08-16 23:17:57.322 D/InputMethodManagerUtils(11994): startInputInner - Id : 0
08-16 23:17:57.322 I/InputMethodManager(11994): startInputInner - IInputMethodManagerGlobalInvoker.startInputOrWindowGainedFocus
08-16 23:17:57.324 I/mtkpower@impl(  906): [setMode] type:5, enabled:0
08-16 23:17:57.324 D/InputMethodManagerService( 1501): setWindowStateInner, windowToken=android.os.BinderProxy@1eb7caa, state=ImeTargetWindowState{ imeToken null imeFocusChanged true hasEditorFocused false requestedImeVisible false imeDisplayId 0 softInputModeState STATE_UNSPECIFIED|ADJUST_PAN|IS_FORWARD_NAVIGATION isStartInputByGainFocus true}
08-16 23:17:57.324 V/InputMethodManagerService( 1501): Unspecified window will hide input
08-16 23:17:57.324 I/ImeTracker( 1501): com.google.android.gms:7c6467ab: onRequestHide at ORIGIN_SERVER reason HIDE_UNSPECIFIED_WINDOW fromUser false
08-16 23:17:57.324 V/InputMethodManagerService( 1501): applyImeVisibility state=6
08-16 23:17:57.324 D/InputMethodManagerService( 1501): setWindowStateInner, windowToken=android.os.BinderProxy@1eb7caa, state=ImeTargetWindowState{ imeToken android.os.Binder@cab6368 imeFocusChanged true hasEditorFocused false requestedImeVisible false imeDisplayId 0 softInputModeState STATE_UNSPECIFIED|ADJUST_PAN|IS_FORWARD_NAVIGATION isStartInputByGainFocus true}
08-16 23:17:57.324 I/ImeTracker( 1501): com.google.android.gms:7c6467ab: onCancelled at PHASE_SERVER_SHOULD_HIDE
08-16 23:17:57.325 V/InputMethodManagerService( 1501): hideCurrentInputLocked : canceled, shouldHideSoftInput=false, mInputShown=false, mImeWindowVis=0
08-16 23:17:57.325 D/InputMethodManagerService( 1501): mDesktopModeManager null!
08-16 23:17:57.325 V/InputMethodManagerService( 1501): semComputeImeDisplayIdForTarget: displayId=0
08-16 23:17:57.325 D/InputMethodManagerService( 1501): isImeSwitcherDisabledPackage : false
08-16 23:17:57.325 D/InputMethodManagerService( 1501): checkDisplayOfStartInputAndUpdateKeyboard: displayId=0, mFocusedDisplayId=0
08-16 23:17:57.326 D/InputTransport( 1501): Input channel constructed: 'ClientS', fd=1113
08-16 23:17:57.326 I/HBD     ( 5040): HoneyBoardService onFinishInput 
08-16 23:17:57.326 D/InputTransport(11994): Input channel constructed: 'ClientS', fd=216
08-16 23:17:57.326 I/HBD     ( 5040): a IC have been unbinding,  RemoteInputConnection{idHash=#7a0627b}
08-16 23:17:57.326 I/HBD     ( 5040): HoneyBoardService [PF_CL][onFinishInput]  0 ms 
08-16 23:17:57.326 D/InputTransport( 1501): Input channel destroyed: 'ClientS', fd=1113
08-16 23:17:57.326 I/HBD     ( 5040): HoneyBoardService [IMI] onStartInput - caller pid : 11994 , caller uid : 10237 
08-16 23:17:57.326 I/HBD     ( 5040): t updateConfigs 
08-16 23:17:57.326 I/HBD     ( 5040): t isEnabledNightMode : false 
08-16 23:17:57.326 I/HBD     ( 5040): a IC have been binding, RemoteInputConnection{idHash=#7a0627b} 
08-16 23:17:57.327 I/HBD     ( 5040): g [EditorInputType]setPrivateImeOptionsToTable privateImeOptions ( null )
08-16 23:17:57.327 I/HBD     ( 5040): b incognitoMode : false 
08-16 23:17:57.327 I/HBD     ( 5040): b needOff = true , isForceOff = false, isNullInputClass : true 
08-16 23:17:57.327 I/HBD     ( 5040): g getDefaultInputRange : UNKNOWN 
08-16 23:17:57.327 I/HBD     ( 5040): g getDefaultInputRange : UNKNOWN 
08-16 23:17:57.327 I/HBD     ( 5040): g getDefaultInputRange : UNKNOWN 
08-16 23:17:57.327 D/RestrictionPolicy( 1501): isScreenCaptureEnabled : ret=true userId=0
08-16 23:17:57.327 I/BufferQueueProducer(  966): [NavigationBar0$_2044#87](this:0xb400007c60ce8cb8,id:-1,api:0,p:-1,c:966) queueBuffer: fps=0.09 dur=131141.35 max=131008.23 min=11.00
08-16 23:17:57.327 I/WindowManager( 1501): Cancelling animation restarting=true, leash=Surface(name=Surface(name=e97457c InputMethod)/@0xa3d0581 - animation-leash of insets_animation)/@0xe0d14fd
08-16 23:17:57.327 I/WindowManager( 1501): Reparenting to original parent: Surface(name=WindowToken{4f85bd8 type=2011 android.os.Binder@ddb2abb})/@0x66ed626, destroy=false, syncState=0, syncCommitDepth=0, surface=Surface(name=e97457c InputMethod)/@0xa3d0581
08-16 23:17:57.328 I/WindowManager( 1501): Reparenting to leash, surface=Surface(name=e97457c InputMethod)/@0xa3d0581, syncState=0, syncCommitDepth=0, leashParent=Surface(name=WindowToken{4f85bd8 type=2011 android.os.Binder@ddb2abb})/@0x66ed626
08-16 23:17:57.328 I/HBD     ( 5040): b needOff = true , isForceOff = false, isNullInputClass : true 
08-16 23:17:57.328 I/HBD     ( 5040): b update cached prediction status : false 
08-16 23:17:57.328 I/HBD     ( 5040): g getDefaultInputRange : UNKNOWN 
08-16 23:17:57.328 I/HBD     ( 5040): a currentState : 0 
08-16 23:17:57.328 I/BufferQueueDebug(  966): [Surface(name=e97457c InputMethod)/@0xa3d0581 - animation-leash of insets_animation#2468](this:0xb400007c62599cb8,id:-1,api:0,p:-1,c:-1) BufferQueue core=(966:/system/bin/surfaceflinger)
08-16 23:17:57.328 I/SurfaceFlinger(  966): id=2468 createSurf, flag=24004, Surface(name=e97457c InputMethod)/@0xa3d0581 - animation-leash of insets_animation#2468
08-16 23:17:57.329 I/HBD     ( 5040): a [UpdatePolicy] [post] a: 0 cl: 65537 kit: [0/0] vt: 0 ir: 1 
08-16 23:17:57.329 D/WindowManager( 1501): makeSurface duration=2 leash=Surface(name=Surface(name=e97457c InputMethod)/@0xa3d0581 - animation-leash of insets_animation)/@0x2f9d067
08-16 23:17:57.329 D/InsetsSourceProvider( 1501): updateControlForTarget: control=InsetsSourceControl: {3 mType=ime mSurfacePosition=Point(0, 80) mInsetsHint=Insets{left=0, top=0, right=0, bottom=1008}}, target=Window{6bc109b u0 com.google.android.gms/com.google.android.gms.common.account.AccountPickerActivity}, from=com.android.server.wm.ImeInsetsSourceProvider.updateControlForTarget:17 com.android.server.wm.InsetsStateController.onControlTargetChanged:81 com.android.server.wm.DisplayContent.updateImeControlTarget:21 com.android.server.wm.DisplayContent.updateImeInputAndControlTarget:81 com.android.server.wm.WindowManagerService$LocalService.updateInputMethodTargetWindow:21 
08-16 23:17:57.329 I/HBD     ( 5040): a [NRIC] resetNoResponseState 
08-16 23:17:57.330 I/HBD     ( 5040): b needOff = true , isForceOff = false, isNullInputClass : true 
08-16 23:17:57.330 I/HBD     ( 5040): b update cached prediction status : false 
08-16 23:17:57.330 I/HBD     ( 5040): c [AiWriter] setContact : com.google.android.gms
08-16 23:17:57.330 I/HBD     ( 5040): HoneyBoardService [PF_OP][onStartInput]  4 ms 
08-16 23:17:57.332 W/hwcomposer(  881): [DRMDEV] paramIsSame(), id 455, w 1206/1206, h 951/1277, pitch 1216/1216, format 0x1/0x1, secure 0/0  
08-16 23:17:57.340 I/InsetsSourceConsumer(11994): applyRequestedVisibilityToControl: visible=false, type=ime, host=com.google.android.gms/com.google.android.gms.common.account.AccountPickerActivity
08-16 23:17:57.341 D/InputMethodManagerService( 1501): isImeSwitcherDisabledPackage : false
08-16 23:17:57.342 D/NavigationBar( 2044): setImeWindowStatus displayId=0 vis=0 backDisposition=0 showImeSwitcher=false imeShown=false
08-16 23:17:57.342 I/InputMethodService( 5040): scheduleImeSurfaceRemoval: canceled, mShowInputRequested=false, mWindowVisible=false, IsmWindowNull=false, IsmImeSurfaceRemoverRunnableNotNull=true
08-16 23:17:57.348 I/VSyncReactor(  966): Current= 90, Period= 90, Distance= 90
08-16 23:17:57.350 I/SurfaceFlinger(  966): onHandleDestroyed: name=Surface(name=e97457c InputMethod)/@0xa3d0581 - animation-leash of insets_animation#2456, layerId=2456, parentId=0
08-16 23:17:57.351 I/SurfaceFlinger(  966): id=2456 Removed Surface(name=e97457c InputMethod)/@0xa3d0581 - animation-leash of insets_animation#2456 (158)
08-16 23:17:57.356 W/AudioALSACaptureDataProviderNormal(  875): readThread, latency_in_s,0.000001,0.038931,0.000054, totalTime 0.038985 > logTimeout 0.022000 TIMEOUT!!
08-16 23:17:57.360 I/Layer   (  966): id=2456 Destroyed Surface(name=e97457c InputMethod)/@0xa3d0581 - animation-leash of insets_animation#2456
08-16 23:17:57.360 I/BufferQueueDebug(  966): [Surface(name=e97457c InputMethod)/@0xa3d0581 - animation-leash of insets_animation#2456](this:0xb400007c60db1cb8,id:-1,api:0,p:-1,c:966) onDestructor()
08-16 23:17:57.441 I/HYPER-HAL(  889): [RequestManager.cpp]releaseLocked(): Released ID : 8357936
08-16 23:17:57.505 I/WindowManager( 1501): Reparenting to original parent: Surface(name=ActivityRecord{136cac0 u0 com.google.android.gms/.common.account.AccountPickerActivity t271})/@0x2d2f702, destroy=true, syncState=0, syncCommitDepth=0, surface=Surface(name=6bc109b com.google.android.gms/com.google.android.gms.common.account.AccountPickerActivity)/@0xdaa026f
08-16 23:17:57.528 I/SurfaceFlinger(  966): onHandleDestroyed: name=Surface(name=6bc109b com.google.android.gms/com.google.android.gms.common.account.AccountPickerActivity)/@0xdaa026f - animation-leash of window_animation#2467, layerId=2467, parentId=0
08-16 23:17:57.528 I/SurfaceFlinger(  966): id=2467 Removed Surface(name=6bc109b com.google.android.gms/com.google.android.gms.common.account.AccountPickerActivity)/@0xdaa026f - animation-leash of window_animation#2467 (157)
08-16 23:17:57.539 I/Layer   (  966): id=2467 Destroyed Surface(name=6bc109b com.google.android.gms/com.google.android.gms.common.account.AccountPickerActivity)/@0xdaa026f - animation-leash of window_animation#2467
08-16 23:17:57.539 I/BufferQueueDebug(  966): [Surface(name=6bc109b com.google.android.gms/com.google.android.gms.common.account.AccountPickerActivity)/@0xdaa026f - animation-leash of window_animation#2467](this:0xb400007c6254ccb8,id:-1,api:0,p:-1,c:966) onDestructor()
08-16 23:17:57.544 I/InputMethodService( 5040): removeImeSurface
08-16 23:17:57.544 I/InputMethodService( 5040): cancelImeSurfaceRemoval: removeCallbacks
08-16 23:17:57.573 I/mtkpower_client(  889): perf_lock_rel, hdl:1261, tid:12086
08-16 23:17:57.573 I/mtkpower_client(  889): perf_lock_rel, hdl:1262, tid:12086
08-16 23:17:57.574 I/libPowerHal(  906): [perfLockRel] hdl:1261, idx:2
08-16 23:17:57.574 I/libPowerHal(  906): [set_cpuidle] enable:1, fd:14, scn:0xb400007ee909b000
08-16 23:17:57.574 I/libPowerHal(  906): [PD] vendor.samsung. update cmd:1c3c100 param:1
08-16 23:17:57.575 I/libPowerHal(  906): [perfLockRel] hdl:1262, idx:0
08-16 23:17:57.578 I/libPowerHal(  906): [PD] vendor.samsung. update cmd:1000000 param:-1
08-16 23:17:57.578 I/HYPER-HAL(  889): [RequestManager.cpp]releaseLocked(): Released ID : 1152938
08-16 23:17:57.608 I/hwcomposer(  881): [HWC] (0)fire a callback of refresh to SF[4]  
08-16 23:17:57.621 I/mtkpower@impl(  906): [setMode] type:6, enabled:1
08-16 23:17:57.621 E/mtkpower@impl(  906): [setMode] unknown type
08-16 23:17:57.633 I/BufferQueueProducer(  966): [FramebufferSurface](this:0xb400007c9a8a26d0,id:-1,api:1,p:966,c:966) queueBuffer: fps=2.31 dur=1300.67 max=499.07 min=355.64
08-16 23:17:57.658 I/HYPER-HAL(  889): [RequestManager.cpp]releaseLocked(): Released ID : 8333417
08-16 23:17:57.690 I/mtkpower@impl(  906): [setMode] type:6, enabled:0
08-16 23:17:57.691 E/mtkpower@impl(  906): [setMode] unknown type
08-16 23:17:57.726 I/NearbySharing( 3080): Network state changed: NetworkState(isRestricted=false, isOnline=true, isCongested=false, isMetered=false, isWifiConnected=true)
08-16 23:17:57.779 W/AudioALSACaptureDataProviderNormal(  875): readThread, latency_in_s,0.000002,0.022240,0.000134, totalTime 0.022376 > logTimeout 0.022000 TIMEOUT!!
08-16 23:17:57.833 D/SGM:GameManager( 1501): identifyForegroundApp. com.ballerbizoy.ballerai, mCurrentUserId: 0, callerUserId: 0
08-16 23:17:57.834 D/SGM:SemGameManager( 1501): isForegroundGame(), ret=false
08-16 23:17:57.972 I/hwcomposer(  881): [DRMDEV] (0) failed to waitNextVsync: -1  
08-16 23:17:57.984 I/hwcomposer(  881): [DRMDEV] (0) failed to waitNextVsync: -1  
08-16 23:17:57.995 I/hwcomposer(  881): [DRMDEV] (0) failed to waitNextVsync: -1  
08-16 23:17:57.995 I/VSyncReactor(  966): Current= 90, Period= 90, Distance= 90
08-16 23:17:58.006 I/hwcomposer(  881): [DRMDEV] (0) failed to waitNextVsync: -1  
08-16 23:17:58.017 I/hwcomposer(  881): [DRMDEV] (0) failed to waitNextVsync: -1  
08-16 23:17:58.028 I/hwcomposer(  881): [DRMDEV] (0) failed to waitNextVsync: -1  
08-16 23:17:58.040 I/hwcomposer(  881): [DRMDEV] (0) failed to waitNextVsync: -1  
08-16 23:17:58.174 I/FA      ( 9856): Application backgrounded at: timestamp_millis: 1755375476169
08-16 23:17:58.239 W/AudioALSACaptureDataProviderNormal(  875): readThread, latency_in_s,0.000002,0.022052,0.000146, totalTime 0.022199 > logTimeout 0.022000 TIMEOUT!!
08-16 23:17:58.271 D/SurfaceFlinger(  966): calculateTimeoutTime, triggerInterval = 2 sec + 34917154 nsec
08-16 23:17:58.313 D/InputReader( 1501): Btn_touch(5): value=1 when=6135.828559
08-16 23:17:58.313 I/InputReader( 1501): Touch event's action is 0x0 (id=5, t=0) [pCnt=1, s=0.631 ] when=6135.828559
08-16 23:17:58.314 I/hwcomposer(  881): [DRMDEV] (0) failed to waitNextVsync: -1  
08-16 23:17:58.314 I/InputDispatcher( 1501): Delivering touch to (2044): action: 0x4, f=0x0, d=0, '5d780fd', t=1 
08-16 23:17:58.315 I/InputDispatcher( 1501): Delivering touch to (11994): action: 0x0, f=0x0, d=0, '6bc109b', t=1 +(-27,-594)
08-16 23:17:58.315 D/PowerManagerService( 1501): [api] userActivityFromNative : touch displayId=0 eventTime=6135828
08-16 23:17:58.316 I/GestureDetector( 1501): obtain mCurrentDownEvent. id: 317146498 caller: com.android.server.wm.SystemGesturesPointerEventListener.onPointerEvent:17 com.android.server.wm.PointerEventDispatcher.onInputEvent:51 android.view.InputEventReceiver.dispatchInputEvent:385 
08-16 23:17:58.316 I/GestureDetector( 1501): obtain mCurrentDownEvent. id: 317146498 caller: com.android.server.wm.SystemPerformancePointerEventListener.onPointerEvent:13 com.android.server.wm.PointerEventDispatcher.onInputEvent:51 android.view.InputEventReceiver.dispatchInputEvent:385 
08-16 23:17:58.317 I/hwcomposer(  881): [DRMDEV] (0) failed to waitNextVsync: -1  
08-16 23:17:58.317 I/SemDvfsHyPerManager( 4068): acquire hyper - TATouchBoost/4068@20, type = -999
08-16 23:17:58.317 I/HYPER-HAL(  889): [RequestManager.cpp]acquire(): Acquired ID : 8357936  [4068 / 20]    HINT :      list : [TASchedtuneBoost / 40] [TIMEOUT / 1500] 
08-16 23:17:58.325 I/VRI[AccountPickerActivity]@de4811(11994): ViewPostIme pointer 0
08-16 23:17:58.326 I/VRI[AccountPickerActivity]@de4811(11994): call setFrameRateCategory for touch hint category=high hint, reason=touch, vri=VRI[AccountPickerActivity]@de4811
08-16 23:17:58.328 I/hwcomposer(  881): [DRMDEV] (0) failed to waitNextVsync: -1  
08-16 23:17:58.328 I/SurfaceFlinger(  966): [com.google.android.gms/com.google.android.gms.common.account.AccountPickerActivity$_11994#2461] setFrameRateCategory: HighHint
08-16 23:17:58.336 W/AudioALSACaptureDataProviderNormal(  875): readThread, latency_in_s,0.000002,0.039660,0.000085, totalTime 0.039746 > logTimeout 0.022000 TIMEOUT!!
08-16 23:17:58.339 I/hwcomposer(  881): [DRMDEV] (0) failed to waitNextVsync: -1  
08-16 23:17:58.350 I/hwcomposer(  881): [DRMDEV] (0) failed to waitNextVsync: -1  
08-16 23:17:58.354 I/GestureDetector( 1501): obtain mCurrentMotionEventRaw. action: 2 id: 111423459
08-16 23:17:58.354 I/GestureDetector( 1501): obtain mCurrentMotionEventRaw. action: 2 id: 111423459
08-16 23:17:58.361 I/hwcomposer(  881): [DRMDEV] (0) failed to waitNextVsync: -1  
08-16 23:17:58.372 I/hwcomposer(  881): [DRMDEV] (0) failed to waitNextVsync: -1  
08-16 23:17:58.391 D/InputReader( 1501): Btn_touch(5): value=0 when=6135.907599
08-16 23:17:58.391 I/InputReader( 1501): Touch event's action is 0x1 (id=5, t=0) [pCnt=1, s=] when=6135.907599
08-16 23:17:58.392 I/InputDispatcher( 1501): Delivering touch to (11994): action: 0x1, f=0x0, d=0, '6bc109b', t=1 +(-27,-594)
08-16 23:17:58.392 I/VRI[AccountPickerActivity]@de4811(11994): ViewPostIme pointer 1
08-16 23:17:58.405 D/WindowManager( 1501): Transition is created, t=TransitionRecord{dc6655f id=-1 type=CLOSE flags=0x0}, caller=com.android.server.wm.Transition.<init>:170 com.android.server.wm.TransitionController.createTransition:17 com.android.server.wm.TransitionController.requestCloseTransitionIfNeeded:72 com.android.server.wm.ActivityRecord.finishIfPossible:30 com.android.server.wm.ActivityClientController.finishActivity:225 
08-16 23:17:58.405 D/BLASTSyncEngine( 1501): SyncGroup is created, id=224, name=Transition-CLOSE, caller=com.android.server.wm.BLASTSyncEngine$SyncGroup.<init>:51 com.android.server.wm.TransitionController.moveToCollecting:78 com.android.server.wm.TransitionController.createTransition:47 com.android.server.wm.TransitionController.requestCloseTransitionIfNeeded:72 com.android.server.wm.ActivityRecord.finishIfPossible:30 com.android.server.wm.ActivityClientController.finishActivity:225 android.app.IActivityClientController$Stub.onTransact:822 
08-16 23:17:58.405 W/BLASTSyncEngine( 1501): setSyncMethod, id=224, method=0, caller=com.android.server.wm.TransitionController.moveToCollecting:90 com.android.server.wm.TransitionController.createTransition:47 com.android.server.wm.TransitionController.requestCloseTransitionIfNeeded:72 
08-16 23:17:58.405 V/WindowManager( 1501): Start collecting in Transition: TransitionRecord{dc6655f id=224 type=CLOSE flags=0x0}, caller=com.android.server.wm.TransitionController.createTransition:47 com.android.server.wm.TransitionController.requestCloseTransitionIfNeeded:72 com.android.server.wm.ActivityRecord.finishIfPossible:30 com.android.server.wm.ActivityClientController.finishActivity:225 android.app.IActivityClientController$Stub.onTransact:822 
08-16 23:17:58.405 V/WindowManager( 1501): Requesting StartTransition: TransitionRecord{dc6655f id=224 type=CLOSE flags=0x0}, caller=com.android.server.wm.TransitionController.requestCloseTransitionIfNeeded:80 com.android.server.wm.ActivityRecord.finishIfPossible:30 com.android.server.wm.ActivityClientController.finishActivity:225 android.app.IActivityClientController$Stub.onTransact:822 com.android.server.wm.ActivityClientController.onTransact:1 
08-16 23:17:58.406 V/WindowManager( 1501): Collecting in transition 224: ActivityRecord{136cac0 u0 com.google.android.gms/.common.account.AccountPickerActivity t271 f}}, caller=com.android.server.wm.Transition.collectExistenceChange:42 com.android.server.wm.Transition.collectClose:7 com.android.server.wm.ActivityRecord.finishIfPossible:41 com.android.server.wm.ActivityClientController.finishActivity:225 android.app.IActivityClientController$Stub.onTransact:822 
08-16 23:17:58.406 D/WindowManager( 1501): prepareSync <SYNC_STATE_WAITING_FOR_DRAW>, mPrepareSyncSeqId=0, win=Window{6bc109b u0 com.google.android.gms/com.google.android.gms.common.account.AccountPickerActivity}
08-16 23:17:58.406 I/BufferQueueProducer(  966): [com.google.android.gms/com.google.android.gms.common.account.AccountPickerActivity$_11994#2461](this:0xb400007c60db7cb8,id:-1,api:0,p:-1,c:966) queueBuffer: fps=2.64 dur=1134.30 max=1067.47 min=10.99
08-16 23:17:58.406 V/WindowManager( 1501): Collecting in transition 224: ActivityRecord{136cac0 u0 com.google.android.gms/.common.account.AccountPickerActivity t271 f}}, caller=com.android.server.wm.TransitionController.collect:7 com.android.server.wm.ActivityRecord.setVisibility:189 com.android.server.wm.ActivityRecord.finishIfPossible:82 com.android.server.wm.ActivityClientController.finishActivity:225 android.app.IActivityClientController$Stub.onTransact:822 
