08-16 23:59:01.564 I/ActivityTaskManager( 1501): Displayed com.google.android.gms/.signin.activity.SignInActivity for user 0: +154ms
08-16 23:59:01.566 V/WindowManager( 1501):         {null m=OPEN f=TRANSLUCENT|FILLS_TASK|IS_ACTIVITY|EDGE_EXTENSION_RESTRICTION leash=Surface(name=ActivityRecord{cb03fa8 u0 com.google.android.gms/.signin.activity.SignInActivity t271})/@0x5334f0 sb=Rect(0, 0 - 0, 0) eb=Rect(0, 0 - 1080, 2340) d=-1->0 r=-1->0:-1 bc=fffafafa component=com.google.android.gms/.signin.activity.SignInActivity inset=Rect(0, 0 - 0, 0) taskIdForActivity=271},
08-16 23:59:01.567 V/WindowManagerShell( 2044): onTransitionReady (#301) android.os.BinderProxy@25c0dfa: {id=301 t=OPEN f=0x0 trk=1 r=[0@Point(0, 0)] c=[{null m=OPEN f=TRANSLUCENT|FILLS_TASK|IS_ACTIVITY|EDGE_EXTENSION_RESTRICTION leash=Surface(name=ActivityRecord{cb03fa8 u0 com.google.android.gms/.signin.activity.SignInActivity t271})/@0xc9e7bd sb=Rect(0, 0 - 0, 0) eb=Rect(0, 0 - 1080, 2340) d=-1->0 r=-1->0:-1 bc=fffafafa component=com.google.android.gms/.signin.activity.SignInActivity inset=Rect(0, 0 - 0, 0) taskIdForActivity=271},{null m=OPEN f=TRANSLUCENT|FILLS_TASK|IS_ACTIVITY|EDGE_EXTENSION_RESTRICTION leash=Surface(name=ActivityRecord{837e142 u0 com.google.android.gms/.common.api.GoogleApiActivity t271})/@0x3c171b2 sb=Rect(0, 0 - 0, 0) eb=Rect(0, 0 - 1080, 2340) d=-1->0 r=-1->0:-1 bc=fffafafa component=com.google.android.gms/.common.api.GoogleApiActivity inset=Rect(0, 0 - 0, 0) taskIdForActivity=271}]}
08-16 23:59:01.568 I/SurfaceControlRegistry( 2044): show, t=StartTransaction_SyncId<301> sc=ActivityRecord{cb03fa8 u0 com.google.android.gms/.signin.activity.SignInActivity t271}, caller=android.view.SurfaceControl$Transaction.show:3232 com.android.wm.shell.transition.Transitions.dispatchReady:934 com.android.wm.shell.transition.Transitions.onTransitionReady:244 com.android.wm.shell.transition.Transitions$TransitionPlayerImpl$$ExternalSyntheticLambda0.run:13 android.os.Handler.handleCallback:959 android.os.Handler.dispatchMessage:100 
08-16 23:59:01.568 I/BufferQueueDebug(  966): [e607ac1 ActivityRecordInputSink com.google.android.gms/.signin.activity.SignInActivity#3151](this:0xb400007c60cbccb8,id:-1,api:0,p:-1,c:-1) BufferQueue core=(966:/system/bin/surfaceflinger)
08-16 23:59:01.568 I/SurfaceControlRegistry( 2044): show, t=FinishTransaction_SyncId<301> sc=ActivityRecord{cb03fa8 u0 com.google.android.gms/.signin.activity.SignInActivity t271}, caller=android.view.SurfaceControl$Transaction.show:3232 com.android.wm.shell.transition.Transitions.dispatchReady:988 com.android.wm.shell.transition.Transitions.onTransitionReady:244 com.android.wm.shell.transition.Transitions$TransitionPlayerImpl$$ExternalSyntheticLambda0.run:13 android.os.Handler.handleCallback:959 android.os.Handler.dispatchMessage:100 
08-16 23:59:01.568 I/SurfaceFlinger(  966): id=3151 createSurf, flag=84000, e607ac1 ActivityRecordInputSink com.google.android.gms/.signin.activity.SignInActivity#3151
08-16 23:59:01.568 I/SurfaceControlRegistry( 2044): show, t=StartTransaction_SyncId<301> sc=Transition Root: ActivityRecord{cb03fa8 u0 com.google.android.gms/.signin.activity.SignInActivity t271}, caller=android.view.SurfaceControl$Transaction.show:3232 com.android.wm.shell.transition.Transitions.playTransition:81 com.android.wm.shell.transition.Transitions.processReadyQueue:250 com.android.wm.shell.transition.Transitions.dispatchReady:1007 com.android.wm.shell.transition.Transitions.onTransitionReady:244 com.android.wm.shell.transition.Transitions$TransitionPlayerImpl$$ExternalSyntheticLambda0.run:13 
08-16 23:59:01.570 V/WindowManagerShell( 2044): Transition doesn't have explicit remote, search filters for match for {id=301 t=OPEN f=0x0 trk=1 r=[0@Point(0, 0)] c=[{null m=OPEN f=TRANSLUCENT|FILLS_TASK|IS_ACTIVITY|EDGE_EXTENSION_RESTRICTION leash=Surface(name=ActivityRecord{cb03fa8 u0 com.google.android.gms/.signin.activity.SignInActivity t271})/@0xc9e7bd sb=Rect(0, 0 - 0, 0) eb=Rect(0, 0 - 1080, 2340) d=-1->0 r=-1->0:-1 bc=fffafafa component=com.google.android.gms/.signin.activity.SignInActivity inset=Rect(0, 0 - 0, 0) taskIdForActivity=271},{null m=OPEN f=TRANSLUCENT|FILLS_TASK|IS_ACTIVITY|EDGE_EXTENSION_RESTRICTION leash=Surface(name=ActivityRecord{837e142 u0 com.google.android.gms/.common.api.GoogleApiActivity t271})/@0x3c171b2 sb=Rect(0, 0 - 0, 0) eb=Rect(0, 0 - 1080, 2340) d=-1->0 r=-1->0:-1 bc=fffafafa component=com.google.android.gms/.common.api.GoogleApiActivity inset=Rect(0, 0 - 0, 0) taskIdForActivity=271}]}
08-16 23:59:01.571 V/WindowManagerShell( 2044): start default transition animation, info = {id=301 t=OPEN f=0x0 trk=1 r=[0@Point(0, 0)] c=[{null m=OPEN f=TRANSLUCENT|FILLS_TASK|IS_ACTIVITY|EDGE_EXTENSION_RESTRICTION leash=Surface(name=ActivityRecord{cb03fa8 u0 com.google.android.gms/.signin.activity.SignInActivity t271})/@0xc9e7bd sb=Rect(0, 0 - 0, 0) eb=Rect(0, 0 - 1080, 2340) d=-1->0 r=-1->0:-1 bc=fffafafa component=com.google.android.gms/.signin.activity.SignInActivity inset=Rect(0, 0 - 0, 0) taskIdForActivity=271},{null m=OPEN f=TRANSLUCENT|FILLS_TASK|IS_ACTIVITY|EDGE_EXTENSION_RESTRICTION leash=Surface(name=ActivityRecord{837e142 u0 com.google.android.gms/.common.api.GoogleApiActivity t271})/@0x3c171b2 sb=Rect(0, 0 - 0, 0) eb=Rect(0, 0 - 1080, 2340) d=-1->0 r=-1->0:-1 bc=fffafafa component=com.google.android.gms/.common.api.GoogleApiActivity inset=Rect(0, 0 - 0, 0) taskIdForActivity=271}]}
08-16 23:59:01.571 V/WindowManagerShell( 2044):    change={null m=OPEN f=TRANSLUCENT|FILLS_TASK|IS_ACTIVITY|EDGE_EXTENSION_RESTRICTION leash=Surface(name=ActivityRecord{cb03fa8 u0 com.google.android.gms/.signin.activity.SignInActivity t271})/@0xc9e7bd sb=Rect(0, 0 - 0, 0) eb=Rect(0, 0 - 1080, 2340) d=-1->0 r=-1->0:-1 bc=fffafafa component=com.google.android.gms/.signin.activity.SignInActivity inset=Rect(0, 0 - 0, 0) taskIdForActivity=271}
08-16 23:59:01.581 D/SurfaceFlinger(  966):        DEVICE |   0xb400007c6c0af240 | 0001 | RGBA_8888    |    0.0    0.0 1080.0 2340.0 |    0    0 1080 2340 | com.ballerbizoy.ballerai/com.google.[...]nternal.SignInHubActivity$_9856#3130 (1)
08-16 23:59:01.581 I/SurfaceFlinger(  966): onHandleDestroyed: name=ActivityRecord{5f53fb0 u0 com.google.android.gms/.signin.activity.SignInActivity t271}#2604, layerId=2604, parentId=0
08-16 23:59:01.581 I/SurfaceFlinger(  966): id=2604 Removed ActivityRecord{5f53fb0 u0 com.google.android.gms/.signin.activity.SignInActivity t271}#2604 (220)
08-16 23:59:01.581 I/SurfaceFlinger(  966): onHandleDestroyed: name=ActivityRecord{f1bdb38 u0 com.google.android.gms/.auth.api.signin.ui.SignInActivity t271}#2587, layerId=2587, parentId=0
08-16 23:59:01.581 I/SurfaceFlinger(  966): id=2587 Removed ActivityRecord{f1bdb38 u0 com.google.android.gms/.auth.api.signin.ui.SignInActivity t271}#2587 (220)
08-16 23:59:01.581 I/SurfaceFlinger(  966): onHandleDestroyed: name=ActivityRecord{681067f u0 com.ballerbizoy.ballerai/com.google.android.gms.auth.api.signin.internal.SignInHubActivity t271}#2586, layerId=2586, parentId=0
08-16 23:59:01.581 I/SurfaceFlinger(  966): id=2586 Removed ActivityRecord{681067f u0 com.ballerbizoy.ballerai/com.google.android.gms.auth.api.signin.internal.SignInHubActivity t271}#2586 (220)
08-16 23:59:01.581 I/SurfaceFlinger(  966): onHandleDestroyed: name=ActivityRecord{9c35d21 u0 com.ballerbizoy.ballerai/com.google.android.gms.auth.api.signin.internal.SignInHubActivity t271}#2655, layerId=2655, parentId=0
08-16 23:59:01.581 I/SurfaceFlinger(  966): id=2655 Removed ActivityRecord{9c35d21 u0 com.ballerbizoy.ballerai/com.google.android.gms.auth.api.signin.internal.SignInHubActivity t271}#2655 (220)
08-16 23:59:01.581 I/SurfaceFlinger(  966): onHandleDestroyed: name=ActivityRecord{1a99f30 u0 com.google.android.gms/.signin.activity.SignInActivity t271}#2670, layerId=2670, parentId=0
08-16 23:59:01.581 I/SurfaceFlinger(  966): id=2670 Removed ActivityRecord{1a99f30 u0 com.google.android.gms/.signin.activity.SignInActivity t271}#2670 (220)
08-16 23:59:01.581 I/SurfaceFlinger(  966): onHandleDestroyed: name=ActivityRecord{b4a6373 u0 com.google.android.gms/.signin.activity.SignInActivity t271}#2737, layerId=2737, parentId=0
08-16 23:59:01.581 I/SurfaceFlinger(  966): id=2737 Removed ActivityRecord{b4a6373 u0 com.google.android.gms/.signin.activity.SignInActivity t271}#2737 (220)
08-16 23:59:01.581 I/SurfaceFlinger(  966): onHandleDestroyed: name=ActivityRecord{1e98f59 u0 com.google.android.gms/.auth.api.signin.ui.SignInActivity t271}#2656, layerId=2656, parentId=0
08-16 23:59:01.581 I/SurfaceFlinger(  966): id=2656 Removed ActivityRecord{1e98f59 u0 com.google.android.gms/.auth.api.signin.ui.SignInActivity t271}#2656 (220)
08-16 23:59:01.581 I/SurfaceFlinger(  966): onHandleDestroyed: name=ActivityRecord{e865d64 u0 com.google.android.gms/.auth.api.signin.ui.SignInActivity t271}#2724, layerId=2724, parentId=0
08-16 23:59:01.581 I/SurfaceFlinger(  966): id=2724 Removed ActivityRecord{e865d64 u0 com.google.android.gms/.auth.api.signin.ui.SignInActivity t271}#2724 (220)
08-16 23:59:01.582 I/SurfaceFlinger(  966): onHandleDestroyed: name=ActivityRecord{702c0cc u0 com.ballerbizoy.ballerai/com.google.android.gms.auth.api.signin.internal.SignInHubActivity t271}#2723, layerId=2723, parentId=0
08-16 23:59:01.582 I/SurfaceFlinger(  966): id=2723 Removed ActivityRecord{702c0cc u0 com.ballerbizoy.ballerai/com.google.android.gms.auth.api.signin.internal.SignInHubActivity t271}#2723 (220)
08-16 23:59:01.582 D/InputDispatcher( 1501): Focus entered window (0): b6f9a4a com.google.android.gms/com.google.android.gms.signin.activity.SignInActivity
08-16 23:59:01.583 D/VRI[SignInActivity]@4ec421e(11994): mThreadedRenderer.initializeIfNeeded()#2 mSurface={isValid=true 0xb400007a9d25a800}
08-16 23:59:01.588 I/Layer   (  966): id=2733 Destroyed cb26f15 ActivityRecordInputSink com.ballerbizoy.ballerai/com.google.android.gms.auth.api.signin.internal.SignInHubActivity#2733
08-16 23:59:01.588 I/BufferQueueDebug(  966): [cb26f15 ActivityRecordInputSink com.ballerbizoy.ballerai/com.google.android.gms.auth.api.signin.internal.SignInHubActivity#2733](this:0xb400007c62357cb8,id:-1,api:0,p:-1,c:966) onDestructor()
08-16 23:59:01.588 I/Layer   (  966): id=2736 Destroyed f026bcd ActivityRecordInputSink com.google.android.gms/.auth.api.signin.ui.SignInActivity#2736
08-16 23:59:01.588 I/BufferQueueDebug(  966): [f026bcd ActivityRecordInputSink com.google.android.gms/.auth.api.signin.ui.SignInActivity#2736](this:0xb400007c6238acb8,id:-1,api:0,p:-1,c:966) onDestructor()
08-16 23:59:01.588 I/Layer   (  966): id=2679 Destroyed 2d997a9 ActivityRecordInputSink com.google.android.gms/.signin.activity.SignInActivity#2679
08-16 23:59:01.588 I/BufferQueueDebug(  966): [2d997a9 ActivityRecordInputSink com.google.android.gms/.signin.activity.SignInActivity#2679](this:0xb400007c624e5cb8,id:-1,api:0,p:-1,c:966) onDestructor()
08-16 23:59:01.588 I/Layer   (  966): id=2665 Destroyed 1f5571e ActivityRecordInputSink com.google.android.gms/.auth.api.signin.ui.SignInActivity#2665
08-16 23:59:01.588 I/BufferQueueDebug(  966): [1f5571e ActivityRecordInputSink com.google.android.gms/.auth.api.signin.ui.SignInActivity#2665](this:0xb400007c60e45cb8,id:-1,api:0,p:-1,c:966) onDestructor()
08-16 23:59:01.588 I/Layer   (  966): id=2746 Destroyed 6eb9230 ActivityRecordInputSink com.google.android.gms/.signin.activity.SignInActivity#2746
08-16 23:59:01.588 I/BufferQueueDebug(  966): [6eb9230 ActivityRecordInputSink com.google.android.gms/.signin.activity.SignInActivity#2746](this:0xb400007c625b7cb8,id:-1,api:0,p:-1,c:966) onDestructor()
08-16 23:59:01.589 I/Layer   (  966): id=2613 Destroyed 4f3ee29 ActivityRecordInputSink com.google.android.gms/.signin.activity.SignInActivity#2613
08-16 23:59:01.589 I/BufferQueueDebug(  966): [4f3ee29 ActivityRecordInputSink com.google.android.gms/.signin.activity.SignInActivity#2613](this:0xb400007c62568cb8,id:-1,api:0,p:-1,c:966) onDestructor()
08-16 23:59:01.589 I/Layer   (  966): id=2666 Destroyed 714e546 ActivityRecordInputSink com.ballerbizoy.ballerai/com.google.android.gms.auth.api.signin.internal.SignInHubActivity#2666
08-16 23:59:01.589 I/BufferQueueDebug(  966): [714e546 ActivityRecordInputSink com.ballerbizoy.ballerai/com.google.android.gms.auth.api.signin.internal.SignInHubActivity#2666](this:0xb400007c60e48cb8,id:-1,api:0,p:-1,c:966) onDestructor()
08-16 23:59:01.589 I/Layer   (  966): id=2600 Destroyed f79711 ActivityRecordInputSink com.google.android.gms/.auth.api.signin.ui.SignInActivity#2600
08-16 23:59:01.589 I/BufferQueueDebug(  966): [f79711 ActivityRecordInputSink com.google.android.gms/.auth.api.signin.ui.SignInActivity#2600](this:0xb400007c625a4cb8,id:-1,api:0,p:-1,c:966) onDestructor()
08-16 23:59:01.589 I/Layer   (  966): id=2599 Destroyed a24a64c ActivityRecordInputSink com.ballerbizoy.ballerai/com.google.android.gms.auth.api.signin.internal.SignInHubActivity#2599
08-16 23:59:01.589 I/BufferQueueDebug(  966): [a24a64c ActivityRecordInputSink com.ballerbizoy.ballerai/com.google.android.gms.auth.api.signin.internal.SignInHubActivity#2599](this:0xb400007c6240fcb8,id:-1,api:0,p:-1,c:966) onDestructor()
08-16 23:59:01.590 I/Layer   (  966): id=2670 Destroyed ActivityRecord{1a99f30 u0 com.google.android.gms/.signin.activity.SignInActivity t271}#2670
08-16 23:59:01.590 I/BufferQueueDebug(  966): [ActivityRecord{1a99f30 u0 com.google.android.gms/.signin.activity.SignInActivity t271}#2670](this:0xb400007c60d89cb8,id:-1,api:0,p:-1,c:966) onDestructor()
08-16 23:59:01.590 I/Layer   (  966): id=2655 Destroyed ActivityRecord{9c35d21 u0 com.ballerbizoy.ballerai/com.google.android.gms.auth.api.signin.internal.SignInHubActivity t271}#2655
08-16 23:59:01.590 I/BufferQueueDebug(  966): [ActivityRecord{9c35d21 u0 com.ballerbizoy.ballerai/com.google.android.gms.auth.api.signin.internal.SignInHubActivity t271}#2655](this:0xb400007c60e07cb8,id:-1,api:0,p:-1,c:966) onDestructor()
08-16 23:59:01.590 I/Layer   (  966): id=2656 Destroyed ActivityRecord{1e98f59 u0 com.google.android.gms/.auth.api.signin.ui.SignInActivity t271}#2656
08-16 23:59:01.590 I/BufferQueueDebug(  966): [ActivityRecord{1e98f59 u0 com.google.android.gms/.auth.api.signin.ui.SignInActivity t271}#2656](this:0xb400007c60e1dcb8,id:-1,api:0,p:-1,c:966) onDestructor()
08-16 23:59:01.590 I/Layer   (  966): id=2737 Destroyed ActivityRecord{b4a6373 u0 com.google.android.gms/.signin.activity.SignInActivity t271}#2737
08-16 23:59:01.590 I/BufferQueueDebug(  966): [ActivityRecord{b4a6373 u0 com.google.android.gms/.signin.activity.SignInActivity t271}#2737](this:0xb400007c624a4cb8,id:-1,api:0,p:-1,c:966) onDestructor()
08-16 23:59:01.590 I/Layer   (  966): id=2587 Destroyed ActivityRecord{f1bdb38 u0 com.google.android.gms/.auth.api.signin.ui.SignInActivity t271}#2587
08-16 23:59:01.590 I/BufferQueueDebug(  966): [ActivityRecord{f1bdb38 u0 com.google.android.gms/.auth.api.signin.ui.SignInActivity t271}#2587](this:0xb400007c624ffcb8,id:-1,api:0,p:-1,c:966) onDestructor()
08-16 23:59:01.590 I/Layer   (  966): id=2723 Destroyed ActivityRecord{702c0cc u0 com.ballerbizoy.ballerai/com.google.android.gms.auth.api.signin.internal.SignInHubActivity t271}#2723
08-16 23:59:01.590 D/InsetsSourceProvider( 1501): updateControlForTarget: control=InsetsSourceControl: {3 mType=ime mSurfacePosition=Point(0, 80) mInsetsHint=Insets{left=0, top=0, right=0, bottom=1008}}, target=Window{b6f9a4a u0 com.google.android.gms/com.google.android.gms.signin.activity.SignInActivity}, from=com.android.server.wm.ImeInsetsSourceProvider.updateControlForTarget:17 com.android.server.wm.InsetsStateController.onControlTargetChanged:81 com.android.server.wm.DisplayContent.updateImeControlTarget:21 com.android.server.wm.DisplayContent.updateImeInputAndControlTarget:81 com.android.server.wm.WindowManagerService$LocalService.updateInputMethodTargetWindow:21 
08-16 23:59:01.590 I/BufferQueueDebug(  966): [ActivityRecord{702c0cc u0 com.ballerbizoy.ballerai/com.google.android.gms.auth.api.signin.internal.SignInHubActivity t271}#2723](this:0xb400007c62517cb8,id:-1,api:0,p:-1,c:966) onDestructor()
08-16 23:59:01.590 I/Layer   (  966): id=2724 Destroyed ActivityRecord{e865d64 u0 com.google.android.gms/.auth.api.signin.ui.SignInActivity t271}#2724
08-16 23:59:01.591 I/BufferQueueDebug(  966): [ActivityRecord{e865d64 u0 com.google.android.gms/.auth.api.signin.ui.SignInActivity t271}#2724](this:0xb400007c62521cb8,id:-1,api:0,p:-1,c:966) onDestructor()
08-16 23:59:01.591 I/Layer   (  966): id=2586 Destroyed ActivityRecord{681067f u0 com.ballerbizoy.ballerai/com.google.android.gms.auth.api.signin.internal.SignInHubActivity t271}#2586
08-16 23:59:01.591 I/BufferQueueDebug(  966): [ActivityRecord{681067f u0 com.ballerbizoy.ballerai/com.google.android.gms.auth.api.signin.internal.SignInHubActivity t271}#2586](this:0xb400007c62596cb8,id:-1,api:0,p:-1,c:966) onDestructor()
08-16 23:59:01.591 I/Layer   (  966): id=2604 Destroyed ActivityRecord{5f53fb0 u0 com.google.android.gms/.signin.activity.SignInActivity t271}#2604
08-16 23:59:01.591 I/BufferQueueDebug(  966): [ActivityRecord{5f53fb0 u0 com.google.android.gms/.signin.activity.SignInActivity t271}#2604](this:0xb400007c625a7cb8,id:-1,api:0,p:-1,c:966) onDestructor()
08-16 23:59:01.591 I/SurfaceFlinger(  966): onHandleDestroyed: name=Transition Root: ActivityRecord{cb03fa8 u0 com.google.android.gms/.signin.activity.SignInActivity t271}#3149, layerId=3149, parentId=0
08-16 23:59:01.591 I/SurfaceFlinger(  966): id=3149 Removed Transition Root: ActivityRecord{cb03fa8 u0 com.google.android.gms/.signin.activity.SignInActivity t271}#3149 (191)
08-16 23:59:01.599 I/Layer   (  966): id=3149 Destroyed Transition Root: ActivityRecord{cb03fa8 u0 com.google.android.gms/.signin.activity.SignInActivity t271}#3149
08-16 23:59:01.599 I/BufferQueueDebug(  966): [Transition Root: ActivityRecord{cb03fa8 u0 com.google.android.gms/.signin.activity.SignInActivity t271}#3149](this:0xb400007c626b9cb8,id:-1,api:0,p:-1,c:966) onDestructor()
08-16 23:59:01.599 I/InsetsSourceConsumer(11994): applyRequestedVisibilityToControl: visible=false, type=ime, host=com.google.android.gms/com.google.android.gms.signin.activity.SignInActivity
08-16 23:59:01.616 V/WindowManager( 1501): Collecting in transition 302: ActivityRecord{cb03fa8 u0 com.google.android.gms/.signin.activity.SignInActivity t271}, caller=com.android.server.wm.TransitionController.collect:7 com.android.server.wm.ActivityStarter.startActivityInner:1824 com.android.server.wm.ActivityStarter.startActivityUnchecked:639 com.android.server.wm.ActivityStarter.executeRequest:3397 com.android.server.wm.ActivityStarter.execute:1122 
08-16 23:59:01.617 D/WindowManager( 1501): prepareSync <SYNC_STATE_WAITING_FOR_DRAW>, mPrepareSyncSeqId=0, win=Window{b6f9a4a u0 com.google.android.gms/com.google.android.gms.signin.activity.SignInActivity}
08-16 23:59:01.621 D/ActivityTaskManager( 1501): scheduleTopResumedActivityChanged, onTop=false, r=ActivityRecord{cb03fa8 u0 com.google.android.gms/.signin.activity.SignInActivity t271}, caller=com.android.server.wm.ActivityTaskSupervisor.scheduleTopResumedActivityStateLossIfNeeded:11 com.android.server.wm.ActivityTaskSupervisor.updateTopResumedActivityIfNeeded:19 com.android.server.wm.TaskFragment.setResumedActivity:29 com.android.server.wm.ActivityRecord.setState:95 com.android.server.wm.TaskFragment.startPausing$1:210 com.android.server.wm.TaskFragment.resumeTopActivity:681 
08-16 23:59:01.629 D/WindowManager( 1501): Changing focus from Window{b6f9a4a u0 com.google.android.gms/com.google.android.gms.signin.activity.SignInActivity} to null displayId=0 Callers=com.android.server.wm.ActivityTaskManagerService.setLastResumedActivityUncheckLocked:264 com.android.server.wm.ActivityTaskSupervisor.updateTopResumedActivityIfNeeded:50 com.android.server.wm.TaskFragment.setResumedActivity:29 com.android.server.wm.ActivityRecord.setState:104 
08-16 23:59:01.657 D/InputDispatcher( 1501): Focus left window (0): b6f9a4a com.google.android.gms/com.google.android.gms.signin.activity.SignInActivity
08-16 23:59:01.700 V/WindowManager( 1501): Start calculating TransitionInfo based on participants: {ActivityRecord{511ebc6 u0 com.google.android.gms/.common.account.AccountPickerActivity t271}, ActivityRecord{cb03fa8 u0 com.google.android.gms/.signin.activity.SignInActivity t271}}
08-16 23:59:01.702 I/SurfaceControlRegistry( 1501): show, t=StartTransaction_SyncId<302> sc=ActivityRecord{cb03fa8 u0 com.google.android.gms/.signin.activity.SignInActivity t271}, caller=android.view.SurfaceControl$Transaction.show:3232 com.android.server.wm.Transition.onTransactionReady:2273 com.android.server.wm.BLASTSyncEngine$SyncGroup.finishNow:195 com.android.server.wm.BLASTSyncEngine.onSurfacePlacement:269 com.android.server.wm.RootWindowContainer.performSurfacePlacementNoTrace:459 com.android.server.wm.RootWindowContainer.performSurfacePlacement:9 
08-16 23:59:01.726 D/SurfaceFlinger(  966):        DEVICE |   0xb400007c6c0af240 | 0001 | RGBA_8888    |    0.0    0.0 1080.0 2340.0 |    0    0 1080 2340 | com.ballerbizoy.ballerai/com.google.[...]nternal.SignInHubActivity$_9856#3130 (1)
08-16 23:59:01.745 D/SurfaceFlinger(  966):        DEVICE |   0xb400007c6c0af240 | 0001 | RGBA_8888    |    0.0    0.0 1080.0 2340.0 |    0    0 1080 2340 | com.ballerbizoy.ballerai/com.google.[...]nternal.SignInHubActivity$_9856#3130 (1)
08-16 23:59:02.428 D/InputDispatcher( 1501): Focused application(0): ActivityRecord{cb03fa8 u0 com.google.android.gms/.signin.activity.SignInActivity t271}
08-16 23:59:02.428 D/WindowManager( 1501): Changing focus from Window{fac584c u0 com.google.android.gms/com.google.android.gms.common.account.AccountPickerActivity} to Window{b6f9a4a u0 com.google.android.gms/com.google.android.gms.signin.activity.SignInActivity} displayId=0 Callers=com.android.server.wm.ActivityTaskManagerService.setLastResumedActivityUncheckLocked:264 com.android.server.wm.ActivityTaskSupervisor.updateTopResumedActivityIfNeeded:50 com.android.server.wm.TaskFragment.setResumedActivity:29 com.android.server.wm.ActivityRecord.setState:104 
08-16 23:59:02.430 D/InsetsSourceProvider( 1501): updateControlForTarget: control=InsetsSourceControl: {5fa10001 mType=navigationBars initiallyVisible mSurfacePosition=Point(0, 2205) mInsetsHint=Insets{left=0, top=0, right=0, bottom=135}}, target=Window{b6f9a4a u0 com.google.android.gms/com.google.android.gms.signin.activity.SignInActivity}, from=com.android.server.wm.InsetsStateController.onControlTargetChanged:81 com.android.server.wm.InsetsPolicy.updateBarControlTarget:176 com.android.server.wm.DisplayPolicy.updateSystemBarAttributes:281 com.android.server.wm.WindowManagerService.updateFocusedWindowLocked:375 com.android.server.wm.ActivityTaskManagerService.setLastResumedActivityUncheckLocked:264 
08-16 23:59:02.433 D/InsetsSourceProvider( 1501): updateControlForTarget: control=InsetsSourceControl: {566a0000 mType=statusBars initiallyVisible mSurfacePosition=Point(0, 0) mInsetsHint=Insets{left=0, top=80, right=0, bottom=0}}, target=Window{b6f9a4a u0 com.google.android.gms/com.google.android.gms.signin.activity.SignInActivity}, from=com.android.server.wm.InsetsStateController.onControlTargetChanged:81 com.android.server.wm.InsetsPolicy.updateBarControlTarget:163 com.android.server.wm.DisplayPolicy.updateSystemBarAttributes:281 com.android.server.wm.WindowManagerService.updateFocusedWindowLocked:375 com.android.server.wm.ActivityTaskManagerService.setLastResumedActivityUncheckLocked:264 
08-16 23:59:02.434 V/SystemKeyManager( 1501): updateFocusedWindow() is called, com.google.android.gms/com.google.android.gms.signin.activity.SignInActivity
08-16 23:59:02.434 D/ActivityTaskManager( 1501): scheduleTopResumedActivityChanged, onTop=true, r=ActivityRecord{cb03fa8 u0 com.google.android.gms/.signin.activity.SignInActivity t271}, caller=com.android.server.wm.ActivityTaskSupervisor.updateTopResumedActivityIfNeeded:62 com.android.server.wm.TaskFragment.setResumedActivity:29 com.android.server.wm.ActivityRecord.setState:104 com.android.server.wm.TaskFragment.resumeTopActivity:1800 com.android.server.wm.Task.resumeTopActivityInnerLocked:98 com.android.server.wm.Task.resumeTopActivityUncheckedLocked:23 
08-16 23:59:02.448 I/InsetsSourceConsumer(11994): applyRequestedVisibilityToControl: visible=true, type=navigationBars, host=com.google.android.gms/com.google.android.gms.signin.activity.SignInActivity
08-16 23:59:02.448 I/InsetsSourceConsumer(11994): applyRequestedVisibilityToControl: visible=true, type=statusBars, host=com.google.android.gms/com.google.android.gms.signin.activity.SignInActivity
08-16 23:59:02.452 D/SurfaceComposerClient( 1501): Transaction::apply InputWindowCommands.focusRequests timestamp=8599964691281, windowName=b6f9a4a com.google.android.gms/com.google.android.gms.signin.activity.SignInActivity
08-16 23:59:02.464 D/SurfaceFlinger(  966): Focus addInputWindowCommands timestamp=8599964691281, windowName=b6f9a4a com.google.android.gms/com.google.android.gms.signin.activity.SignInActivity
08-16 23:59:02.467 D/WindowManager( 1501): updateSystemBarAttributes: displayId=0, focusedCanBeNavColorWin=false, win=Window{b6f9a4a u0 com.google.android.gms/com.google.android.gms.signin.activity.SignInActivity}, navColorWin=Window{63901fd u0 com.google.android.gms/com.google.android.gms.common.api.GoogleApiActivity}, caller=com.android.server.wm.DisplayPolicy.finishPostLayoutPolicyLw:17 com.android.server.wm.RootWindowContainer.applySurfaceChangesTransaction$1:194 com.android.server.wm.RootWindowContainer.performSurfacePlacementNoTrace:59 
08-16 23:59:02.468 D/SurfaceFlinger(  966):        DEVICE |   0xb400007c6c0af240 | 0001 | RGBA_8888    |    0.0    0.0 1080.0 2340.0 |    0    0 1080 2340 | com.ballerbizoy.ballerai/com.google.[...]nternal.SignInHubActivity$_9856#3130 (1)
08-16 23:59:02.469 D/SurfaceFlinger(  966): updateWinowInfo=1, setFocusedWindow timestamp=8599964691281, windowName=b6f9a4a com.google.android.gms/com.google.android.gms.signin.activity.SignInActivity
08-16 23:59:02.470 D/InputDispatcher( 1501): Once focus requested (0): b6f9a4a com.google.android.gms/com.google.android.gms.signin.activity.SignInActivity
08-16 23:59:02.470 D/InputDispatcher( 1501): Focus entered window (0): b6f9a4a com.google.android.gms/com.google.android.gms.signin.activity.SignInActivity
08-16 23:59:02.486 D/VRI[SignInActivity]@4ec421e(11994): mThreadedRenderer.initializeIfNeeded()#2 mSurface={isValid=true 0xb400007a9d25a800}
08-16 23:59:02.497 D/InsetsSourceProvider( 1501): updateControlForTarget: control=InsetsSourceControl: {3 mType=ime mSurfacePosition=Point(0, 80) mInsetsHint=Insets{left=0, top=0, right=0, bottom=1008}}, target=Window{b6f9a4a u0 com.google.android.gms/com.google.android.gms.signin.activity.SignInActivity}, from=com.android.server.wm.ImeInsetsSourceProvider.updateControlForTarget:17 com.android.server.wm.InsetsStateController.onControlTargetChanged:81 com.android.server.wm.DisplayContent.updateImeControlTarget:21 com.android.server.wm.DisplayContent.updateImeInputAndControlTarget:81 com.android.server.wm.WindowManagerService$LocalService.updateInputMethodTargetWindow:21 
08-16 23:59:02.501 I/InsetsSourceConsumer(11994): applyRequestedVisibilityToControl: visible=false, type=ime, host=com.google.android.gms/com.google.android.gms.signin.activity.SignInActivity
08-16 23:59:02.536 V/WindowManager( 1501): Collecting in transition 304: ActivityRecord{cb03fa8 u0 com.google.android.gms/.signin.activity.SignInActivity t271 f}}, caller=com.android.server.wm.Transition.collectExistenceChange:42 com.android.server.wm.Transition.collectClose:7 com.android.server.wm.ActivityRecord.finishIfPossible:41 com.android.server.wm.ActivityClientController.finishActivity:225 android.app.IActivityClientController$Stub.onTransact:822 
08-16 23:59:02.536 D/WindowManager( 1501): prepareSync <SYNC_STATE_WAITING_FOR_DRAW>, mPrepareSyncSeqId=0, win=Window{b6f9a4a u0 com.google.android.gms/com.google.android.gms.signin.activity.SignInActivity}
08-16 23:59:02.536 V/WindowManager( 1501): Collecting in transition 304: ActivityRecord{cb03fa8 u0 com.google.android.gms/.signin.activity.SignInActivity t271 f}}, caller=com.android.server.wm.TransitionController.collect:7 com.android.server.wm.ActivityRecord.setVisibility:189 com.android.server.wm.ActivityRecord.finishIfPossible:82 com.android.server.wm.ActivityClientController.finishActivity:225 android.app.IActivityClientController$Stub.onTransact:822 
08-16 23:59:02.536 D/ActivityTaskManager( 1501): scheduleTopResumedActivityChanged, onTop=false, r=ActivityRecord{cb03fa8 u0 com.google.android.gms/.signin.activity.SignInActivity t271 f}}, caller=com.android.server.wm.ActivityTaskSupervisor.scheduleTopResumedActivityStateLossIfNeeded:11 com.android.server.wm.ActivityTaskSupervisor.updateTopResumedActivityIfNeeded:19 com.android.server.wm.TaskFragment.setResumedActivity:29 com.android.server.wm.ActivityRecord.setState:95 com.android.server.wm.TaskFragment.startPausing$1:210 com.android.server.wm.ActivityRecord.finishIfPossible:89 
08-16 23:59:02.542 D/WindowManager( 1501): Changing focus from Window{b6f9a4a u0 com.google.android.gms/com.google.android.gms.signin.activity.SignInActivity} to Window{63901fd u0 com.google.android.gms/com.google.android.gms.common.api.GoogleApiActivity} displayId=0 Callers=com.android.server.wm.ActivityTaskManagerService.setLastResumedActivityUncheckLocked:264 com.android.server.wm.ActivityTaskSupervisor.updateTopResumedActivityIfNeeded:50 com.android.server.wm.TaskFragment.setResumedActivity:29 com.android.server.wm.ActivityRecord.setState:104 
08-16 23:59:02.551 V/WindowManager( 1501): Start calculating TransitionInfo based on participants: {ActivityRecord{cb03fa8 u0 com.google.android.gms/.signin.activity.SignInActivity t271 f}}}
08-16 23:59:02.551 V/WindowManager( 1501):   Final targets: [ActivityRecord{cb03fa8 u0 com.google.android.gms/.signin.activity.SignInActivity t271 f}}]
08-16 23:59:02.553 I/BufferQueueDebug(  966): [Transition Root: ActivityRecord{cb03fa8 u0 com.google.android.gms/.signin.activity.SignInActivity t271 f}}#3172](this:0xb400007c625d7cb8,id:-1,api:0,p:-1,c:-1) BufferQueue core=(966:/system/bin/surfaceflinger)
08-16 23:59:02.553 I/SurfaceFlinger(  966): id=3172 createSurf, flag=84004, Transition Root: ActivityRecord{cb03fa8 u0 com.google.android.gms/.signin.activity.SignInActivity t271 f}}#3172
08-16 23:59:02.554 V/WindowManager( 1501):         {null m=CLOSE f=TRANSLUCENT|FILLS_TASK|IS_ACTIVITY|EDGE_EXTENSION_RESTRICTION leash=Surface(name=ActivityRecord{cb03fa8 u0 com.google.android.gms/.signin.activity.SignInActivity t271})/@0x5334f0 sb=Rect(0, 0 - 1080, 2340) eb=Rect(0, 0 - 1080, 2340) d=0 bc=fffafafa component=com.google.android.gms/.signin.activity.SignInActivity inset=Rect(0, 0 - 0, 0) taskIdForActivity=271}
08-16 23:59:02.557 V/WindowManager( 1501):         {null m=CLOSE f=TRANSLUCENT|FILLS_TASK|IS_ACTIVITY|EDGE_EXTENSION_RESTRICTION leash=Surface(name=ActivityRecord{cb03fa8 u0 com.google.android.gms/.signin.activity.SignInActivity t271})/@0x5334f0 sb=Rect(0, 0 - 1080, 2340) eb=Rect(0, 0 - 1080, 2340) d=0 bc=fffafafa component=com.google.android.gms/.signin.activity.SignInActivity inset=Rect(0, 0 - 0, 0) taskIdForActivity=271}
08-16 23:59:02.569 D/InputDispatcher( 1501): Focus left window (0): b6f9a4a com.google.android.gms/com.google.android.gms.signin.activity.SignInActivity
08-16 23:59:02.572 D/InputDispatcher( 1501): Focused application(0): ActivityRecord{d8c7d48 u0 com.google.android.gms/.auth.api.signin.ui.SignInActivity t271}
08-16 23:59:02.573 V/WindowManagerShell( 2044): onTransitionReady (#304) android.os.BinderProxy@4a93a2d: {id=304 t=CLOSE f=0x0 trk=0 r=[0@Point(0, 0)] c=[{null m=CLOSE f=TRANSLUCENT|FILLS_TASK|IS_ACTIVITY|EDGE_EXTENSION_RESTRICTION leash=Surface(name=ActivityRecord{cb03fa8 u0 com.google.android.gms/.signin.activity.SignInActivity t271})/@0x795ab62 sb=Rect(0, 0 - 1080, 2340) eb=Rect(0, 0 - 1080, 2340) d=0 bc=fffafafa component=com.google.android.gms/.signin.activity.SignInActivity inset=Rect(0, 0 - 0, 0) taskIdForActivity=271}]}
08-16 23:59:02.573 D/WindowManager( 1501): Changing focus from Window{63901fd u0 com.google.android.gms/com.google.android.gms.common.api.GoogleApiActivity} to Window{2e9f2de u0 com.google.android.gms/com.google.android.gms.auth.api.signin.ui.SignInActivity} displayId=0 Callers=com.android.server.wm.ActivityTaskManagerService.setLastResumedActivityUncheckLocked:264 com.android.server.wm.ActivityTaskSupervisor.updateTopResumedActivityIfNeeded:50 com.android.server.wm.TaskFragment.setResumedActivity:29 com.android.server.wm.ActivityRecord.setState:104 
08-16 23:59:02.573 I/SurfaceControlRegistry( 2044): hide, t=FinishTransaction_SyncId<304> sc=ActivityRecord{cb03fa8 u0 com.google.android.gms/.signin.activity.SignInActivity t271}, caller=android.view.SurfaceControl$Transaction.hide:3258 com.android.wm.shell.transition.Transitions.dispatchReady:929 com.android.wm.shell.transition.Transitions.onTransitionReady:244 com.android.wm.shell.transition.Transitions$TransitionPlayerImpl$$ExternalSyntheticLambda0.run:13 android.os.Handler.handleCallback:959 android.os.Handler.dispatchMessage:100 
08-16 23:59:02.573 I/SurfaceControlRegistry( 2044): show, t=StartTransaction_SyncId<304> sc=Transition Root: ActivityRecord{cb03fa8 u0 com.google.android.gms/.signin.activity.SignInActivity t271 f}}, caller=android.view.SurfaceControl$Transaction.show:3232 com.android.wm.shell.transition.Transitions.playTransition:81 com.android.wm.shell.transition.Transitions.processReadyQueue:250 com.android.wm.shell.transition.Transitions.dispatchReady:1007 com.android.wm.shell.transition.Transitions.onTransitionReady:244 com.android.wm.shell.transition.Transitions$TransitionPlayerImpl$$ExternalSyntheticLambda0.run:13 
08-16 23:59:02.574 V/WindowManagerShell( 2044): Transition doesn't have explicit remote, search filters for match for {id=304 t=CLOSE f=0x0 trk=0 r=[0@Point(0, 0)] c=[{null m=CLOSE f=TRANSLUCENT|FILLS_TASK|IS_ACTIVITY|EDGE_EXTENSION_RESTRICTION leash=Surface(name=ActivityRecord{cb03fa8 u0 com.google.android.gms/.signin.activity.SignInActivity t271})/@0x795ab62 sb=Rect(0, 0 - 1080, 2340) eb=Rect(0, 0 - 1080, 2340) d=0 bc=fffafafa component=com.google.android.gms/.signin.activity.SignInActivity inset=Rect(0, 0 - 0, 0) taskIdForActivity=271}]}
08-16 23:59:02.575 V/WindowManagerShell( 2044): start default transition animation, info = {id=304 t=CLOSE f=0x0 trk=0 r=[0@Point(0, 0)] c=[{null m=CLOSE f=TRANSLUCENT|FILLS_TASK|IS_ACTIVITY|EDGE_EXTENSION_RESTRICTION leash=Surface(name=ActivityRecord{cb03fa8 u0 com.google.android.gms/.signin.activity.SignInActivity t271})/@0x795ab62 sb=Rect(0, 0 - 1080, 2340) eb=Rect(0, 0 - 1080, 2340) d=0 bc=fffafafa component=com.google.android.gms/.signin.activity.SignInActivity inset=Rect(0, 0 - 0, 0) taskIdForActivity=271}]}
08-16 23:59:02.575 V/WindowManagerShell( 2044):    change={null m=CLOSE f=TRANSLUCENT|FILLS_TASK|IS_ACTIVITY|EDGE_EXTENSION_RESTRICTION leash=Surface(name=ActivityRecord{cb03fa8 u0 com.google.android.gms/.signin.activity.SignInActivity t271})/@0x795ab62 sb=Rect(0, 0 - 1080, 2340) eb=Rect(0, 0 - 1080, 2340) d=0 bc=fffafafa component=com.google.android.gms/.signin.activity.SignInActivity inset=Rect(0, 0 - 0, 0) taskIdForActivity=271}
08-16 23:59:02.576 D/InsetsSourceProvider( 1501): updateControlForTarget: control=InsetsSourceControl: {5fa10001 mType=navigationBars initiallyVisible mSurfacePosition=Point(0, 2205) mInsetsHint=Insets{left=0, top=0, right=0, bottom=135}}, target=Window{2e9f2de u0 com.google.android.gms/com.google.android.gms.auth.api.signin.ui.SignInActivity}, from=com.android.server.wm.InsetsStateController.onControlTargetChanged:81 com.android.server.wm.InsetsPolicy.updateBarControlTarget:176 com.android.server.wm.DisplayPolicy.updateSystemBarAttributes:281 com.android.server.wm.WindowManagerService.updateFocusedWindowLocked:375 com.android.server.wm.ActivityTaskManagerService.setLastResumedActivityUncheckLocked:264 
08-16 23:59:02.578 D/InsetsSourceProvider( 1501): updateControlForTarget: control=InsetsSourceControl: {566a0000 mType=statusBars initiallyVisible mSurfacePosition=Point(0, 0) mInsetsHint=Insets{left=0, top=80, right=0, bottom=0}}, target=Window{2e9f2de u0 com.google.android.gms/com.google.android.gms.auth.api.signin.ui.SignInActivity}, from=com.android.server.wm.InsetsStateController.onControlTargetChanged:81 com.android.server.wm.InsetsPolicy.updateBarControlTarget:163 com.android.server.wm.DisplayPolicy.updateSystemBarAttributes:281 com.android.server.wm.WindowManagerService.updateFocusedWindowLocked:375 com.android.server.wm.ActivityTaskManagerService.setLastResumedActivityUncheckLocked:264 
08-16 23:59:02.578 V/SystemKeyManager( 1501): updateFocusedWindow() is called, com.google.android.gms/com.google.android.gms.auth.api.signin.ui.SignInActivity
08-16 23:59:02.578 D/ActivityTaskManager( 1501): scheduleTopResumedActivityChanged, onTop=true, r=ActivityRecord{d8c7d48 u0 com.google.android.gms/.auth.api.signin.ui.SignInActivity t271}, caller=com.android.server.wm.ActivityTaskSupervisor.updateTopResumedActivityIfNeeded:62 com.android.server.wm.TaskFragment.setResumedActivity:29 com.android.server.wm.ActivityRecord.setState:104 com.android.server.wm.TaskFragment.resumeTopActivity:1800 com.android.server.wm.Task.resumeTopActivityInnerLocked:98 com.android.server.wm.Task.resumeTopActivityUncheckedLocked:23 
08-16 23:59:02.585 V/WindowManager( 1501): Setting visibility of Window{b6f9a4a u0 com.google.android.gms/com.google.android.gms.signin.activity.SignInActivity}: false, caller=com.android.server.wm.WindowContainer.sendAppVisibilityToClients:19 com.android.server.wm.WindowToken.setClientVisible:49 com.android.server.wm.ActivityRecord.setClientVisible:8 com.android.server.wm.ActivityRecord.commitVisibility:273 com.android.server.wm.TransitionController.finishTransition:766 
08-16 23:59:02.588 D/SurfaceComposerClient( 1501): Transaction::apply InputWindowCommands.focusRequests timestamp=8600103830127, windowName=2e9f2de com.google.android.gms/com.google.android.gms.auth.api.signin.ui.SignInActivity
08-16 23:59:02.589 V/WindowManager( 1501): Collecting in transition 305: ActivityRecord{d8c7d48 u0 com.google.android.gms/.auth.api.signin.ui.SignInActivity t271 f}}, caller=com.android.server.wm.Transition.collectExistenceChange:42 com.android.server.wm.Transition.collectClose:7 com.android.server.wm.ActivityRecord.finishIfPossible:43 com.android.server.wm.ActivityClientController.finishActivity:225 android.app.IActivityClientController$Stub.onTransact:822 
08-16 23:59:02.590 D/WindowManager( 1501): prepareSync <SYNC_STATE_WAITING_FOR_DRAW>, mPrepareSyncSeqId=0, win=Window{2e9f2de u0 com.google.android.gms/com.google.android.gms.auth.api.signin.ui.SignInActivity}
08-16 23:59:02.590 V/WindowManager( 1501): Collecting in transition 305: ActivityRecord{d8c7d48 u0 com.google.android.gms/.auth.api.signin.ui.SignInActivity t271 f}}, caller=com.android.server.wm.TransitionController.collect:7 com.android.server.wm.ActivityRecord.setVisibility:189 com.android.server.wm.ActivityRecord.finishIfPossible:82 com.android.server.wm.ActivityClientController.finishActivity:225 android.app.IActivityClientController$Stub.onTransact:822 
08-16 23:59:02.591 D/ActivityTaskManager( 1501): scheduleTopResumedActivityChanged, onTop=false, r=ActivityRecord{d8c7d48 u0 com.google.android.gms/.auth.api.signin.ui.SignInActivity t271 f}}, caller=com.android.server.wm.ActivityTaskSupervisor.scheduleTopResumedActivityStateLossIfNeeded:11 com.android.server.wm.ActivityTaskSupervisor.updateTopResumedActivityIfNeeded:19 com.android.server.wm.TaskFragment.setResumedActivity:29 com.android.server.wm.ActivityRecord.setState:95 com.android.server.wm.TaskFragment.startPausing$1:210 com.android.server.wm.ActivityRecord.finishIfPossible:89 
08-16 23:59:02.595 I/InsetsSourceConsumer(11994): applyRequestedVisibilityToControl: visible=true, type=navigationBars, host=com.google.android.gms/com.google.android.gms.auth.api.signin.ui.SignInActivity
08-16 23:59:02.595 I/InsetsSourceConsumer(11994): applyRequestedVisibilityToControl: visible=true, type=statusBars, host=com.google.android.gms/com.google.android.gms.auth.api.signin.ui.SignInActivity
08-16 23:59:02.596 I/VRI[SignInActivity]@4ec421e(11994): handleAppVisibility mAppVisible = true visible = false
08-16 23:59:02.596 D/VRI[SignInActivity]@4ec421e(11994): visibilityChanged oldVisibility=true newVisibility=false
08-16 23:59:02.596 I/SurfaceFlinger(  966): onHandleDestroyed: name=Transition Root: ActivityRecord{cb03fa8 u0 com.google.android.gms/.signin.activity.SignInActivity t271 f}}#3172, layerId=3172, parentId=0
08-16 23:59:02.597 I/SurfaceFlinger(  966): id=3172 Removed Transition Root: ActivityRecord{cb03fa8 u0 com.google.android.gms/.signin.activity.SignInActivity t271 f}}#3172 (195)
08-16 23:59:02.598 D/SurfaceFlinger(  966): Focus addInputWindowCommands timestamp=8600103830127, windowName=2e9f2de com.google.android.gms/com.google.android.gms.auth.api.signin.ui.SignInActivity
08-16 23:59:02.601 D/InputDispatcher( 1501): Focused application(0): ActivityRecord{ab541cf u0 com.ballerbizoy.ballerai/com.google.android.gms.auth.api.signin.internal.SignInHubActivity t271}
08-16 23:59:02.601 D/SurfaceFlinger(  966): updateWinowInfo=1, setFocusedWindow timestamp=8600103830127, windowName=2e9f2de com.google.android.gms/com.google.android.gms.auth.api.signin.ui.SignInActivity
08-16 23:59:02.602 D/InputDispatcher( 1501): Once focus requested (0): 2e9f2de com.google.android.gms/com.google.android.gms.auth.api.signin.ui.SignInActivity
08-16 23:59:02.602 D/InputDispatcher( 1501): Focus entered window (0): 2e9f2de com.google.android.gms/com.google.android.gms.auth.api.signin.ui.SignInActivity
08-16 23:59:02.602 D/WindowManager( 1501): Changing focus from Window{2e9f2de u0 com.google.android.gms/com.google.android.gms.auth.api.signin.ui.SignInActivity} to Window{da8b11d u0 com.ballerbizoy.ballerai/com.google.android.gms.auth.api.signin.internal.SignInHubActivity} displayId=0 Callers=com.android.server.wm.ActivityTaskManagerService.setLastResumedActivityUncheckLocked:264 com.android.server.wm.ActivityTaskSupervisor.updateTopResumedActivityIfNeeded:50 com.android.server.wm.TaskFragment.setResumedActivity:29 com.android.server.wm.ActivityRecord.setState:104 
08-16 23:59:02.604 D/InsetsSourceProvider( 1501): updateControlForTarget: control=InsetsSourceControl: {5fa10001 mType=navigationBars initiallyVisible mSurfacePosition=Point(0, 2205) mInsetsHint=Insets{left=0, top=0, right=0, bottom=135}}, target=Window{da8b11d u0 com.ballerbizoy.ballerai/com.google.android.gms.auth.api.signin.internal.SignInHubActivity}, from=com.android.server.wm.InsetsStateController.onControlTargetChanged:81 com.android.server.wm.InsetsPolicy.updateBarControlTarget:176 com.android.server.wm.DisplayPolicy.updateSystemBarAttributes:281 com.android.server.wm.WindowManagerService.updateFocusedWindowLocked:375 com.android.server.wm.ActivityTaskManagerService.setLastResumedActivityUncheckLocked:264 
08-16 23:59:02.606 D/InsetsSourceProvider( 1501): updateControlForTarget: control=InsetsSourceControl: {566a0000 mType=statusBars initiallyVisible mSurfacePosition=Point(0, 0) mInsetsHint=Insets{left=0, top=80, right=0, bottom=0}}, target=Window{da8b11d u0 com.ballerbizoy.ballerai/com.google.android.gms.auth.api.signin.internal.SignInHubActivity}, from=com.android.server.wm.InsetsStateController.onControlTargetChanged:81 com.android.server.wm.InsetsPolicy.updateBarControlTarget:163 com.android.server.wm.DisplayPolicy.updateSystemBarAttributes:281 com.android.server.wm.WindowManagerService.updateFocusedWindowLocked:375 com.android.server.wm.ActivityTaskManagerService.setLastResumedActivityUncheckLocked:264 
08-16 23:59:02.607 D/WindowManager( 1501): updateSystemBarAttributes: displayId=0, focusedCanBeNavColorWin=false, win=Window{da8b11d u0 com.ballerbizoy.ballerai/com.google.android.gms.auth.api.signin.internal.SignInHubActivity}, navColorWin=Window{63901fd u0 com.google.android.gms/com.google.android.gms.common.api.GoogleApiActivity}, caller=com.android.server.wm.WindowManagerService.updateFocusedWindowLocked:375 com.android.server.wm.ActivityTaskManagerService.setLastResumedActivityUncheckLocked:264 com.android.server.wm.ActivityTaskSupervisor.updateTopResumedActivityIfNeeded:50 
08-16 23:59:02.608 V/SystemKeyManager( 1501): updateFocusedWindow() is called, com.ballerbizoy.ballerai/com.google.android.gms.auth.api.signin.internal.SignInHubActivity
08-16 23:59:02.608 I/Layer   (  966): id=3172 Destroyed Transition Root: ActivityRecord{cb03fa8 u0 com.google.android.gms/.signin.activity.SignInActivity t271 f}}#3172
08-16 23:59:02.608 I/BufferQueueDebug(  966): [Transition Root: ActivityRecord{cb03fa8 u0 com.google.android.gms/.signin.activity.SignInActivity t271 f}}#3172](this:0xb400007c625d7cb8,id:-1,api:0,p:-1,c:966) onDestructor()
08-16 23:59:02.608 D/ActivityTaskManager( 1501): scheduleTopResumedActivityChanged, onTop=true, r=ActivityRecord{ab541cf u0 com.ballerbizoy.ballerai/com.google.android.gms.auth.api.signin.internal.SignInHubActivity t271}, caller=com.android.server.wm.ActivityTaskSupervisor.updateTopResumedActivityIfNeeded:62 com.android.server.wm.TaskFragment.setResumedActivity:29 com.android.server.wm.ActivityRecord.setState:104 com.android.server.wm.TaskFragment.resumeTopActivity:1800 com.android.server.wm.Task.resumeTopActivityInnerLocked:98 com.android.server.wm.Task.resumeTopActivityUncheckedLocked:23 
08-16 23:59:02.610 D/InputDispatcher( 1501): Focus left window (0): 2e9f2de com.google.android.gms/com.google.android.gms.auth.api.signin.ui.SignInActivity
08-16 23:59:02.613 V/WindowManager( 1501): Start calculating TransitionInfo based on participants: {ActivityRecord{837e142 u0 com.google.android.gms/.common.api.GoogleApiActivity t271 f}}, ActivityRecord{d8c7d48 u0 com.google.android.gms/.auth.api.signin.ui.SignInActivity t271 f}}}
08-16 23:59:02.613 V/WindowManager( 1501):   Final targets: [ActivityRecord{837e142 u0 com.google.android.gms/.common.api.GoogleApiActivity t271 f}}, ActivityRecord{d8c7d48 u0 com.google.android.gms/.auth.api.signin.ui.SignInActivity t271 f}}]
08-16 23:59:02.615 V/WindowManager( 1501):         {null m=CLOSE f=TRANSLUCENT|FILLS_TASK|IS_ACTIVITY|EDGE_EXTENSION_RESTRICTION leash=Surface(name=ActivityRecord{d8c7d48 u0 com.google.android.gms/.auth.api.signin.ui.SignInActivity t271})/@0x37b7fb6 sb=Rect(0, 0 - 1080, 2340) eb=Rect(0, 0 - 1080, 2340) d=0 bc=fffafafa component=com.google.android.gms/.auth.api.signin.ui.SignInActivity inset=Rect(0, 0 - 0, 0) taskIdForActivity=271}
08-16 23:59:02.617 V/WindowManager( 1501):         {null m=CLOSE f=TRANSLUCENT|FILLS_TASK|IS_ACTIVITY|EDGE_EXTENSION_RESTRICTION leash=Surface(name=ActivityRecord{d8c7d48 u0 com.google.android.gms/.auth.api.signin.ui.SignInActivity t271})/@0x37b7fb6 sb=Rect(0, 0 - 1080, 2340) eb=Rect(0, 0 - 1080, 2340) d=0 bc=fffafafa component=com.google.android.gms/.auth.api.signin.ui.SignInActivity inset=Rect(0, 0 - 0, 0) taskIdForActivity=271}
08-16 23:59:02.617 V/WindowManager( 1501): Relayout Window{b6f9a4a u0 com.google.android.gms/com.google.android.gms.signin.activity.SignInActivity}: viewVisibility=8 req=0x0 ty=1 d0
08-16 23:59:02.617 V/WindowManagerShell( 2044): onTransitionReady (#305) android.os.BinderProxy@c8c4c29: {id=305 t=CLOSE f=0x0 trk=1 opt={t=FROM_STYLE} r=[0@Point(0, 0)] c=[{null m=CLOSE f=TRANSLUCENT|FILLS_TASK|IS_ACTIVITY|EDGE_EXTENSION_RESTRICTION leash=Surface(name=ActivityRecord{837e142 u0 com.google.android.gms/.common.api.GoogleApiActivity t271})/@0x7a71bae sb=Rect(0, 0 - 1080, 2340) eb=Rect(0, 0 - 1080, 2340) d=0 bc=fffafafa component=com.google.android.gms/.common.api.GoogleApiActivity inset=Rect(0, 0 - 0, 0) taskIdForActivity=271},{null m=CLOSE f=TRANSLUCENT|FILLS_TASK|IS_ACTIVITY|EDGE_EXTENSION_RESTRICTION leash=Surface(name=ActivityRecord{d8c7d48 u0 com.google.android.gms/.auth.api.signin.ui.SignInActivity t271})/@0x329fd4f sb=Rect(0, 0 - 1080, 2340) eb=Rect(0, 0 - 1080, 2340) d=0 bc=fffafafa component=com.google.android.gms/.auth.api.signin.ui.SignInActivity inset=Rect(0, 0 - 0, 0) taskIdForActivity=271}]}
08-16 23:59:02.618 I/SurfaceControlRegistry( 2044): hide, t=FinishTransaction_SyncId<305> sc=ActivityRecord{d8c7d48 u0 com.google.android.gms/.auth.api.signin.ui.SignInActivity t271}, caller=android.view.SurfaceControl$Transaction.hide:3258 com.android.wm.shell.transition.Transitions.dispatchReady:929 com.android.wm.shell.transition.Transitions.onTransitionReady:244 com.android.wm.shell.transition.Transitions$TransitionPlayerImpl$$ExternalSyntheticLambda0.run:13 android.os.Handler.handleCallback:959 android.os.Handler.dispatchMessage:100 
08-16 23:59:02.619 I/BLASTBufferQueue(11994): [VRI[SignInActivity]@4ec421e#42](f:0,a:0,s:0) destructor()
08-16 23:59:02.619 D/BufferQueueConsumer(11994): [VRI[SignInActivity]@4ec421e#42(BLAST Consumer)42](id:2eda0000002a,api:0,p:-1,c:11994) disconnect
08-16 23:59:02.619 V/WindowManagerShell( 2044): Transition doesn't have explicit remote, search filters for match for {id=305 t=CLOSE f=0x0 trk=1 opt={t=FROM_STYLE} r=[0@Point(0, 0)] c=[{null m=CLOSE f=TRANSLUCENT|FILLS_TASK|IS_ACTIVITY|EDGE_EXTENSION_RESTRICTION leash=Surface(name=ActivityRecord{837e142 u0 com.google.android.gms/.common.api.GoogleApiActivity t271})/@0x7a71bae sb=Rect(0, 0 - 1080, 2340) eb=Rect(0, 0 - 1080, 2340) d=0 bc=fffafafa component=com.google.android.gms/.common.api.GoogleApiActivity inset=Rect(0, 0 - 0, 0) taskIdForActivity=271},{null m=CLOSE f=TRANSLUCENT|FILLS_TASK|IS_ACTIVITY|EDGE_EXTENSION_RESTRICTION leash=Surface(name=ActivityRecord{d8c7d48 u0 com.google.android.gms/.auth.api.signin.ui.SignInActivity t271})/@0x329fd4f sb=Rect(0, 0 - 1080, 2340) eb=Rect(0, 0 - 1080, 2340) d=0 bc=fffafafa component=com.google.android.gms/.auth.api.signin.ui.SignInActivity inset=Rect(0, 0 - 0, 0) taskIdForActivity=271}]}
