08-17 00:02:05.546 D/ActivityTaskManager( 1501): TaskLaunchParamsModifier:task=Task{4b9e83d #271 type=standard A=10123:com.ballerbizoy.ballerai} activity=ActivityRecord{8347167 u0 com.google.android.gms/.signin.activity.SignInActivity t-1} display-area-from-source=DefaultTaskDisplayArea_d0@100244576 display-id=0 task-display-area-windowing-mode=1 suggested-display-area=DefaultTaskDisplayArea_d0@100244576 inherit-from-source=fullscreen non-freeform-task-display-area display-area=DefaultTaskDisplayArea_d0@100244576 activity-requested-portrait freeform-size-mismatch=Rect(81, 557 - 999, 1727)
08-17 00:02:05.550 I/BufferQueueDebug(  966): [ActivityRecord{8347167 u0 com.google.android.gms/.signin.activity.SignInActivity t271}#3210](this:0xb400007c60ceecb8,id:-1,api:0,p:-1,c:-1) BufferQueue core=(966:/system/bin/surfaceflinger)
08-17 00:02:05.550 I/SurfaceFlinger(  966): id=3210 createSurf, flag=84004, ActivityRecord{8347167 u0 com.google.android.gms/.signin.activity.SignInActivity t271}#3210
08-17 00:02:05.551 D/InputDispatcher( 1501): Focus left window (0): 8d0118f com.google.android.gms/com.google.android.gms.auth.api.signin.ui.SignInActivity
08-17 00:02:05.552 V/WindowManager( 1501): Collecting in transition 308: ActivityRecord{8347167 u0 com.google.android.gms/.signin.activity.SignInActivity t271}, caller=com.android.server.wm.Transition.collectExistenceChange:42 com.android.server.wm.ActivityStarter.handleStartResult:523 com.android.server.wm.ActivityStarter.startActivityUnchecked:653 com.android.server.wm.ActivityStarter.executeRequest:3397 com.android.server.wm.ActivityStarter.execute:1122 
08-17 00:02:05.554 I/ActivityTaskManager( 1501): START u0 {act=com.google.android.gms.signin.action.SIGN_IN pkg=com.google.android.gms cmp=com.google.android.gms/.signin.activity.SignInActivity (has extras)} with LAUNCH_MULTIPLE from uid 10237 (BAL_ALLOW_VISIBLE_WINDOW) result code=0
08-17 00:02:05.557 D/InsetsSourceProvider( 1501): updateControlForTarget: control=InsetsSourceControl: {3 mType=ime mSurfacePosition=Point(0, 80) mInsetsHint=Insets{left=0, top=0, right=0, bottom=1008}}, target=Window{8d0118f u0 com.google.android.gms/com.google.android.gms.auth.api.signin.ui.SignInActivity}, from=com.android.server.wm.ImeInsetsSourceProvider.updateControlForTarget:17 com.android.server.wm.InsetsStateController.onControlTargetChanged:81 com.android.server.wm.DisplayContent.updateImeControlTarget:21 com.android.server.wm.DisplayContent.updateImeInputAndControlTarget:81 com.android.server.wm.WindowManagerService$LocalService.updateInputMethodTargetWindow:21 
08-17 00:02:05.558 D/MdnieScenarioControlService( 1501):  packageName : com.google.android.gms    className : com.google.android.gms.signin.activity.SignInActivity
08-17 00:02:05.568 V/WindowManager( 1501): Collecting in transition 308: ActivityRecord{8347167 u0 com.google.android.gms/.signin.activity.SignInActivity t271}, caller=com.android.server.wm.TransitionController.collect:7 com.android.server.wm.ActivityRecord.setVisibility:189 com.android.server.wm.EnsureActivitiesVisibleHelper.process:561 com.android.server.wm.TaskFragment.updateActivityVisibilities:12 com.android.server.wm.Task$$ExternalSyntheticLambda3.accept:399 
08-17 00:02:05.569 V/WindowManager( 1501): Collecting in transition 308: ActivityRecord{8347167 u0 com.google.android.gms/.signin.activity.SignInActivity t271}, caller=com.android.server.wm.TransitionController.collect:7 com.android.server.wm.ActivityRecord.setVisibility:189 com.android.server.wm.ActivityTaskSupervisor.realStartActivityLocked:230 com.android.server.wm.ActivityTaskSupervisor.startSpecificActivity:27 com.android.server.wm.TaskFragment.resumeTopActivity:2187 
08-17 00:02:05.571 D/InputDispatcher( 1501): Focused application(0): ActivityRecord{8347167 u0 com.google.android.gms/.signin.activity.SignInActivity t271}
08-17 00:02:05.572 D/ActivityTaskManager( 1501): scheduleTopResumedActivityChanged, onTop=true, r=ActivityRecord{8347167 u0 com.google.android.gms/.signin.activity.SignInActivity t271}, caller=com.android.server.wm.ActivityTaskSupervisor.updateTopResumedActivityIfNeeded:62 com.android.server.wm.TaskFragment.setResumedActivity:29 com.android.server.wm.ActivityRecord.setState:104 com.android.server.wm.ActivityTaskSupervisor.realStartActivityLocked:945 com.android.server.wm.ActivityTaskSupervisor.startSpecificActivity:27 com.android.server.wm.TaskFragment.resumeTopActivity:2187 
08-17 00:02:05.573 D/BLASTSyncEngine( 1501): SyncGroup 308:  Unfinished container: ActivityRecord{8347167 u0 com.google.android.gms/.signin.activity.SignInActivity t271} mSyncState=2
08-17 00:02:05.580 D/BLASTSyncEngine( 1501): SyncGroup 308:  Unfinished container: ActivityRecord{8347167 u0 com.google.android.gms/.signin.activity.SignInActivity t271} mSyncState=2
08-17 00:02:05.599 I/InsetsSourceConsumer(11994): applyRequestedVisibilityToControl: visible=false, type=ime, host=com.google.android.gms/com.google.android.gms.auth.api.signin.ui.SignInActivity
08-17 00:02:05.600 D/BLASTSyncEngine( 1501): SyncGroup 308:  Unfinished container: ActivityRecord{8347167 u0 com.google.android.gms/.signin.activity.SignInActivity t271} mSyncState=2
08-17 00:02:05.601 D/BLASTSyncEngine( 1501): SyncGroup 308:  Unfinished container: ActivityRecord{8347167 u0 com.google.android.gms/.signin.activity.SignInActivity t271} mSyncState=2
08-17 00:02:05.614 W/GmsActivityProxy(11994): Error binding root VE for SignInActivity [CONTEXT service_id=264 ]
08-17 00:02:05.624 D/WindowManager( 1501): prepareSync <SYNC_STATE_WAITING_FOR_DRAW>, mPrepareSyncSeqId=0, win=Window{dadefd6 u0 com.google.android.gms/com.google.android.gms.signin.activity.SignInActivity}
08-17 00:02:05.624 I/BufferQueueDebug(  966): [dadefd6 com.google.android.gms/com.google.android.gms.signin.activity.SignInActivity#3214](this:0xb400007c623b0cb8,id:-1,api:0,p:-1,c:-1) BufferQueue core=(966:/system/bin/surfaceflinger)
08-17 00:02:05.624 I/SurfaceFlinger(  966): id=3214 createSurf, flag=84004, dadefd6 com.google.android.gms/com.google.android.gms.signin.activity.SignInActivity#3214
08-17 00:02:05.627 I/InsetsController(11994): onStateChanged: host=com.google.android.gms/com.google.android.gms.signin.activity.SignInActivity, from=android.view.ViewRootImpl.setView:1999, state=InsetsState: {mDisplayFrame=Rect(0, 0 - 1080, 2340), mDisplayCutout=DisplayCutout{insets=Rect(0, 80 - 0, 0) waterfall=Insets{left=0, top=0, right=0, bottom=0} boundingRect={Bounds=[Rect(0, 0 - 0, 0), Rect(472, 0 - 608, 80), Rect(0, 0 - 0, 0), Rect(0, 0 - 0, 0)]} cutoutPathParserInfo={CutoutPathParserInfo{displayWidth=1080 displayHeight=2340 physicalDisplayWidth=1080 physicalDisplayHeight=2340 density={2.8125} cutoutSpec={M 0,0 H -24.177777778 V 28.4444444444 H 24.177777778 V 0 H 0 Z @dp} rotation={0} scale={1.0} physicalPixelDisplaySizeRatio={1.0}}} sideOverrides={}}, mRoundedCorners=RoundedCorners{[RoundedCorner{position=TopLeft, radius=113, center=Point(113, 113)}, RoundedCorner{position=TopRight, radius=113, center=Point(967, 113)}, RoundedCorner{position=BottomRight, radius=113, center=Point(967, 2227)}, RoundedCorner{position=BottomLeft, radius=113, center=Point(113, 2227)}]}  mRoundedCornerFrame=Rect(0, 0 - 1080, 2340), mPrivacyIndicatorBounds=PrivacyIndicatorBounds {static bounds=Rect(956, 0 - 1080, 80) rotation=0}, mDisplayShape=DisplayShape{ spec=-311912193 displayWidth=1080 displayHeight=2340 physicalPixelDisplaySizeRatio=1.0 rotation=0 offsetX=0 offsetY=0 scale=1.0}, mSources= { InsetsSource: {27 mType=displayCutout mFrame=[0,0][1080,80] mVisible=true mFlags= mSideHint=TOP mBoundingRects=null}, InsetsSource: {566a0000 mType=statusBars mFrame=[0,0][1080,80] mVisible=true mFlags= mSideHint=TOP mBoundingRects=null}, InsetsSource: {566a0005 mType=mandatorySystemGestures mFrame=[0,0][1080,114] mVisible=true mFlags= mSideHint=TOP mBoundingRects=null}, InsetsSource: {566a0006 mType=tappableElement mFrame=[0,0][1080,80] mVisible=true mFlags= mSideHint=TOP mBoundingRects=null}, InsetsSource: {5fa10001 mType=navigationBars mFrame=[0,2205][1080,2340] mVisible=true mFlags= mSideHint=BOTTOM mBoundingRects=null}, InsetsSource: {5fa10004 mType=systemGestures mFrame=[0,0][0,0] mVisible=true mFlags= mSideHint=NONE mBoundingRects=null}, InsetsSource: {5fa10005 mType=mandatorySystemGestures mFrame=[0,2205][1080,2340] mVisible=true mFlags= mSideHint=BOTTOM mBoundingRects=null}, InsetsSource: {5fa10006 mType=tappableElement mFrame=[0,2205][1080,2340] mVisible=true mFlags= mSideHint=BOTTOM mBoundingRects=null}, InsetsSource: {5fa10024 mType=systemGestures mFrame=[0,0][0,0] mVisible=true mFlags= mSideHint=NONE mBoundingRects=null} }
08-17 00:02:05.627 I/VRI[SignInActivity]@a008cc7(11994): synced displayState. AttachInfo displayState=2
08-17 00:02:05.627 I/VRI[SignInActivity]@a008cc7(11994): setView = com.android.internal.policy.DecorView@4ef2e63 IsHRR=false TM=true
08-17 00:02:05.629 D/CoreBackPreview( 1501): Window{dadefd6 u0 com.google.android.gms/com.google.android.gms.signin.activity.SignInActivity}: Setting back callback OnBackInvokedCallbackInfo{mCallback=android.window.IOnBackInvokedCallback$Stub$Proxy@3e63144, mPriority=0, mIsAnimationCallback=false}
08-17 00:02:05.629 V/WindowManager( 1501): Relayout Window{dadefd6 u0 com.google.android.gms/com.google.android.gms.signin.activity.SignInActivity}: viewVisibility=0 req=0x0 ty=1 d0
08-17 00:02:05.629 I/BufferQueueDebug(  966): [com.google.android.gms/com.google.android.gms.signin.activity.SignInActivity$_11994#3215](this:0xb400007c623b6cb8,id:-1,api:0,p:-1,c:-1) BufferQueue core=(966:/system/bin/surfaceflinger)
08-17 00:02:05.630 I/SurfaceFlinger(  966): id=3215 createSurf, flag=44004, com.google.android.gms/com.google.android.gms.signin.activity.SignInActivity$_11994#3215
08-17 00:02:05.630 D/WindowManager( 1501): makeSurface duration=2 name=com.google.android.gms/com.google.android.gms.signin.activity.SignInActivity$_11994
08-17 00:02:05.632 D/BLASTSyncEngine( 1501): SyncGroup 308:  Unfinished container: ActivityRecord{8347167 u0 com.google.android.gms/.signin.activity.SignInActivity t271} mSyncState=2
08-17 00:02:05.633 D/WindowManager( 1501): Changing focus from null to Window{dadefd6 u0 com.google.android.gms/com.google.android.gms.signin.activity.SignInActivity} displayId=0 Callers=com.android.server.wm.WindowManagerService.relayoutWindowInner:142 com.android.server.wm.WindowManagerService.relayoutWindow:6 com.android.server.wm.Session.relayout:27 android.view.IWindowSession$Stub.onTransact:861 
08-17 00:02:05.635 D/InsetsSourceProvider( 1501): updateControlForTarget: control=InsetsSourceControl: {5fa10001 mType=navigationBars initiallyVisible mSurfacePosition=Point(0, 2205) mInsetsHint=Insets{left=0, top=0, right=0, bottom=135}}, target=Window{dadefd6 u0 com.google.android.gms/com.google.android.gms.signin.activity.SignInActivity}, from=com.android.server.wm.InsetsStateController.onControlTargetChanged:81 com.android.server.wm.InsetsPolicy.updateBarControlTarget:176 com.android.server.wm.DisplayPolicy.updateSystemBarAttributes:281 com.android.server.wm.WindowManagerService.updateFocusedWindowLocked:375 com.android.server.wm.WindowManagerService.relayoutWindowInner:142 
08-17 00:02:05.638 D/InsetsSourceProvider( 1501): updateControlForTarget: control=InsetsSourceControl: {566a0000 mType=statusBars initiallyVisible mSurfacePosition=Point(0, 0) mInsetsHint=Insets{left=0, top=80, right=0, bottom=0}}, target=Window{dadefd6 u0 com.google.android.gms/com.google.android.gms.signin.activity.SignInActivity}, from=com.android.server.wm.InsetsStateController.onControlTargetChanged:81 com.android.server.wm.InsetsPolicy.updateBarControlTarget:163 com.android.server.wm.DisplayPolicy.updateSystemBarAttributes:281 com.android.server.wm.WindowManagerService.updateFocusedWindowLocked:375 com.android.server.wm.WindowManagerService.relayoutWindowInner:142 
08-17 00:02:05.638 D/WindowManager( 1501): updateSystemBarAttributes: displayId=0, focusedCanBeNavColorWin=false, win=Window{dadefd6 u0 com.google.android.gms/com.google.android.gms.signin.activity.SignInActivity}, navColorWin=Window{14514a2 u0 com.ballerbizoy.ballerai/com.google.android.gms.auth.api.signin.internal.SignInHubActivity}, caller=com.android.server.wm.WindowManagerService.updateFocusedWindowLocked:375 com.android.server.wm.WindowManagerService.relayoutWindowInner:142 com.android.server.wm.WindowManagerService.relayoutWindow:6 
08-17 00:02:05.639 V/SystemKeyManager( 1501): updateFocusedWindow() is called, com.google.android.gms/com.google.android.gms.signin.activity.SignInActivity
08-17 00:02:05.641 D/SurfaceComposerClient( 1501): Transaction::apply InputWindowCommands.focusRequests timestamp=8783156809215, windowName=dadefd6 com.google.android.gms/com.google.android.gms.signin.activity.SignInActivity
08-17 00:02:05.642 I/InsetsController(11994): onStateChanged: host=com.google.android.gms/com.google.android.gms.signin.activity.SignInActivity, from=android.view.ViewRootImpl.relayoutWindow:11304, state=InsetsState: {mDisplayFrame=Rect(0, 0 - 1080, 2340), mDisplayCutout=DisplayCutout{insets=Rect(0, 80 - 0, 0) waterfall=Insets{left=0, top=0, right=0, bottom=0} boundingRect={Bounds=[Rect(0, 0 - 0, 0), Rect(472, 0 - 608, 80), Rect(0, 0 - 0, 0), Rect(0, 0 - 0, 0)]} cutoutPathParserInfo={CutoutPathParserInfo{displayWidth=1080 displayHeight=2340 physicalDisplayWidth=1080 physicalDisplayHeight=2340 density={2.8125} cutoutSpec={M 0,0 H -24.177777778 V 28.4444444444 H 24.177777778 V 0 H 0 Z @dp} rotation={0} scale={1.0} physicalPixelDisplaySizeRatio={1.0}}} sideOverrides={}}, mRoundedCorners=RoundedCorners{[RoundedCorner{position=TopLeft, radius=113, center=Point(113, 113)}, RoundedCorner{position=TopRight, radius=113, center=Point(967, 113)}, RoundedCorner{position=BottomRight, radius=113, center=Point(967, 2227)}, RoundedCorner{position=BottomLeft, radius=113, center=Point(113, 2227)}]}  mRoundedCornerFrame=Rect(0, 0 - 1080, 2340), mPrivacyIndicatorBounds=PrivacyIndicatorBounds {static bounds=Rect(956, 0 - 1080, 80) rotation=0}, mDisplayShape=DisplayShape{ spec=-311912193 displayWidth=1080 displayHeight=2340 physicalPixelDisplaySizeRatio=1.0 rotation=0 offsetX=0 offsetY=0 scale=1.0}, mSources= { InsetsSource: {3 mType=ime mFrame=[0,0][0,0] mVisible=false mFlags= mSideHint=NONE mBoundingRects=null}, InsetsSource: {27 mType=displayCutout mFrame=[0,0][1080,80] mVisible=true mFlags= mSideHint=TOP mBoundingRects=null}, InsetsSource: {566a0000 mType=statusBars mFrame=[0,0][1080,80] mVisible=true mFlags= mSideHint=TOP mBoundingRects=null}, InsetsSource: {566a0005 mType=mandatorySystemGestures mFrame=[0,0][1080,114] mVisible=true mFlags= mSideHint=TOP mBoundingRects=null}, InsetsSource: {566a0006 mType=tappableElement mFrame=[0,0][1080,80] mVisible=true mFlags= mSideHint=TOP mBoundingRects=null}, InsetsSource: {5fa10001 mType=navigationBars mFrame=[0,2205][1080,2340] mVisible=true mFlags= mSideHint=BOTTOM mBoundingRects=null}, InsetsSource: {5fa10004 mType=systemGestures mFrame=[0,0][0,0] mVisible=true mFlags= mSideHint=NONE mBoundingRects=null}, InsetsSource: {5fa10005 mType=mandatorySystemGestures mFrame=[0,2205][1080,2340] mVisible=true mFlags= mSideHint=BOTTOM mBoundingRects=null}, InsetsSource: {5fa10006 mType=tappableElement mFrame=[0,2205][1080,2340] mVisible=true mFlags= mSideHint=BOTTOM mBoundingRects=null}, InsetsSource: {5fa10024 mType=systemGestures mFrame=[0,0][0,0] mVisible=true mFlags= mSideHint=NONE mBoundingRects=null} }
08-17 00:02:05.643 I/BLASTBufferQueue(11994): [VRI[SignInActivity]@a008cc7#46](f:0,a:0,s:0) constructor()
08-17 00:02:05.643 I/BLASTBufferQueue_Java(11994): new BLASTBufferQueue, mName= VRI[SignInActivity]@a008cc7 mNativeObject= 0xb400007bac598800 sc.mNativeObject= 0xb400007a91f773c0 caller= android.view.ViewRootImpl.updateBlastSurfaceIfNeeded:3397 android.view.ViewRootImpl.relayoutWindow:11361 android.view.ViewRootImpl.performTraversals:4544 android.view.ViewRootImpl.doTraversal:3708 android.view.ViewRootImpl$TraversalRunnable.run:12542 android.view.Choreographer$CallbackRecord.run:1751 android.view.Choreographer$CallbackRecord.run:1760 android.view.Choreographer.doCallbacks:1216 android.view.Choreographer.doFrame:1142 android.view.Choreographer$FrameDisplayEventReceiver.run:1707 
08-17 00:02:05.643 I/BLASTBufferQueue_Java(11994): update, w= 1 h= 1 mName = VRI[SignInActivity]@a008cc7 mNativeObject= 0xb400007bac598800 sc.mNativeObject= 0xb400007a91f773c0 format= -2 caller= android.graphics.BLASTBufferQueue.<init>:88 android.view.ViewRootImpl.updateBlastSurfaceIfNeeded:3397 android.view.ViewRootImpl.relayoutWindow:11361 android.view.ViewRootImpl.performTraversals:4544 android.view.ViewRootImpl.doTraversal:3708 android.view.ViewRootImpl$TraversalRunnable.run:12542 
08-17 00:02:05.643 I/VRI[SignInActivity]@a008cc7(11994): Relayout returned: old=(0,80,1080,2205) new=(540,1142,540,1142) relayoutAsync=false req=(0,0)0 dur=13 res=0x3 s={true 0xb400007a91f88800} ch=true seqId=0
08-17 00:02:05.644 I/VRI[SignInActivity]@a008cc7(11994): performConfigurationChange setNightDimText nightDimLevel=0
08-17 00:02:05.644 D/VRI[SignInActivity]@a008cc7(11994): mThreadedRenderer.initialize() mSurface={isValid=true 0xb400007a91f88800} hwInitialized=true
08-17 00:02:05.644 D/VRI[SignInActivity]@a008cc7(11994): reportNextDraw android.view.ViewRootImpl.performTraversals:5193 android.view.ViewRootImpl.doTraversal:3708 android.view.ViewRootImpl$TraversalRunnable.run:12542 android.view.Choreographer$CallbackRecord.run:1751 android.view.Choreographer$CallbackRecord.run:1760 
08-17 00:02:05.644 D/VRI[SignInActivity]@a008cc7(11994): Setup new sync=wmsSync-VRI[SignInActivity]@a008cc7#2
08-17 00:02:05.644 I/VRI[SignInActivity]@a008cc7(11994): Creating new active sync group VRI[SignInActivity]@a008cc7#3
08-17 00:02:05.645 D/VRI[SignInActivity]@a008cc7(11994): reportDrawFinished seqId=0
08-17 00:02:05.645 I/InsetsSourceConsumer(11994): applyRequestedVisibilityToControl: visible=true, type=navigationBars, host=com.google.android.gms/com.google.android.gms.signin.activity.SignInActivity
08-17 00:02:05.645 D/WindowManager( 1501): finishDrawingWindow: Window{dadefd6 u0 com.google.android.gms/com.google.android.gms.signin.activity.SignInActivity} mDrawState=DRAW_PENDING seqId=0
08-17 00:02:05.646 I/InsetsSourceConsumer(11994): applyRequestedVisibilityToControl: visible=true, type=statusBars, host=com.google.android.gms/com.google.android.gms.signin.activity.SignInActivity
08-17 00:02:05.648 D/SurfaceFlinger(  966): Focus addInputWindowCommands timestamp=8783156809215, windowName=dadefd6 com.google.android.gms/com.google.android.gms.signin.activity.SignInActivity
08-17 00:02:05.648 V/WindowManager( 1501): performShowLocked: mDrawState=HAS_DRAWN in Window{dadefd6 u0 com.google.android.gms/com.google.android.gms.signin.activity.SignInActivity}
08-17 00:02:05.648 V/WindowManager( 1501): Start calculating TransitionInfo based on participants: {ActivityRecord{2b95d11 u0 com.google.android.gms/.common.api.GoogleApiActivity t271}, ActivityRecord{65af231 u0 com.google.android.gms/.auth.api.signin.ui.SignInActivity t271}, ActivityRecord{8347167 u0 com.google.android.gms/.signin.activity.SignInActivity t271}}
08-17 00:02:05.648 V/WindowManager( 1501):   Final targets: [ActivityRecord{8347167 u0 com.google.android.gms/.signin.activity.SignInActivity t271}, ActivityRecord{2b95d11 u0 com.google.android.gms/.common.api.GoogleApiActivity t271}]
08-17 00:02:05.649 I/BufferQueueDebug(  966): [Transition Root: ActivityRecord{8347167 u0 com.google.android.gms/.signin.activity.SignInActivity t271}#3218](this:0xb400007c62404cb8,id:-1,api:0,p:-1,c:-1) BufferQueue core=(966:/system/bin/surfaceflinger)
08-17 00:02:05.649 I/SurfaceFlinger(  966): id=3218 createSurf, flag=84004, Transition Root: ActivityRecord{8347167 u0 com.google.android.gms/.signin.activity.SignInActivity t271}#3218
08-17 00:02:05.650 I/SurfaceControlRegistry( 1501): show, t=StartTransaction_SyncId<308> sc=ActivityRecord{8347167 u0 com.google.android.gms/.signin.activity.SignInActivity t271}, caller=android.view.SurfaceControl$Transaction.show:3232 com.android.server.wm.Transition.onTransactionReady:2273 com.android.server.wm.BLASTSyncEngine$SyncGroup.finishNow:195 com.android.server.wm.BLASTSyncEngine.onSurfacePlacement:269 com.android.server.wm.RootWindowContainer.performSurfacePlacementNoTrace:459 com.android.server.wm.RootWindowContainer.performSurfacePlacement:9 
08-17 00:02:05.651 I/SurfaceControlRegistry( 1501): show, t=StartTransaction_SyncId<308> sc=ActivityRecord{65af231 u0 com.google.android.gms/.auth.api.signin.ui.SignInActivity t271}, caller=android.view.SurfaceControl$Transaction.show:3232 com.android.server.wm.Transition.onTransactionReady:2273 com.android.server.wm.BLASTSyncEngine$SyncGroup.finishNow:195 com.android.server.wm.BLASTSyncEngine.onSurfacePlacement:269 com.android.server.wm.RootWindowContainer.performSurfacePlacementNoTrace:459 com.android.server.wm.RootWindowContainer.performSurfacePlacement:9 
08-17 00:02:05.651 D/SurfaceFlinger(  966): updateWinowInfo=1, setFocusedWindow timestamp=8783156809215, windowName=dadefd6 com.google.android.gms/com.google.android.gms.signin.activity.SignInActivity
08-17 00:02:05.651 D/InputDispatcher( 1501): Once focus requested (0): dadefd6 com.google.android.gms/com.google.android.gms.signin.activity.SignInActivity
08-17 00:02:05.651 D/InputDispatcher( 1501): Focus request (0): dadefd6 com.google.android.gms/com.google.android.gms.signin.activity.SignInActivity but waiting because NO_WINDOW
08-17 00:02:05.652 V/WindowManager( 1501):         {null m=OPEN f=TRANSLUCENT|FILLS_TASK|IS_ACTIVITY|EDGE_EXTENSION_RESTRICTION leash=Surface(name=ActivityRecord{8347167 u0 com.google.android.gms/.signin.activity.SignInActivity t271})/@0xa3323ae sb=Rect(0, 0 - 0, 0) eb=Rect(0, 0 - 1080, 2340) d=-1->0 r=-1->0:-1 bc=fffafafa component=com.google.android.gms/.signin.activity.SignInActivity inset=Rect(0, 0 - 0, 0) taskIdForActivity=271},
08-17 00:02:05.653 I/ActivityTaskManager( 1501): done cause=notifyTransitionStarting drawn timestamp=8783169850138 info=TransitionInfo{66864dc a=ActivityRecord{8347167 u0 com.google.android.gms/.signin.activity.SignInActivity t271} d=true}
08-17 00:02:05.654 I/ActivityTaskManager( 1501): Displayed com.google.android.gms/.signin.activity.SignInActivity for user 0: +158ms
08-17 00:02:05.656 V/WindowManagerShell( 2044): onTransitionReady (#308) android.os.BinderProxy@6cbe99f: {id=308 t=OPEN f=0x0 trk=0 r=[0@Point(0, 0)] c=[{null m=OPEN f=TRANSLUCENT|FILLS_TASK|IS_ACTIVITY|EDGE_EXTENSION_RESTRICTION leash=Surface(name=ActivityRecord{8347167 u0 com.google.android.gms/.signin.activity.SignInActivity t271})/@0x68abc9e sb=Rect(0, 0 - 0, 0) eb=Rect(0, 0 - 1080, 2340) d=-1->0 r=-1->0:-1 bc=fffafafa component=com.google.android.gms/.signin.activity.SignInActivity inset=Rect(0, 0 - 0, 0) taskIdForActivity=271},{null m=OPEN f=TRANSLUCENT|FILLS_TASK|IS_ACTIVITY|EDGE_EXTENSION_RESTRICTION leash=Surface(name=ActivityRecord{2b95d11 u0 com.google.android.gms/.common.api.GoogleApiActivity t271})/@0xebea37f sb=Rect(0, 0 - 0, 0) eb=Rect(0, 0 - 1080, 2340) d=-1->0 r=-1->0:-1 bc=fffafafa component=com.google.android.gms/.common.api.GoogleApiActivity inset=Rect(0, 0 - 0, 0) taskIdForActivity=271}]}
08-17 00:02:05.657 I/BufferQueueDebug(  966): [58bdb14 ActivityRecordInputSink com.google.android.gms/.signin.activity.SignInActivity#3220](this:0xb400007c60d26cb8,id:-1,api:0,p:-1,c:-1) BufferQueue core=(966:/system/bin/surfaceflinger)
08-17 00:02:05.657 I/SurfaceControlRegistry( 2044): show, t=StartTransaction_SyncId<308> sc=ActivityRecord{8347167 u0 com.google.android.gms/.signin.activity.SignInActivity t271}, caller=android.view.SurfaceControl$Transaction.show:3232 com.android.wm.shell.transition.Transitions.dispatchReady:934 com.android.wm.shell.transition.Transitions.onTransitionReady:244 com.android.wm.shell.transition.Transitions$TransitionPlayerImpl$$ExternalSyntheticLambda0.run:13 android.os.Handler.handleCallback:959 android.os.Handler.dispatchMessage:100 
08-17 00:02:05.657 I/SurfaceFlinger(  966): id=3220 createSurf, flag=84000, 58bdb14 ActivityRecordInputSink com.google.android.gms/.signin.activity.SignInActivity#3220
08-17 00:02:05.658 V/WindowManager( 1501):         {null m=OPEN f=TRANSLUCENT|FILLS_TASK|IS_ACTIVITY|EDGE_EXTENSION_RESTRICTION leash=Surface(name=ActivityRecord{8347167 u0 com.google.android.gms/.signin.activity.SignInActivity t271})/@0xa3323ae sb=Rect(0, 0 - 0, 0) eb=Rect(0, 0 - 1080, 2340) d=-1->0 r=-1->0:-1 bc=fffafafa component=com.google.android.gms/.signin.activity.SignInActivity inset=Rect(0, 0 - 0, 0) taskIdForActivity=271},
08-17 00:02:05.658 I/SurfaceControlRegistry( 2044): show, t=FinishTransaction_SyncId<308> sc=ActivityRecord{8347167 u0 com.google.android.gms/.signin.activity.SignInActivity t271}, caller=android.view.SurfaceControl$Transaction.show:3232 com.android.wm.shell.transition.Transitions.dispatchReady:988 com.android.wm.shell.transition.Transitions.onTransitionReady:244 com.android.wm.shell.transition.Transitions$TransitionPlayerImpl$$ExternalSyntheticLambda0.run:13 android.os.Handler.handleCallback:959 android.os.Handler.dispatchMessage:100 
08-17 00:02:05.659 I/SurfaceControlRegistry( 2044): show, t=StartTransaction_SyncId<308> sc=Transition Root: ActivityRecord{8347167 u0 com.google.android.gms/.signin.activity.SignInActivity t271}, caller=android.view.SurfaceControl$Transaction.show:3232 com.android.wm.shell.transition.Transitions.playTransition:81 com.android.wm.shell.transition.Transitions.processReadyQueue:250 com.android.wm.shell.transition.Transitions.dispatchReady:1007 com.android.wm.shell.transition.Transitions.onTransitionReady:244 com.android.wm.shell.transition.Transitions$TransitionPlayerImpl$$ExternalSyntheticLambda0.run:13 
08-17 00:02:05.659 V/WindowManagerShell( 2044): Transition doesn't have explicit remote, search filters for match for {id=308 t=OPEN f=0x0 trk=0 r=[0@Point(0, 0)] c=[{null m=OPEN f=TRANSLUCENT|FILLS_TASK|IS_ACTIVITY|EDGE_EXTENSION_RESTRICTION leash=Surface(name=ActivityRecord{8347167 u0 com.google.android.gms/.signin.activity.SignInActivity t271})/@0x68abc9e sb=Rect(0, 0 - 0, 0) eb=Rect(0, 0 - 1080, 2340) d=-1->0 r=-1->0:-1 bc=fffafafa component=com.google.android.gms/.signin.activity.SignInActivity inset=Rect(0, 0 - 0, 0) taskIdForActivity=271},{null m=OPEN f=TRANSLUCENT|FILLS_TASK|IS_ACTIVITY|EDGE_EXTENSION_RESTRICTION leash=Surface(name=ActivityRecord{2b95d11 u0 com.google.android.gms/.common.api.GoogleApiActivity t271})/@0xebea37f sb=Rect(0, 0 - 0, 0) eb=Rect(0, 0 - 1080, 2340) d=-1->0 r=-1->0:-1 bc=fffafafa component=com.google.android.gms/.common.api.GoogleApiActivity inset=Rect(0, 0 - 0, 0) taskIdForActivity=271}]}
08-17 00:02:05.659 V/WindowManagerShell( 2044): start default transition animation, info = {id=308 t=OPEN f=0x0 trk=0 r=[0@Point(0, 0)] c=[{null m=OPEN f=TRANSLUCENT|FILLS_TASK|IS_ACTIVITY|EDGE_EXTENSION_RESTRICTION leash=Surface(name=ActivityRecord{8347167 u0 com.google.android.gms/.signin.activity.SignInActivity t271})/@0x68abc9e sb=Rect(0, 0 - 0, 0) eb=Rect(0, 0 - 1080, 2340) d=-1->0 r=-1->0:-1 bc=fffafafa component=com.google.android.gms/.signin.activity.SignInActivity inset=Rect(0, 0 - 0, 0) taskIdForActivity=271},{null m=OPEN f=TRANSLUCENT|FILLS_TASK|IS_ACTIVITY|EDGE_EXTENSION_RESTRICTION leash=Surface(name=ActivityRecord{2b95d11 u0 com.google.android.gms/.common.api.GoogleApiActivity t271})/@0xebea37f sb=Rect(0, 0 - 0, 0) eb=Rect(0, 0 - 1080, 2340) d=-1->0 r=-1->0:-1 bc=fffafafa component=com.google.android.gms/.common.api.GoogleApiActivity inset=Rect(0, 0 - 0, 0) taskIdForActivity=271}]}
08-17 00:02:05.660 V/WindowManagerShell( 2044):    change={null m=OPEN f=TRANSLUCENT|FILLS_TASK|IS_ACTIVITY|EDGE_EXTENSION_RESTRICTION leash=Surface(name=ActivityRecord{8347167 u0 com.google.android.gms/.signin.activity.SignInActivity t271})/@0x68abc9e sb=Rect(0, 0 - 0, 0) eb=Rect(0, 0 - 1080, 2340) d=-1->0 r=-1->0:-1 bc=fffafafa component=com.google.android.gms/.signin.activity.SignInActivity inset=Rect(0, 0 - 0, 0) taskIdForActivity=271}
08-17 00:02:05.673 I/SurfaceFlinger(  966): onHandleDestroyed: name=Transition Root: ActivityRecord{8347167 u0 com.google.android.gms/.signin.activity.SignInActivity t271}#3218, layerId=3218, parentId=0
08-17 00:02:05.673 I/SurfaceFlinger(  966): id=3218 Removed Transition Root: ActivityRecord{8347167 u0 com.google.android.gms/.signin.activity.SignInActivity t271}#3218 (200)
08-17 00:02:05.674 D/SurfaceFlinger(  966):        DEVICE |   0xb400007c98d025c0 | 0001 | RGBA_8888    |    0.0    0.0 1080.0 2340.0 |    0    0 1080 2340 | com.ballerbizoy.ballerai/com.google.[...]nternal.SignInHubActivity$_9856#3199 (1)
08-17 00:02:05.675 D/InputDispatcher( 1501): Focus entered window (0): dadefd6 com.google.android.gms/com.google.android.gms.signin.activity.SignInActivity
08-17 00:02:05.676 D/VRI[SignInActivity]@a008cc7(11994): mThreadedRenderer.initializeIfNeeded()#2 mSurface={isValid=true 0xb400007a91f88800}
08-17 00:02:05.681 I/Layer   (  966): id=3218 Destroyed Transition Root: ActivityRecord{8347167 u0 com.google.android.gms/.signin.activity.SignInActivity t271}#3218
08-17 00:02:05.681 I/BufferQueueDebug(  966): [Transition Root: ActivityRecord{8347167 u0 com.google.android.gms/.signin.activity.SignInActivity t271}#3218](this:0xb400007c62404cb8,id:-1,api:0,p:-1,c:966) onDestructor()
08-17 00:02:05.686 D/InsetsSourceProvider( 1501): updateControlForTarget: control=InsetsSourceControl: {3 mType=ime mSurfacePosition=Point(0, 80) mInsetsHint=Insets{left=0, top=0, right=0, bottom=1008}}, target=Window{dadefd6 u0 com.google.android.gms/com.google.android.gms.signin.activity.SignInActivity}, from=com.android.server.wm.ImeInsetsSourceProvider.updateControlForTarget:17 com.android.server.wm.InsetsStateController.onControlTargetChanged:81 com.android.server.wm.DisplayContent.updateImeControlTarget:21 com.android.server.wm.DisplayContent.updateImeInputAndControlTarget:81 com.android.server.wm.WindowManagerService$LocalService.updateInputMethodTargetWindow:21 
08-17 00:02:05.693 I/InsetsSourceConsumer(11994): applyRequestedVisibilityToControl: visible=false, type=ime, host=com.google.android.gms/com.google.android.gms.signin.activity.SignInActivity
08-17 00:02:05.708 V/WindowManager( 1501): Collecting in transition 309: ActivityRecord{8347167 u0 com.google.android.gms/.signin.activity.SignInActivity t271}, caller=com.android.server.wm.TransitionController.collect:7 com.android.server.wm.ActivityStarter.startActivityInner:1824 com.android.server.wm.ActivityStarter.startActivityUnchecked:639 com.android.server.wm.ActivityStarter.executeRequest:3397 com.android.server.wm.ActivityStarter.execute:1122 
08-17 00:02:05.708 D/WindowManager( 1501): prepareSync <SYNC_STATE_WAITING_FOR_DRAW>, mPrepareSyncSeqId=0, win=Window{dadefd6 u0 com.google.android.gms/com.google.android.gms.signin.activity.SignInActivity}
08-17 00:02:05.712 D/ActivityTaskManager( 1501): scheduleTopResumedActivityChanged, onTop=false, r=ActivityRecord{8347167 u0 com.google.android.gms/.signin.activity.SignInActivity t271}, caller=com.android.server.wm.ActivityTaskSupervisor.scheduleTopResumedActivityStateLossIfNeeded:11 com.android.server.wm.ActivityTaskSupervisor.updateTopResumedActivityIfNeeded:19 com.android.server.wm.TaskFragment.setResumedActivity:29 com.android.server.wm.ActivityRecord.setState:95 com.android.server.wm.TaskFragment.startPausing$1:210 com.android.server.wm.TaskFragment.resumeTopActivity:681 
08-17 00:02:05.720 D/WindowManager( 1501): Changing focus from Window{dadefd6 u0 com.google.android.gms/com.google.android.gms.signin.activity.SignInActivity} to null displayId=0 Callers=com.android.server.wm.ActivityTaskManagerService.setLastResumedActivityUncheckLocked:264 com.android.server.wm.ActivityTaskSupervisor.updateTopResumedActivityIfNeeded:50 com.android.server.wm.TaskFragment.setResumedActivity:29 com.android.server.wm.ActivityRecord.setState:104 
08-17 00:02:05.751 D/InputDispatcher( 1501): Focus left window (0): dadefd6 com.google.android.gms/com.google.android.gms.signin.activity.SignInActivity
08-17 00:02:05.808 V/WindowManager( 1501): Start calculating TransitionInfo based on participants: {ActivityRecord{65a7374 u0 com.google.android.gms/.common.account.AccountPickerActivity t271}, ActivityRecord{8347167 u0 com.google.android.gms/.signin.activity.SignInActivity t271}}
08-17 00:02:05.811 I/SurfaceControlRegistry( 1501): show, t=StartTransaction_SyncId<309> sc=ActivityRecord{8347167 u0 com.google.android.gms/.signin.activity.SignInActivity t271}, caller=android.view.SurfaceControl$Transaction.show:3232 com.android.server.wm.Transition.onTransactionReady:2273 com.android.server.wm.BLASTSyncEngine$SyncGroup.finishNow:195 com.android.server.wm.BLASTSyncEngine.onSurfacePlacement:269 com.android.server.wm.RootWindowContainer.performSurfacePlacementNoTrace:459 com.android.server.wm.RootWindowContainer.performSurfacePlacement:9 
08-17 00:02:05.842 D/SurfaceFlinger(  966):        DEVICE |   0xb400007c98d025c0 | 0001 | RGBA_8888    |    0.0    0.0 1080.0 2340.0 |    0    0 1080 2340 | com.ballerbizoy.ballerai/com.google.[...]nternal.SignInHubActivity$_9856#3199 (1)
08-17 00:02:05.862 D/SurfaceFlinger(  966):        DEVICE |   0xb400007c98d025c0 | 0001 | RGBA_8888    |    0.0    0.0 1080.0 2340.0 |    0    0 1080 2340 | com.ballerbizoy.ballerai/com.google.[...]nternal.SignInHubActivity$_9856#3199 (1)
08-17 00:02:06.819 D/InputDispatcher( 1501): Focused application(0): ActivityRecord{8347167 u0 com.google.android.gms/.signin.activity.SignInActivity t271}
08-17 00:02:06.821 D/WindowManager( 1501): Changing focus from Window{a021136 u0 com.google.android.gms/com.google.android.gms.common.account.AccountPickerActivity} to Window{dadefd6 u0 com.google.android.gms/com.google.android.gms.signin.activity.SignInActivity} displayId=0 Callers=com.android.server.wm.ActivityTaskManagerService.setLastResumedActivityUncheckLocked:264 com.android.server.wm.ActivityTaskSupervisor.updateTopResumedActivityIfNeeded:50 com.android.server.wm.TaskFragment.setResumedActivity:29 com.android.server.wm.ActivityRecord.setState:104 
08-17 00:02:06.824 D/InsetsSourceProvider( 1501): updateControlForTarget: control=InsetsSourceControl: {5fa10001 mType=navigationBars initiallyVisible mSurfacePosition=Point(0, 2205) mInsetsHint=Insets{left=0, top=0, right=0, bottom=135}}, target=Window{dadefd6 u0 com.google.android.gms/com.google.android.gms.signin.activity.SignInActivity}, from=com.android.server.wm.InsetsStateController.onControlTargetChanged:81 com.android.server.wm.InsetsPolicy.updateBarControlTarget:176 com.android.server.wm.DisplayPolicy.updateSystemBarAttributes:281 com.android.server.wm.WindowManagerService.updateFocusedWindowLocked:375 com.android.server.wm.ActivityTaskManagerService.setLastResumedActivityUncheckLocked:264 
08-17 00:02:06.827 D/InsetsSourceProvider( 1501): updateControlForTarget: control=InsetsSourceControl: {566a0000 mType=statusBars initiallyVisible mSurfacePosition=Point(0, 0) mInsetsHint=Insets{left=0, top=80, right=0, bottom=0}}, target=Window{dadefd6 u0 com.google.android.gms/com.google.android.gms.signin.activity.SignInActivity}, from=com.android.server.wm.InsetsStateController.onControlTargetChanged:81 com.android.server.wm.InsetsPolicy.updateBarControlTarget:163 com.android.server.wm.DisplayPolicy.updateSystemBarAttributes:281 com.android.server.wm.WindowManagerService.updateFocusedWindowLocked:375 com.android.server.wm.ActivityTaskManagerService.setLastResumedActivityUncheckLocked:264 
08-17 00:02:06.828 V/SystemKeyManager( 1501): updateFocusedWindow() is called, com.google.android.gms/com.google.android.gms.signin.activity.SignInActivity
08-17 00:02:06.829 D/ActivityTaskManager( 1501): scheduleTopResumedActivityChanged, onTop=true, r=ActivityRecord{8347167 u0 com.google.android.gms/.signin.activity.SignInActivity t271}, caller=com.android.server.wm.ActivityTaskSupervisor.updateTopResumedActivityIfNeeded:62 com.android.server.wm.TaskFragment.setResumedActivity:29 com.android.server.wm.ActivityRecord.setState:104 com.android.server.wm.TaskFragment.resumeTopActivity:1800 com.android.server.wm.Task.resumeTopActivityInnerLocked:98 com.android.server.wm.Task.resumeTopActivityUncheckedLocked:23 
08-17 00:02:06.847 I/InsetsSourceConsumer(11994): applyRequestedVisibilityToControl: visible=true, type=navigationBars, host=com.google.android.gms/com.google.android.gms.signin.activity.SignInActivity
08-17 00:02:06.847 I/InsetsSourceConsumer(11994): applyRequestedVisibilityToControl: visible=true, type=statusBars, host=com.google.android.gms/com.google.android.gms.signin.activity.SignInActivity
08-17 00:02:06.852 D/SurfaceComposerClient( 1501): Transaction::apply InputWindowCommands.focusRequests timestamp=8784364878138, windowName=dadefd6 com.google.android.gms/com.google.android.gms.signin.activity.SignInActivity
08-17 00:02:06.857 D/SurfaceFlinger(  966):        DEVICE |   0xb400007c98d025c0 | 0001 | RGBA_8888    |    0.0    0.0 1080.0 2340.0 |    0    0 1080 2340 | com.ballerbizoy.ballerai/com.google.[...]nternal.SignInHubActivity$_9856#3199 (1)
08-17 00:02:06.869 D/SurfaceFlinger(  966): Focus addInputWindowCommands timestamp=8784364878138, windowName=dadefd6 com.google.android.gms/com.google.android.gms.signin.activity.SignInActivity
08-17 00:02:06.871 D/WindowManager( 1501): updateSystemBarAttributes: displayId=0, focusedCanBeNavColorWin=false, win=Window{dadefd6 u0 com.google.android.gms/com.google.android.gms.signin.activity.SignInActivity}, navColorWin=Window{fcafefe u0 com.google.android.gms/com.google.android.gms.common.api.GoogleApiActivity}, caller=com.android.server.wm.DisplayPolicy.finishPostLayoutPolicyLw:17 com.android.server.wm.RootWindowContainer.applySurfaceChangesTransaction$1:194 com.android.server.wm.RootWindowContainer.performSurfacePlacementNoTrace:59 
08-17 00:02:06.873 D/SurfaceFlinger(  966): updateWinowInfo=1, setFocusedWindow timestamp=8784364878138, windowName=dadefd6 com.google.android.gms/com.google.android.gms.signin.activity.SignInActivity
08-17 00:02:06.874 D/InputDispatcher( 1501): Once focus requested (0): dadefd6 com.google.android.gms/com.google.android.gms.signin.activity.SignInActivity
08-17 00:02:06.874 D/InputDispatcher( 1501): Focus entered window (0): dadefd6 com.google.android.gms/com.google.android.gms.signin.activity.SignInActivity
08-17 00:02:06.882 D/VRI[SignInActivity]@a008cc7(11994): mThreadedRenderer.initializeIfNeeded()#2 mSurface={isValid=true 0xb400007a91f88800}
08-17 00:02:06.892 D/InsetsSourceProvider( 1501): updateControlForTarget: control=InsetsSourceControl: {3 mType=ime mSurfacePosition=Point(0, 80) mInsetsHint=Insets{left=0, top=0, right=0, bottom=1008}}, target=Window{dadefd6 u0 com.google.android.gms/com.google.android.gms.signin.activity.SignInActivity}, from=com.android.server.wm.ImeInsetsSourceProvider.updateControlForTarget:17 com.android.server.wm.InsetsStateController.onControlTargetChanged:81 com.android.server.wm.DisplayContent.updateImeControlTarget:21 com.android.server.wm.DisplayContent.updateImeInputAndControlTarget:81 com.android.server.wm.WindowManagerService$LocalService.updateInputMethodTargetWindow:21 
08-17 00:02:06.896 I/InsetsSourceConsumer(11994): applyRequestedVisibilityToControl: visible=false, type=ime, host=com.google.android.gms/com.google.android.gms.signin.activity.SignInActivity
08-17 00:02:07.035 V/WindowManager( 1501): Collecting in transition 311: ActivityRecord{8347167 u0 com.google.android.gms/.signin.activity.SignInActivity t271 f}}, caller=com.android.server.wm.Transition.collectExistenceChange:42 com.android.server.wm.Transition.collectClose:7 com.android.server.wm.ActivityRecord.finishIfPossible:41 com.android.server.wm.ActivityClientController.finishActivity:225 android.app.IActivityClientController$Stub.onTransact:822 
08-17 00:02:07.035 D/WindowManager( 1501): prepareSync <SYNC_STATE_WAITING_FOR_DRAW>, mPrepareSyncSeqId=0, win=Window{dadefd6 u0 com.google.android.gms/com.google.android.gms.signin.activity.SignInActivity}
08-17 00:02:07.035 V/WindowManager( 1501): Collecting in transition 311: ActivityRecord{8347167 u0 com.google.android.gms/.signin.activity.SignInActivity t271 f}}, caller=com.android.server.wm.TransitionController.collect:7 com.android.server.wm.ActivityRecord.setVisibility:189 com.android.server.wm.ActivityRecord.finishIfPossible:82 com.android.server.wm.ActivityClientController.finishActivity:225 android.app.IActivityClientController$Stub.onTransact:822 
08-17 00:02:07.035 D/ActivityTaskManager( 1501): scheduleTopResumedActivityChanged, onTop=false, r=ActivityRecord{8347167 u0 com.google.android.gms/.signin.activity.SignInActivity t271 f}}, caller=com.android.server.wm.ActivityTaskSupervisor.scheduleTopResumedActivityStateLossIfNeeded:11 com.android.server.wm.ActivityTaskSupervisor.updateTopResumedActivityIfNeeded:19 com.android.server.wm.TaskFragment.setResumedActivity:29 com.android.server.wm.ActivityRecord.setState:95 com.android.server.wm.TaskFragment.startPausing$1:210 com.android.server.wm.ActivityRecord.finishIfPossible:89 
08-17 00:02:07.041 D/WindowManager( 1501): Changing focus from Window{dadefd6 u0 com.google.android.gms/com.google.android.gms.signin.activity.SignInActivity} to Window{fcafefe u0 com.google.android.gms/com.google.android.gms.common.api.GoogleApiActivity} displayId=0 Callers=com.android.server.wm.ActivityTaskManagerService.setLastResumedActivityUncheckLocked:264 com.android.server.wm.ActivityTaskSupervisor.updateTopResumedActivityIfNeeded:50 com.android.server.wm.TaskFragment.setResumedActivity:29 com.android.server.wm.ActivityRecord.setState:104 
08-17 00:02:07.055 V/WindowManager( 1501): Start calculating TransitionInfo based on participants: {ActivityRecord{8347167 u0 com.google.android.gms/.signin.activity.SignInActivity t271 f}}}
08-17 00:02:07.056 V/WindowManager( 1501):   Final targets: [ActivityRecord{8347167 u0 com.google.android.gms/.signin.activity.SignInActivity t271 f}}]
08-17 00:02:07.056 I/BufferQueueDebug(  966): [Transition Root: ActivityRecord{8347167 u0 com.google.android.gms/.signin.activity.SignInActivity t271 f}}#3241](this:0xb400007c6259ccb8,id:-1,api:0,p:-1,c:-1) BufferQueue core=(966:/system/bin/surfaceflinger)
08-17 00:02:07.056 I/SurfaceFlinger(  966): id=3241 createSurf, flag=84004, Transition Root: ActivityRecord{8347167 u0 com.google.android.gms/.signin.activity.SignInActivity t271 f}}#3241
08-17 00:02:07.059 V/WindowManager( 1501):         {null m=CLOSE f=TRANSLUCENT|FILLS_TASK|IS_ACTIVITY|EDGE_EXTENSION_RESTRICTION leash=Surface(name=ActivityRecord{8347167 u0 com.google.android.gms/.signin.activity.SignInActivity t271})/@0xa3323ae sb=Rect(0, 0 - 1080, 2340) eb=Rect(0, 0 - 1080, 2340) d=0 bc=fffafafa component=com.google.android.gms/.signin.activity.SignInActivity inset=Rect(0, 0 - 0, 0) taskIdForActivity=271}
08-17 00:02:07.060 V/WindowManager( 1501):         {null m=CLOSE f=TRANSLUCENT|FILLS_TASK|IS_ACTIVITY|EDGE_EXTENSION_RESTRICTION leash=Surface(name=ActivityRecord{8347167 u0 com.google.android.gms/.signin.activity.SignInActivity t271})/@0xa3323ae sb=Rect(0, 0 - 1080, 2340) eb=Rect(0, 0 - 1080, 2340) d=0 bc=fffafafa component=com.google.android.gms/.signin.activity.SignInActivity inset=Rect(0, 0 - 0, 0) taskIdForActivity=271}
08-17 00:02:07.061 V/WindowManagerShell( 2044): onTransitionReady (#311) android.os.BinderProxy@bad894e: {id=311 t=CLOSE f=0x0 trk=0 r=[0@Point(0, 0)] c=[{null m=CLOSE f=TRANSLUCENT|FILLS_TASK|IS_ACTIVITY|EDGE_EXTENSION_RESTRICTION leash=Surface(name=ActivityRecord{8347167 u0 com.google.android.gms/.signin.activity.SignInActivity t271})/@0x90d6a6f sb=Rect(0, 0 - 1080, 2340) eb=Rect(0, 0 - 1080, 2340) d=0 bc=fffafafa component=com.google.android.gms/.signin.activity.SignInActivity inset=Rect(0, 0 - 0, 0) taskIdForActivity=271}]}
08-17 00:02:07.062 I/SurfaceControlRegistry( 2044): hide, t=FinishTransaction_SyncId<311> sc=ActivityRecord{8347167 u0 com.google.android.gms/.signin.activity.SignInActivity t271}, caller=android.view.SurfaceControl$Transaction.hide:3258 com.android.wm.shell.transition.Transitions.dispatchReady:929 com.android.wm.shell.transition.Transitions.onTransitionReady:244 com.android.wm.shell.transition.Transitions$TransitionPlayerImpl$$ExternalSyntheticLambda0.run:13 android.os.Handler.handleCallback:959 android.os.Handler.dispatchMessage:100 
08-17 00:02:07.063 I/SurfaceControlRegistry( 2044): show, t=StartTransaction_SyncId<311> sc=Transition Root: ActivityRecord{8347167 u0 com.google.android.gms/.signin.activity.SignInActivity t271 f}}, caller=android.view.SurfaceControl$Transaction.show:3232 com.android.wm.shell.transition.Transitions.playTransition:81 com.android.wm.shell.transition.Transitions.processReadyQueue:250 com.android.wm.shell.transition.Transitions.dispatchReady:1007 com.android.wm.shell.transition.Transitions.onTransitionReady:244 com.android.wm.shell.transition.Transitions$TransitionPlayerImpl$$ExternalSyntheticLambda0.run:13 
08-17 00:02:07.064 V/WindowManagerShell( 2044): Transition doesn't have explicit remote, search filters for match for {id=311 t=CLOSE f=0x0 trk=0 r=[0@Point(0, 0)] c=[{null m=CLOSE f=TRANSLUCENT|FILLS_TASK|IS_ACTIVITY|EDGE_EXTENSION_RESTRICTION leash=Surface(name=ActivityRecord{8347167 u0 com.google.android.gms/.signin.activity.SignInActivity t271})/@0x90d6a6f sb=Rect(0, 0 - 1080, 2340) eb=Rect(0, 0 - 1080, 2340) d=0 bc=fffafafa component=com.google.android.gms/.signin.activity.SignInActivity inset=Rect(0, 0 - 0, 0) taskIdForActivity=271}]}
08-17 00:02:07.064 V/WindowManagerShell( 2044): start default transition animation, info = {id=311 t=CLOSE f=0x0 trk=0 r=[0@Point(0, 0)] c=[{null m=CLOSE f=TRANSLUCENT|FILLS_TASK|IS_ACTIVITY|EDGE_EXTENSION_RESTRICTION leash=Surface(name=ActivityRecord{8347167 u0 com.google.android.gms/.signin.activity.SignInActivity t271})/@0x90d6a6f sb=Rect(0, 0 - 1080, 2340) eb=Rect(0, 0 - 1080, 2340) d=0 bc=fffafafa component=com.google.android.gms/.signin.activity.SignInActivity inset=Rect(0, 0 - 0, 0) taskIdForActivity=271}]}
08-17 00:02:07.065 V/WindowManagerShell( 2044):    change={null m=CLOSE f=TRANSLUCENT|FILLS_TASK|IS_ACTIVITY|EDGE_EXTENSION_RESTRICTION leash=Surface(name=ActivityRecord{8347167 u0 com.google.android.gms/.signin.activity.SignInActivity t271})/@0x90d6a6f sb=Rect(0, 0 - 1080, 2340) eb=Rect(0, 0 - 1080, 2340) d=0 bc=fffafafa component=com.google.android.gms/.signin.activity.SignInActivity inset=Rect(0, 0 - 0, 0) taskIdForActivity=271}
08-17 00:02:07.070 D/InputDispatcher( 1501): Focus left window (0): dadefd6 com.google.android.gms/com.google.android.gms.signin.activity.SignInActivity
08-17 00:02:07.073 V/WindowManager( 1501): Setting visibility of Window{dadefd6 u0 com.google.android.gms/com.google.android.gms.signin.activity.SignInActivity}: false, caller=com.android.server.wm.WindowContainer.sendAppVisibilityToClients:19 com.android.server.wm.WindowToken.setClientVisible:49 com.android.server.wm.ActivityRecord.setClientVisible:8 com.android.server.wm.ActivityRecord.commitVisibility:273 com.android.server.wm.TransitionController.finishTransition:766 
08-17 00:02:07.077 D/InputDispatcher( 1501): Focused application(0): ActivityRecord{65af231 u0 com.google.android.gms/.auth.api.signin.ui.SignInActivity t271}
08-17 00:02:07.077 D/WindowManager( 1501): Changing focus from Window{fcafefe u0 com.google.android.gms/com.google.android.gms.common.api.GoogleApiActivity} to Window{8d0118f u0 com.google.android.gms/com.google.android.gms.auth.api.signin.ui.SignInActivity} displayId=0 Callers=com.android.server.wm.ActivityTaskManagerService.setLastResumedActivityUncheckLocked:264 com.android.server.wm.ActivityTaskSupervisor.updateTopResumedActivityIfNeeded:50 com.android.server.wm.TaskFragment.setResumedActivity:29 com.android.server.wm.ActivityRecord.setState:104 
08-17 00:02:07.080 I/SurfaceFlinger(  966): onHandleDestroyed: name=Transition Root: ActivityRecord{8347167 u0 com.google.android.gms/.signin.activity.SignInActivity t271 f}}#3241, layerId=3241, parentId=0
08-17 00:02:07.080 I/SurfaceFlinger(  966): id=3241 Removed Transition Root: ActivityRecord{8347167 u0 com.google.android.gms/.signin.activity.SignInActivity t271 f}}#3241 (204)
08-17 00:02:07.080 D/InsetsSourceProvider( 1501): updateControlForTarget: control=InsetsSourceControl: {5fa10001 mType=navigationBars initiallyVisible mSurfacePosition=Point(0, 2205) mInsetsHint=Insets{left=0, top=0, right=0, bottom=135}}, target=Window{8d0118f u0 com.google.android.gms/com.google.android.gms.auth.api.signin.ui.SignInActivity}, from=com.android.server.wm.InsetsStateController.onControlTargetChanged:81 com.android.server.wm.InsetsPolicy.updateBarControlTarget:176 com.android.server.wm.DisplayPolicy.updateSystemBarAttributes:281 com.android.server.wm.WindowManagerService.updateFocusedWindowLocked:375 com.android.server.wm.ActivityTaskManagerService.setLastResumedActivityUncheckLocked:264 
08-17 00:02:07.082 D/InsetsSourceProvider( 1501): updateControlForTarget: control=InsetsSourceControl: {566a0000 mType=statusBars initiallyVisible mSurfacePosition=Point(0, 0) mInsetsHint=Insets{left=0, top=80, right=0, bottom=0}}, target=Window{8d0118f u0 com.google.android.gms/com.google.android.gms.auth.api.signin.ui.SignInActivity}, from=com.android.server.wm.InsetsStateController.onControlTargetChanged:81 com.android.server.wm.InsetsPolicy.updateBarControlTarget:163 com.android.server.wm.DisplayPolicy.updateSystemBarAttributes:281 com.android.server.wm.WindowManagerService.updateFocusedWindowLocked:375 com.android.server.wm.ActivityTaskManagerService.setLastResumedActivityUncheckLocked:264 
08-17 00:02:07.083 V/SystemKeyManager( 1501): updateFocusedWindow() is called, com.google.android.gms/com.google.android.gms.auth.api.signin.ui.SignInActivity
